******************************************************************************
            TI ARM Clang Linker PC v4.0.4                      
******************************************************************************
>> Linked Sun Apr 26 16:41:51 2026

OUTPUT FILE NAME:   <car.out>
ENTRY POINT SYMBOL: "_c_int00_noargs"  address: 0000136d


MEMORY CONFIGURATION

         name            origin    length      used     unused   attr    fill
----------------------  --------  ---------  --------  --------  ----  --------
  FLASH                 00000000   00080000  00001548  0007eab8  R  X
  SRAM_BANK0            20200000   00010000  000003a4  0000fc5c  RW X
  SRAM_BANK1            20210000   00010000  00000000  00010000  RW X
  BCR_CONFIG            41c00000   000000ff  00000000  000000ff  R   
  BSL_CONFIG            41c00100   00000080  00000000  00000080  R   
  DATA                  41d00000   00004000  00000000  00004000  R   


SEGMENT ALLOCATION MAP

run origin  load origin   length   init length attrs members
----------  ----------- ---------- ----------- ----- -------
00000000    00000000    00001548   00001548    r-x
  00000000    00000000    000000c0   000000c0    r-- .intvecs
  000000c0    000000c0    00001400   00001400    r-x .text
  000014c0    000014c0    00000050   00000050    r-- .rodata
  00001510    00001510    00000038   00000038    r-- .cinit
20200000    20200000    000002a4   00000000    rw-
  20200000    20200000    00000258   00000000    rw- .bss
  20200258    20200258    0000004c   00000000    rw- .data
2020ff00    2020ff00    00000100   00000000    rw-
  2020ff00    2020ff00    00000100   00000000    rw- .stack


SECTION ALLOCATION MAP

 output                                  attributes/
section   page    origin      length       input sections
--------  ----  ----------  ----------   ----------------
.intvecs   0    00000000    000000c0     
                  00000000    000000c0     startup_mspm0g351x_ticlang.o (.intvecs)

.text      0    000000c0    00001400     
                  000000c0    000001c8     graysensor.o (.text.Graysensor_GetPosition)
                  00000288    0000010c     libclang_rt.builtins.a : divdf3.S.obj (.text.__divdf3)
                  00000394    00000104     driverlib.a : dl_timer.o (.text.DL_Timer_initFourCCPWMMode)
                  00000498    000000fc                 : dl_timer.o (.text.DL_Timer_initTimerMode)
                  00000594    000000e8     ti_msp_dl_config.o (.text.SYSCFG_DL_GPIO_init)
                  0000067c    000000e4     libclang_rt.builtins.a : muldf3.S.obj (.text.__muldf3)
                  00000760    000000dc     Track.o (.text.Track_go)
                  0000083c    000000d8     ti_msp_dl_config.o (.text.SYSCFG_DL_PWM_Motor_init)
                  00000914    000000d8     libclang_rt.builtins.a : addsf3.S.obj (.text)
                  000009ec    000000cc     ultrasound.o (.text.GROUP1_IRQHandler)
                  00000ab8    0000009a     libc.a : memcpy16.S.obj (.text:memcpy)
                  00000b52    00000002     startup_mspm0g351x_ticlang.o (.text.Default_Handler)
                  00000b54    0000008c     libclang_rt.builtins.a : mulsf3.S.obj (.text.__mulsf3)
                  00000be0    00000088     ti_msp_dl_config.o (.text.SYSCFG_DL_initPower)
                  00000c68    00000082     libclang_rt.builtins.a : divsf3.S.obj (.text.__divsf3)
                  00000cea    00000002     --HOLE-- [fill = 0]
                  00000cec    00000080     motor.o (.text.Motor_setSpeed)
                  00000d6c    0000007c     libc.a : copy_decompress_lzss.c.obj (.text:decompress:lzss)
                  00000de8    00000008     libclang_rt.builtins.a : aeabi_memcpy.S.obj (.text.__aeabi_memcpy)
                  00000df0    00000074                            : truncdfsf2.S.obj (.text.__truncdfsf2)
                  00000e64    00000070     ti_msp_dl_config.o (.text.SYSCFG_DL_UART_BT_init)
                  00000ed4    00000062     libclang_rt.builtins.a : aeabi_fcmp.S.obj (.text.__aeabi_fcmp)
                  00000f36    00000002     --HOLE-- [fill = 0]
                  00000f38    00000060     bt_uart.o (.text.UART0_IRQHandler)
                  00000f98    00000054     ti_msp_dl_config.o (.text.SYSCFG_DL_I2C_2_init)
                  00000fec    00000050     ti_msp_dl_config.o (.text.SYSCFG_DL_Timer_Track_init)
                  0000103c    0000004c     ti_msp_dl_config.o (.text.SYSCFG_DL_QEI_left_init)
                  00001088    0000004c     ti_msp_dl_config.o (.text.SYSCFG_DL_QEI_right_init)
                  000010d4    0000004c     ti_msp_dl_config.o (.text.SYSCFG_DL_init)
                  00001120    00000048     driverlib.a : dl_uart.o (.text.DL_UART_init)
                  00001168    00000044     ti_msp_dl_config.o (.text.SYSCFG_DL_SYSCTL_init)
                  000011ac    0000003c     libclang_rt.builtins.a : floatsisf.S.obj (.text.__floatsisf)
                  000011e8    0000003c                            : comparesf2.S.obj (.text.__gtsf2)
                  00001224    0000003c     libc.a : autoinit.c.obj (.text:__TI_auto_init_nobinit_nopinit)
                  00001260    0000003a     libclang_rt.builtins.a : comparesf2.S.obj (.text.__eqsf2)
                  0000129a    00000002     --HOLE-- [fill = 0]
                  0000129c    0000003a                            : muldsi3.S.obj (.text.__muldsi3)
                  000012d6    00000002     --HOLE-- [fill = 0]
                  000012d8    00000038                            : fixsfsi.S.obj (.text.__fixsfsi)
                  00001310    00000030     Track.o (.text.TIMA1_IRQHandler)
                  00001340    0000002c     ti_msp_dl_config.o (.text.SYSCFG_DL_Timer_Sound_init)
                  0000136c    00000028     libc.a : boot_cortex_m.c.obj (.text:_c_int00_noargs)
                  00001394    00000026     driverlib.a : dl_i2c.o (.text.DL_I2C_setClockConfig)
                  000013ba    00000002     --HOLE-- [fill = 0]
                  000013bc    00000024     libclang_rt.builtins.a : floatunsidf.S.obj (.text.__floatunsidf)
                  000013e0    0000001c     driverlib.a : dl_timer.o (.text.DL_Timer_setCaptCompUpdateMethod)
                  000013fc    0000001c                 : dl_timer.o (.text.DL_Timer_setClockConfig)
                  00001418    0000001c     ultrasound.o (.text.Ustrasound_sendtrig)
                  00001434    00000018     driverlib.a : dl_timer.o (.text.DL_Timer_setCaptureCompareOutCtl)
                  0000144c    00000016     libc.a : copy_zero_init.c.obj (.text:decompress:ZI:__TI_zero_init_nomemset)
                  00001462    00000012     driverlib.a : dl_uart.o (.text.DL_UART_setClockConfig)
                  00001474    00000012     libc.a : copy_decompress_none.c.obj (.text:decompress:none)
                  00001486    00000002     --HOLE-- [fill = 0]
                  00001488    00000010     driverlib.a : dl_timer.o (.text.DL_Timer_setCaptureCompareValue)
                  00001498    0000000a                 : dl_common.o (.text.DL_Common_delayCycles)
                  000014a2    0000000a     empty.o (.text.main)
                  000014ac    00000006     libc.a : exit.c.obj (.text:abort)
                  000014b2    00000004     libsysbm.a : hostexit.c.obj (.text.HOSTexit)
                  000014b6    00000004     startup_mspm0g351x_ticlang.o (.text.Reset_Handler)
                  000014ba    00000004     libc.a : pre_init.c.obj (.text._system_pre_init)
                  000014be    00000002     --HOLE-- [fill = 0]

.cinit     0    00001510    00000038     
                  00001510    00000013     (.cinit..data.load) [load image, compression = lzss]
                  00001523    00000001     --HOLE-- [fill = 0]
                  00001524    0000000c     (__TI_handler_table)
                  00001530    00000008     (.cinit..bss.load) [load image, compression = zero_init]
                  00001538    00000010     (__TI_cinit_table)

.rodata    0    000014c0    00000050     
                  000014c0    00000014     ti_msp_dl_config.o (.rodata.gTimer_SoundTimerConfig)
                  000014d4    00000014     ti_msp_dl_config.o (.rodata.gTimer_TrackTimerConfig)
                  000014e8    0000000a     ti_msp_dl_config.o (.rodata.gUART_BTConfig)
                  000014f2    00000002     ti_msp_dl_config.o (.rodata.gI2C_2ClockConfig)
                  000014f4    00000008     ti_msp_dl_config.o (.rodata.gPWM_MotorConfig)
                  000014fc    00000003     ti_msp_dl_config.o (.rodata.gPWM_MotorClockConfig)
                  000014ff    00000003     ti_msp_dl_config.o (.rodata.gQEI_leftClockConfig)
                  00001502    00000003     ti_msp_dl_config.o (.rodata.gQEI_rightClockConfig)
                  00001505    00000003     ti_msp_dl_config.o (.rodata.gTimer_SoundClockConfig)
                  00001508    00000003     ti_msp_dl_config.o (.rodata.gTimer_TrackClockConfig)
                  0000150b    00000002     ti_msp_dl_config.o (.rodata.gUART_BTClockConfig)
                  0000150d    00000003     --HOLE-- [fill = 0]

.init_array 
*          0    00000000    00000000     UNINITIALIZED

.binit     0    00000000    00000000     

.bss       0    20200000    00000258     UNINITIALIZED
                  20200000    000000bc     (.common:gPWM_MotorBackup)
                  202000bc    000000bc     (.common:gTimer_TrackBackup)
                  20200178    000000a0     (.common:gQEI_rightBackup)
                  20200218    00000040     (.common:bt_rx_buffer)

.data      0    20200258    0000004c     UNINITIALIZED
                  20200258    00000007     graysensor.o (.data.Track_currentdata)
                  2020025f    00000007     graysensor.o (.data.Track_lastdata)
                  20200266    00000001     bt_uart.o (.data.bt_rx_flag)
                  20200267    00000001     bt_uart.o (.data.bt_rx_index)
                  20200268    00000004     Track.o (.data.I1)
                  2020026c    00000004     Track.o (.data.KI1)
                  20200270    00000004     Track.o (.data.KP0)
                  20200274    00000004     Track.o (.data.KP1)
                  20200278    00000004     Track.o (.data.P0)
                  2020027c    00000004     Track.o (.data.P1)
                  20200280    00000004     Track.o (.data.Speedbase)
                  20200284    00000004     Track.o (.data.Speedvary)
                  20200288    00000004     Track.o (.data.count)
                  2020028c    00000004     ultrasound.o (.data.distance)
                  20200290    00000004     Track.o (.data.distance_error)
                  20200294    00000004     ultrasound.o (.data.echo_fall_time)
                  20200298    00000004     ultrasound.o (.data.echo_rise_time)
                  2020029c    00000004     ultrasound.o (.data.last_diatance)
                  202002a0    00000004     Track.o (.data.position)

.stack     0    2020ff00    00000100     UNINITIALIZED
                  2020ff00    00000004     libc.a : boot_cortex_m.c.obj (.stack)
                  2020ff04    000000fc     --HOLE--

__llvm_prf_cnts 
*          0    20200000    00000000     UNINITIALIZED

__llvm_prf_bits 
*          0    20200000    00000000     UNINITIALIZED

MODULE SUMMARY

       Module                         code   ro data   rw data
       ------                         ----   -------   -------
    .\
       ti_msp_dl_config.o             1200   77        536    
       startup_mspm0g351x_ticlang.o   6      192       0      
       empty.o                        10     0         0      
    +--+------------------------------+------+---------+---------+
       Total:                         1216   269       536    
                                                              
    .\my_drivers\Src\
       graysensor.o                   456    0         14     
       Track.o                        268    0         44     
       ultrasound.o                   232    0         16     
       bt_uart.o                      96     0         66     
       motor.o                        128    0         0      
    +--+------------------------------+------+---------+---------+
       Total:                         1180   0         140    
                                                              
    D:/ti/mspm0_sdk_2_06_00_05/source/ti/driverlib/lib/ticlang/m0p/mspm0gx51x/driverlib.a
       dl_timer.o                     608    0         0      
       dl_uart.o                      90     0         0      
       dl_i2c.o                       38     0         0      
       dl_common.o                    10     0         0      
    +--+------------------------------+------+---------+---------+
       Total:                         746    0         0      
                                                              
    D:\ti\ccs2020\ccs\tools\compiler\ti-cgt-armllvm_4.0.4.LTS\lib\armv6m-ti-none-eabi/c/libc.a
       memcpy16.S.obj                 154    0         0      
       copy_decompress_lzss.c.obj     124    0         0      
       autoinit.c.obj                 60     0         0      
       boot_cortex_m.c.obj            40     0         0      
       copy_zero_init.c.obj           22     0         0      
       copy_decompress_none.c.obj     18     0         0      
       exit.c.obj                     6      0         0      
       pre_init.c.obj                 4      0         0      
    +--+------------------------------+------+---------+---------+
       Total:                         428    0         0      
                                                              
    D:\ti\ccs2020\ccs\tools\compiler\ti-cgt-armllvm_4.0.4.LTS\lib\armv6m-ti-none-eabi/c/libsysbm.a
       hostexit.c.obj                 4      0         0      
    +--+------------------------------+------+---------+---------+
       Total:                         4      0         0      
                                                              
    D:\ti\ccs2020\ccs\tools\compiler\ti-cgt-armllvm_4.0.4.LTS\lib\armv6m-ti-none-eabi/libclang_rt.builtins.a
       divdf3.S.obj                   268    0         0      
       muldf3.S.obj                   228    0         0      
       addsf3.S.obj                   216    0         0      
       mulsf3.S.obj                   140    0         0      
       divsf3.S.obj                   130    0         0      
       comparesf2.S.obj               118    0         0      
       truncdfsf2.S.obj               116    0         0      
       aeabi_fcmp.S.obj               98     0         0      
       floatsisf.S.obj                60     0         0      
       muldsi3.S.obj                  58     0         0      
       fixsfsi.S.obj                  56     0         0      
       floatunsidf.S.obj              36     0         0      
       aeabi_memcpy.S.obj             8      0         0      
    +--+------------------------------+------+---------+---------+
       Total:                         1532   0         0      
                                                              
       Stack:                         0      0         256    
       Linker Generated:              0      55        0      
    +--+------------------------------+------+---------+---------+
       Grand Total:                   5106   324       932    


LINKER GENERATED COPY TABLES

__TI_cinit_table @ 00001538 records: 2, size/record: 8, table size: 16
	.data: load addr=00001510, load size=00000013 bytes, run addr=20200258, run size=0000004c bytes, compression=lzss
	.bss: load addr=00001530, load size=00000008 bytes, run addr=20200000, run size=00000258 bytes, compression=zero_init


LINKER GENERATED HANDLER TABLE

__TI_handler_table @ 00001524 records: 3, size/record: 4, table size: 12
	index: 0, handler: __TI_decompress_lzss
	index: 1, handler: __TI_decompress_none
	index: 2, handler: __TI_zero_init


GLOBAL SYMBOLS: SORTED ALPHABETICALLY BY Name 

address   name                            
-------   ----                            
00000b53  ADC0_IRQHandler                 
00000b53  ADC1_IRQHandler                 
00000b53  AESADV_IRQHandler               
000014b2  C$$EXIT                         
00000b53  CANFD0_IRQHandler               
00000b53  CANFD1_IRQHandler               
00000b53  DAC0_IRQHandler                 
00001499  DL_Common_delayCycles           
00001395  DL_I2C_setClockConfig           
00000395  DL_Timer_initFourCCPWMMode      
00000499  DL_Timer_initTimerMode          
000013e1  DL_Timer_setCaptCompUpdateMethod
00001435  DL_Timer_setCaptureCompareOutCtl
00001489  DL_Timer_setCaptureCompareValue 
000013fd  DL_Timer_setClockConfig         
00001121  DL_UART_init                    
00001463  DL_UART_setClockConfig          
00000b53  DMA_IRQHandler                  
00000b53  Default_Handler                 
00000b53  GROUP0_IRQHandler               
000009ed  GROUP1_IRQHandler               
000000c1  Graysensor_GetPosition          
000014b3  HOSTexit                        
00000b53  HardFault_Handler               
20200268  I1                              
00000b53  I2C0_IRQHandler                 
00000b53  I2C1_IRQHandler                 
00000b53  I2C2_IRQHandler                 
2020026c  KI1                             
20200270  KP0                             
20200274  KP1                             
00000b53  LFSS_IRQHandler                 
00000ced  Motor_setSpeed                  
00000b53  NMI_Handler                     
20200278  P0                              
2020027c  P1                              
00000b53  PendSV_Handler                  
000014b7  Reset_Handler                   
00000b53  SPI0_IRQHandler                 
00000b53  SPI1_IRQHandler                 
00000b53  SPI2_IRQHandler                 
00000b53  SVC_Handler                     
00000595  SYSCFG_DL_GPIO_init             
00000f99  SYSCFG_DL_I2C_2_init            
0000083d  SYSCFG_DL_PWM_Motor_init        
0000103d  SYSCFG_DL_QEI_left_init         
00001089  SYSCFG_DL_QEI_right_init        
00001169  SYSCFG_DL_SYSCTL_init           
00001341  SYSCFG_DL_Timer_Sound_init      
00000fed  SYSCFG_DL_Timer_Track_init      
00000e65  SYSCFG_DL_UART_BT_init          
000010d5  SYSCFG_DL_init                  
00000be1  SYSCFG_DL_initPower             
20200280  Speedbase                       
20200284  Speedvary                       
00000b53  SysTick_Handler                 
00000b53  TIMA0_IRQHandler                
00001311  TIMA1_IRQHandler                
00000b53  TIMG0_IRQHandler                
00000b53  TIMG12_IRQHandler               
00000b53  TIMG14_IRQHandler               
00000b53  TIMG6_IRQHandler                
00000b53  TIMG7_IRQHandler                
00000b53  TIMG8_IRQHandler                
00000b53  TIMG9_IRQHandler                
20200258  Track_currentdata               
00000761  Track_go                        
2020025f  Track_lastdata                  
00000f39  UART0_IRQHandler                
00000b53  UART1_IRQHandler                
00000b53  UART3_IRQHandler                
00000b53  UART4_IRQHandler                
00000b53  UART5_IRQHandler                
00000b53  UART6_IRQHandler                
00000b53  UART7_IRQHandler                
00001419  Ustrasound_sendtrig             
20210000  __STACK_END                     
00000100  __STACK_SIZE                    
00000000  __TI_ATRegion0_region_sz        
00000000  __TI_ATRegion0_src_addr         
00000000  __TI_ATRegion0_trg_addr         
00000000  __TI_ATRegion1_region_sz        
00000000  __TI_ATRegion1_src_addr         
00000000  __TI_ATRegion1_trg_addr         
00000000  __TI_ATRegion2_region_sz        
00000000  __TI_ATRegion2_src_addr         
00000000  __TI_ATRegion2_trg_addr         
00001538  __TI_CINIT_Base                 
00001548  __TI_CINIT_Limit                
00001548  __TI_CINIT_Warm                 
00001524  __TI_Handler_Table_Base         
00001530  __TI_Handler_Table_Limit        
00001225  __TI_auto_init_nobinit_nopinit  
00000d6d  __TI_decompress_lzss            
00001475  __TI_decompress_none            
ffffffff  __TI_pprof_out_hndl             
ffffffff  __TI_prof_data_size             
ffffffff  __TI_prof_data_start            
00000000  __TI_static_base__              
0000144d  __TI_zero_init_nomemset         
0000091f  __addsf3                        
00000df1  __aeabi_d2f                     
00000289  __aeabi_ddiv                    
0000067d  __aeabi_dmul                    
000012d9  __aeabi_f2iz                    
0000091f  __aeabi_fadd                    
00000ed5  __aeabi_fcmpeq                  
00000f11  __aeabi_fcmpge                  
00000f25  __aeabi_fcmpgt                  
00000efd  __aeabi_fcmple                  
00000ee9  __aeabi_fcmplt                  
00000c69  __aeabi_fdiv                    
00000b55  __aeabi_fmul                    
00000915  __aeabi_fsub                    
000011ad  __aeabi_i2f                     
00000de9  __aeabi_memcpy                  
00000de9  __aeabi_memcpy4                 
00000de9  __aeabi_memcpy8                 
000013bd  __aeabi_ui2d                    
ffffffff  __binit__                       
00001261  __cmpsf2                        
00000289  __divdf3                        
00000c69  __divsf3                        
00001261  __eqsf2                         
000012d9  __fixsfsi                       
000011ad  __floatsisf                     
000013bd  __floatunsidf                   
000011e9  __gesf2                         
000011e9  __gtsf2                         
00001261  __lesf2                         
00001261  __ltsf2                         
UNDEFED   __mpu_init                      
0000067d  __muldf3                        
0000129d  __muldsi3                       
00000b55  __mulsf3                        
00001261  __nesf2                         
2020ff00  __stack                         
20200000  __start___llvm_prf_bits         
20200000  __start___llvm_prf_cnts         
20200000  __stop___llvm_prf_bits          
20200000  __stop___llvm_prf_cnts          
00000915  __subsf3                        
00000df1  __truncdfsf2                    
0000136d  _c_int00_noargs                 
UNDEFED   _system_post_cinit              
000014bb  _system_pre_init                
000014ad  abort                           
ffffffff  binit                           
20200218  bt_rx_buffer                    
20200266  bt_rx_flag                      
20200267  bt_rx_index                     
20200288  count                           
2020028c  distance                        
20200290  distance_error                  
20200294  echo_fall_time                  
20200298  echo_rise_time                  
20200000  gPWM_MotorBackup                
20200178  gQEI_rightBackup                
202000bc  gTimer_TrackBackup              
00000000  interruptVectors                
2020029c  last_diatance                   
000014a3  main                            
00000ab9  memcpy                          
202002a0  position                        


GLOBAL SYMBOLS: SORTED BY Symbol Address 

address   name                            
-------   ----                            
00000000  __TI_ATRegion0_region_sz        
00000000  __TI_ATRegion0_src_addr         
00000000  __TI_ATRegion0_trg_addr         
00000000  __TI_ATRegion1_region_sz        
00000000  __TI_ATRegion1_src_addr         
00000000  __TI_ATRegion1_trg_addr         
00000000  __TI_ATRegion2_region_sz        
00000000  __TI_ATRegion2_src_addr         
00000000  __TI_ATRegion2_trg_addr         
00000000  __TI_static_base__              
00000000  interruptVectors                
000000c1  Graysensor_GetPosition          
00000100  __STACK_SIZE                    
00000289  __aeabi_ddiv                    
00000289  __divdf3                        
00000395  DL_Timer_initFourCCPWMMode      
00000499  DL_Timer_initTimerMode          
00000595  SYSCFG_DL_GPIO_init             
0000067d  __aeabi_dmul                    
0000067d  __muldf3                        
00000761  Track_go                        
0000083d  SYSCFG_DL_PWM_Motor_init        
00000915  __aeabi_fsub                    
00000915  __subsf3                        
0000091f  __addsf3                        
0000091f  __aeabi_fadd                    
000009ed  GROUP1_IRQHandler               
00000ab9  memcpy                          
00000b53  ADC0_IRQHandler                 
00000b53  ADC1_IRQHandler                 
00000b53  AESADV_IRQHandler               
00000b53  CANFD0_IRQHandler               
00000b53  CANFD1_IRQHandler               
00000b53  DAC0_IRQHandler                 
00000b53  DMA_IRQHandler                  
00000b53  Default_Handler                 
00000b53  GROUP0_IRQHandler               
00000b53  HardFault_Handler               
00000b53  I2C0_IRQHandler                 
00000b53  I2C1_IRQHandler                 
00000b53  I2C2_IRQHandler                 
00000b53  LFSS_IRQHandler                 
00000b53  NMI_Handler                     
00000b53  PendSV_Handler                  
00000b53  SPI0_IRQHandler                 
00000b53  SPI1_IRQHandler                 
00000b53  SPI2_IRQHandler                 
00000b53  SVC_Handler                     
00000b53  SysTick_Handler                 
00000b53  TIMA0_IRQHandler                
00000b53  TIMG0_IRQHandler                
00000b53  TIMG12_IRQHandler               
00000b53  TIMG14_IRQHandler               
00000b53  TIMG6_IRQHandler                
00000b53  TIMG7_IRQHandler                
00000b53  TIMG8_IRQHandler                
00000b53  TIMG9_IRQHandler                
00000b53  UART1_IRQHandler                
00000b53  UART3_IRQHandler                
00000b53  UART4_IRQHandler                
00000b53  UART5_IRQHandler                
00000b53  UART6_IRQHandler                
00000b53  UART7_IRQHandler                
00000b55  __aeabi_fmul                    
00000b55  __mulsf3                        
00000be1  SYSCFG_DL_initPower             
00000c69  __aeabi_fdiv                    
00000c69  __divsf3                        
00000ced  Motor_setSpeed                  
00000d6d  __TI_decompress_lzss            
00000de9  __aeabi_memcpy                  
00000de9  __aeabi_memcpy4                 
00000de9  __aeabi_memcpy8                 
00000df1  __aeabi_d2f                     
00000df1  __truncdfsf2                    
00000e65  SYSCFG_DL_UART_BT_init          
00000ed5  __aeabi_fcmpeq                  
00000ee9  __aeabi_fcmplt                  
00000efd  __aeabi_fcmple                  
00000f11  __aeabi_fcmpge                  
00000f25  __aeabi_fcmpgt                  
00000f39  UART0_IRQHandler                
00000f99  SYSCFG_DL_I2C_2_init            
00000fed  SYSCFG_DL_Timer_Track_init      
0000103d  SYSCFG_DL_QEI_left_init         
00001089  SYSCFG_DL_QEI_right_init        
000010d5  SYSCFG_DL_init                  
00001121  DL_UART_init                    
00001169  SYSCFG_DL_SYSCTL_init           
000011ad  __aeabi_i2f                     
000011ad  __floatsisf                     
000011e9  __gesf2                         
000011e9  __gtsf2                         
00001225  __TI_auto_init_nobinit_nopinit  
00001261  __cmpsf2                        
00001261  __eqsf2                         
00001261  __lesf2                         
00001261  __ltsf2                         
00001261  __nesf2                         
0000129d  __muldsi3                       
000012d9  __aeabi_f2iz                    
000012d9  __fixsfsi                       
00001311  TIMA1_IRQHandler                
00001341  SYSCFG_DL_Timer_Sound_init      
0000136d  _c_int00_noargs                 
00001395  DL_I2C_setClockConfig           
000013bd  __aeabi_ui2d                    
000013bd  __floatunsidf                   
000013e1  DL_Timer_setCaptCompUpdateMethod
000013fd  DL_Timer_setClockConfig         
00001419  Ustrasound_sendtrig             
00001435  DL_Timer_setCaptureCompareOutCtl
0000144d  __TI_zero_init_nomemset         
00001463  DL_UART_setClockConfig          
00001475  __TI_decompress_none            
00001489  DL_Timer_setCaptureCompareValue 
00001499  DL_Common_delayCycles           
000014a3  main                            
000014ad  abort                           
000014b2  C$$EXIT                         
000014b3  HOSTexit                        
000014b7  Reset_Handler                   
000014bb  _system_pre_init                
00001524  __TI_Handler_Table_Base         
00001530  __TI_Handler_Table_Limit        
00001538  __TI_CINIT_Base                 
00001548  __TI_CINIT_Limit                
00001548  __TI_CINIT_Warm                 
20200000  __start___llvm_prf_bits         
20200000  __start___llvm_prf_cnts         
20200000  __stop___llvm_prf_bits          
20200000  __stop___llvm_prf_cnts          
20200000  gPWM_MotorBackup                
202000bc  gTimer_TrackBackup              
20200178  gQEI_rightBackup                
20200218  bt_rx_buffer                    
20200258  Track_currentdata               
2020025f  Track_lastdata                  
20200266  bt_rx_flag                      
20200267  bt_rx_index                     
20200268  I1                              
2020026c  KI1                             
20200270  KP0                             
20200274  KP1                             
20200278  P0                              
2020027c  P1                              
20200280  Speedbase                       
20200284  Speedvary                       
20200288  count                           
2020028c  distance                        
20200290  distance_error                  
20200294  echo_fall_time                  
20200298  echo_rise_time                  
2020029c  last_diatance                   
202002a0  position                        
2020ff00  __stack                         
20210000  __STACK_END                     
ffffffff  __TI_pprof_out_hndl             
ffffffff  __TI_prof_data_size             
ffffffff  __TI_prof_data_start            
ffffffff  __binit__                       
ffffffff  binit                           
UNDEFED   __mpu_init                      
UNDEFED   _system_post_cinit              

[164 symbols]
