******************************************************************************
            TI ARM Clang Linker PC v4.0.4                      
******************************************************************************
>> Linked Sat Apr 25 21:51:48 2026

OUTPUT FILE NAME:   <car.out>
ENTRY POINT SYMBOL: "_c_int00_noargs"  address: 000017c5


MEMORY CONFIGURATION

         name            origin    length      used     unused   attr    fill
----------------------  --------  ---------  --------  --------  ----  --------
  FLASH                 00000000   00080000  00001b10  0007e4f0  R  X
  SRAM_BANK0            20200000   00010000  00000705  0000f8fb  RW X
  SRAM_BANK1            20210000   00010000  00000000  00010000  RW X
  BCR_CONFIG            41c00000   000000ff  00000000  000000ff  R   
  BSL_CONFIG            41c00100   00000080  00000000  00000080  R   
  DATA                  41d00000   00004000  00000000  00004000  R   


SEGMENT ALLOCATION MAP

run origin  load origin   length   init length attrs members
----------  ----------- ---------- ----------- ----- -------
00000000    00000000    00001b10   00001b10    r-x
  00000000    00000000    000000c0   000000c0    r-- .intvecs
  000000c0    000000c0    000018d0   000018d0    r-x .text
  00001990    00001990    000000b0   000000b0    r-- .rodata
  00001a40    00001a40    000000d0   000000d0    r-- .cinit
20200000    20200000    00000608   00000000    rw-
  20200000    20200000    0000036d   00000000    rw- .data
  20200370    20200370    00000298   00000000    rw- .bss
2020ff00    2020ff00    00000100   00000000    rw-
  2020ff00    2020ff00    00000100   00000000    rw- .stack


SECTION ALLOCATION MAP

 output                                  attributes/
section   page    origin      length       input sections
--------  ----  ----------  ----------   ----------------
.intvecs   0    00000000    000000c0     
                  00000000    000000c0     startup_mspm0g351x_ticlang.o (.intvecs)

.text      0    000000c0    000018d0     
                  000000c0    00000284     libc.a : _printfi.c.obj (.text:__TI_printfi_minimal)
                  00000344    000001c8     graysensor.o (.text.Graysensor_GetPosition)
                  0000050c    0000010c     libclang_rt.builtins.a : divdf3.S.obj (.text.__divdf3)
                  00000618    00000104     driverlib.a : dl_timer.o (.text.DL_Timer_initFourCCPWMMode)
                  0000071c    000000fc                 : dl_timer.o (.text.DL_Timer_initTimerMode)
                  00000818    000000ec     Track.o (.text.Track_go)
                  00000904    000000e8     ti_msp_dl_config.o (.text.SYSCFG_DL_GPIO_init)
                  000009ec    000000e4     libclang_rt.builtins.a : muldf3.S.obj (.text.__muldf3)
                  00000ad0    000000d8     ti_msp_dl_config.o (.text.SYSCFG_DL_PWM_Motor_init)
                  00000ba8    000000d8     libclang_rt.builtins.a : addsf3.S.obj (.text)
                  00000c80    000000bc     empty.o (.text.main)
                  00000d3c    0000009a     libc.a : memcpy16.S.obj (.text:memcpy)
                  00000dd6    00000002     startup_mspm0g351x_ticlang.o (.text.Default_Handler)
                  00000dd8    00000094     ultrasound.o (.text.GROUP1_IRQHandler)
                  00000e6c    0000008c     libclang_rt.builtins.a : mulsf3.S.obj (.text.__mulsf3)
                  00000ef8    00000088     ti_msp_dl_config.o (.text.SYSCFG_DL_initPower)
                  00000f80    00000082     libclang_rt.builtins.a : divsf3.S.obj (.text.__divsf3)
                  00001002    00000002                            : aeabi_div0.c.obj (.text.__aeabi_idiv0)
                  00001004    00000080     motor.o (.text.Motor_setSpeed)
                  00001084    0000007c     libc.a : copy_decompress_lzss.c.obj (.text:decompress:lzss)
                  00001100    00000074     libclang_rt.builtins.a : truncdfsf2.S.obj (.text.__truncdfsf2)
                  00001174    00000070     ti_msp_dl_config.o (.text.SYSCFG_DL_UART_BT_init)
                  000011e4    00000062     libclang_rt.builtins.a : aeabi_fcmp.S.obj (.text.__aeabi_fcmp)
                  00001246    00000062     libc.a : memset16.S.obj (.text:memset)
                  000012a8    00000060     bt_uart.o (.text.UART0_IRQHandler)
                  00001308    00000054     ti_msp_dl_config.o (.text.SYSCFG_DL_I2C_2_init)
                  0000135c    00000050     ti_msp_dl_config.o (.text.SYSCFG_DL_Timer_Track_init)
                  000013ac    0000004c     ti_msp_dl_config.o (.text.SYSCFG_DL_QEI_left_init)
                  000013f8    0000004c     ti_msp_dl_config.o (.text.SYSCFG_DL_QEI_right_init)
                  00001444    0000004c     ti_msp_dl_config.o (.text.SYSCFG_DL_init)
                  00001490    00000048     driverlib.a : dl_uart.o (.text.DL_UART_init)
                  000014d8    00000044     ti_msp_dl_config.o (.text.SYSCFG_DL_SYSCTL_init)
                  0000151c    00000040     bt_uart.o (.text.BT_SendString)
                  0000155c    00000040     libclang_rt.builtins.a : aeabi_uidivmod.S.obj (.text.__aeabi_uidivmod)
                  0000159c    0000003c                            : floatsisf.S.obj (.text.__floatsisf)
                  000015d8    0000003c                            : comparesf2.S.obj (.text.__gtsf2)
                  00001614    0000003c     libc.a : autoinit.c.obj (.text:__TI_auto_init_nobinit_nopinit)
                  00001650    0000003a     libclang_rt.builtins.a : comparesf2.S.obj (.text.__eqsf2)
                  0000168a    00000002     --HOLE-- [fill = 0]
                  0000168c    0000003a                            : muldsi3.S.obj (.text.__muldsi3)
                  000016c6    00000002     --HOLE-- [fill = 0]
                  000016c8    00000038                            : fixsfsi.S.obj (.text.__fixsfsi)
                  00001700    00000038     libc.a : sprintf.c.obj (.text.sprintf)
                  00001738    00000030     driverlib.a : dl_uart.o (.text.DL_UART_transmitDataBlocking)
                  00001768    00000030     Track.o (.text.TIMA1_IRQHandler)
                  00001798    0000002c     ti_msp_dl_config.o (.text.SYSCFG_DL_Timer_Sound_init)
                  000017c4    00000028     libc.a : boot_cortex_m.c.obj (.text:_c_int00_noargs)
                  000017ec    00000026     driverlib.a : dl_i2c.o (.text.DL_I2C_setClockConfig)
                  00001812    00000002     --HOLE-- [fill = 0]
                  00001814    00000024     libclang_rt.builtins.a : floatunsidf.S.obj (.text.__floatunsidf)
                  00001838    00000022     libc.a : memccpy.c.obj (.text.memccpy)
                  0000185a    00000002     --HOLE-- [fill = 0]
                  0000185c    0000001c     driverlib.a : dl_timer.o (.text.DL_Timer_setCaptCompUpdateMethod)
                  00001878    0000001c                 : dl_timer.o (.text.DL_Timer_setClockConfig)
                  00001894    0000001c     ultrasound.o (.text.Ustrasound_sendtrig)
                  000018b0    00000018     driverlib.a : dl_timer.o (.text.DL_Timer_setCaptureCompareOutCtl)
                  000018c8    00000018     libc.a : sprintf.c.obj (.text._outs)
                  000018e0    00000016            : copy_zero_init.c.obj (.text:decompress:ZI:__TI_zero_init_nomemset)
                  000018f6    00000012     driverlib.a : dl_uart.o (.text.DL_UART_setClockConfig)
                  00001908    00000012     libc.a : copy_decompress_none.c.obj (.text:decompress:none)
                  0000191a    00000002     --HOLE-- [fill = 0]
                  0000191c    00000010     driverlib.a : dl_timer.o (.text.DL_Timer_setCaptureCompareValue)
                  0000192c    0000000e     libclang_rt.builtins.a : aeabi_memset.S.obj (.text.__aeabi_memset)
                  0000193a    0000000e     Delay.o (.text.delay_ms)
                  00001948    0000000e     libc.a : _printfi.c.obj (.text.strlen)
                  00001956    0000000a     driverlib.a : dl_common.o (.text.DL_Common_delayCycles)
                  00001960    0000000a     libc.a : sprintf.c.obj (.text._outc)
                  0000196a    00000002     --HOLE-- [fill = 0]
                  0000196c    00000008     libclang_rt.builtins.a : aeabi_memcpy.S.obj (.text.__aeabi_memcpy)
                  00001974    00000006     libc.a : exit.c.obj (.text:abort)
                  0000197a    00000004     libsysbm.a : hostexit.c.obj (.text.HOSTexit)
                  0000197e    00000004     startup_mspm0g351x_ticlang.o (.text.Reset_Handler)
                  00001982    00000004     libc.a : pre_init.c.obj (.text._system_pre_init)
                  00001986    0000000a     --HOLE-- [fill = 0]

.cinit     0    00001a40    000000d0     
                  00001a40    000000a7     (.cinit..data.load) [load image, compression = lzss]
                  00001ae7    00000001     --HOLE-- [fill = 0]
                  00001ae8    0000000c     (__TI_handler_table)
                  00001af4    00000008     (.cinit..bss.load) [load image, compression = zero_init]
                  00001afc    00000010     (__TI_cinit_table)
                  00001b0c    00000004     --HOLE-- [fill = 0]

.rodata    0    00001990    000000b0     
                  00001990    00000023     empty.o (.rodata.str1.9517790425240694019.1)
                  000019b3    00000001     --HOLE-- [fill = 0]
                  000019b4    00000014     ti_msp_dl_config.o (.rodata.gTimer_SoundTimerConfig)
                  000019c8    00000014     ti_msp_dl_config.o (.rodata.gTimer_TrackTimerConfig)
                  000019dc    00000011     libc.a : _printfi.c.obj (.rodata.str1.15363888844622738466.1)
                  000019ed    0000000d     empty.o (.rodata.str1.11898133897667081452.1)
                  000019fa    0000000d     empty.o (.rodata.str1.17669528882079347314.1)
                  00001a07    0000000b     empty.o (.rodata.str1.254342170260855183.1)
                  00001a12    0000000a     ti_msp_dl_config.o (.rodata.gUART_BTConfig)
                  00001a1c    00000008     ti_msp_dl_config.o (.rodata.gPWM_MotorConfig)
                  00001a24    00000003     ti_msp_dl_config.o (.rodata.gPWM_MotorClockConfig)
                  00001a27    00000003     ti_msp_dl_config.o (.rodata.gQEI_leftClockConfig)
                  00001a2a    00000003     ti_msp_dl_config.o (.rodata.gQEI_rightClockConfig)
                  00001a2d    00000003     ti_msp_dl_config.o (.rodata.gTimer_SoundClockConfig)
                  00001a30    00000003     ti_msp_dl_config.o (.rodata.gTimer_TrackClockConfig)
                  00001a33    00000003     empty.o (.rodata.str1.14685083708502177989.1)
                  00001a36    00000002     ti_msp_dl_config.o (.rodata.gI2C_2ClockConfig)
                  00001a38    00000002     ti_msp_dl_config.o (.rodata.gUART_BTClockConfig)
                  00001a3a    00000006     --HOLE-- [fill = 0]

.init_array 
*          0    00000000    00000000     UNINITIALIZED

.binit     0    00000000    00000000     

.data      0    20200000    0000036d     UNINITIALIZED
                  20200000    00000190     empty.o (.data.actual_data)
                  20200190    00000190     empty.o (.data.target_data)
                  20200320    00000007     graysensor.o (.data.Track_currentdata)
                  20200327    00000007     graysensor.o (.data.Track_lastdata)
                  2020032e    00000001     bt_uart.o (.data.bt_rx_flag)
                  2020032f    00000001     bt_uart.o (.data.bt_rx_index)
                  20200330    00000004     Track.o (.data.I0)
                  20200334    00000004     Track.o (.data.I1)
                  20200338    00000004     Track.o (.data.KI0)
                  2020033c    00000004     Track.o (.data.KI1)
                  20200340    00000004     Track.o (.data.KP0)
                  20200344    00000004     Track.o (.data.KP1)
                  20200348    00000004     Track.o (.data.P0)
                  2020034c    00000004     Track.o (.data.P1)
                  20200350    00000004     Track.o (.data.Speedbase)
                  20200354    00000004     Track.o (.data.Speedvary)
                  20200358    00000004     Track.o (.data.count)
                  2020035c    00000004     ultrasound.o (.data.distance)
                  20200360    00000004     ultrasound.o (.data.echo_fall_time)
                  20200364    00000004     ultrasound.o (.data.echo_rise_time)
                  20200368    00000004     Track.o (.data.position)
                  2020036c    00000001     empty.o (.data.count_data)

.bss       0    20200370    00000298     UNINITIALIZED
                  20200370    000000bc     (.common:gPWM_MotorBackup)
                  2020042c    000000bc     (.common:gTimer_TrackBackup)
                  202004e8    000000a0     (.common:gQEI_rightBackup)
                  20200588    00000040     (.common:bt_rx_buffer)
                  202005c8    00000020     (.common:send_buf1)
                  202005e8    00000020     (.common:send_buf2)

.stack     0    2020ff00    00000100     UNINITIALIZED
                  2020ff00    00000004     libc.a : boot_cortex_m.c.obj (.stack)
                  2020ff04    000000fc     --HOLE--

__llvm_prf_cnts 
*          0    20200000    00000000     UNINITIALIZED

__llvm_prf_bits 
*          0    20200000    00000000     UNINITIALIZED

MODULE SUMMARY

       Module                         code   ro data   rw data
       ------                         ----   -------   -------
    .\
       ti_msp_dl_config.o             1200   77        536    
       empty.o                        188    75        865    
       startup_mspm0g351x_ticlang.o   6      192       0      
    +--+------------------------------+------+---------+---------+
       Total:                         1394   344       1401   
                                                              
    .\my_drivers\Src\
       graysensor.o                   456    0         14     
       Track.o                        284    0         48     
       bt_uart.o                      160    0         66     
       ultrasound.o                   176    0         12     
       motor.o                        128    0         0      
       Delay.o                        14     0         0      
    +--+------------------------------+------+---------+---------+
       Total:                         1218   0         140    
                                                              
    D:/ti/mspm0_sdk_2_06_00_05/source/ti/driverlib/lib/ticlang/m0p/mspm0gx51x/driverlib.a
       dl_timer.o                     608    0         0      
       dl_uart.o                      138    0         0      
       dl_i2c.o                       38     0         0      
       dl_common.o                    10     0         0      
    +--+------------------------------+------+---------+---------+
       Total:                         794    0         0      
                                                              
    D:\ti\ccs2020\ccs\tools\compiler\ti-cgt-armllvm_4.0.4.LTS\lib\armv6m-ti-none-eabi/c/libc.a
       _printfi.c.obj                 658    17        0      
       memcpy16.S.obj                 154    0         0      
       copy_decompress_lzss.c.obj     124    0         0      
       memset16.S.obj                 98     0         0      
       sprintf.c.obj                  90     0         0      
       autoinit.c.obj                 60     0         0      
       boot_cortex_m.c.obj            40     0         0      
       memccpy.c.obj                  34     0         0      
       copy_zero_init.c.obj           22     0         0      
       copy_decompress_none.c.obj     18     0         0      
       exit.c.obj                     6      0         0      
       pre_init.c.obj                 4      0         0      
    +--+------------------------------+------+---------+---------+
       Total:                         1308   17        0      
                                                              
    D:\ti\ccs2020\ccs\tools\compiler\ti-cgt-armllvm_4.0.4.LTS\lib\armv6m-ti-none-eabi/c/libsysbm.a
       hostexit.c.obj                 4      0         0      
    +--+------------------------------+------+---------+---------+
       Total:                         4      0         0      
                                                              
    D:\ti\ccs2020\ccs\tools\compiler\ti-cgt-armllvm_4.0.4.LTS\lib\armv6m-ti-none-eabi/libclang_rt.builtins.a
       divdf3.S.obj                   268    0         0      
       muldf3.S.obj                   228    0         0      
       addsf3.S.obj                   216    0         0      
       mulsf3.S.obj                   140    0         0      
       divsf3.S.obj                   130    0         0      
       comparesf2.S.obj               118    0         0      
       truncdfsf2.S.obj               116    0         0      
       aeabi_fcmp.S.obj               98     0         0      
       aeabi_uidivmod.S.obj           64     0         0      
       floatsisf.S.obj                60     0         0      
       muldsi3.S.obj                  58     0         0      
       fixsfsi.S.obj                  56     0         0      
       floatunsidf.S.obj              36     0         0      
       aeabi_memset.S.obj             14     0         0      
       aeabi_memcpy.S.obj             8      0         0      
       aeabi_div0.c.obj               2      0         0      
    +--+------------------------------+------+---------+---------+
       Total:                         1612   0         0      
                                                              
       Stack:                         0      0         256    
       Linker Generated:              0      203       0      
    +--+------------------------------+------+---------+---------+
       Grand Total:                   6330   564       1797   


LINKER GENERATED COPY TABLES

__TI_cinit_table @ 00001afc records: 2, size/record: 8, table size: 16
	.data: load addr=00001a40, load size=000000a7 bytes, run addr=20200000, run size=0000036d bytes, compression=lzss
	.bss: load addr=00001af4, load size=00000008 bytes, run addr=20200370, run size=00000298 bytes, compression=zero_init


LINKER GENERATED HANDLER TABLE

__TI_handler_table @ 00001ae8 records: 3, size/record: 4, table size: 12
	index: 0, handler: __TI_decompress_lzss
	index: 1, handler: __TI_decompress_none
	index: 2, handler: __TI_zero_init


GLOBAL SYMBOLS: SORTED ALPHABETICALLY BY Name 

address   name                            
-------   ----                            
00000dd7  ADC0_IRQHandler                 
00000dd7  ADC1_IRQHandler                 
00000dd7  AESADV_IRQHandler               
0000151d  BT_SendString                   
0000197a  C$$EXIT                         
00000dd7  CANFD0_IRQHandler               
00000dd7  CANFD1_IRQHandler               
00000dd7  DAC0_IRQHandler                 
00001957  DL_Common_delayCycles           
000017ed  DL_I2C_setClockConfig           
00000619  DL_Timer_initFourCCPWMMode      
0000071d  DL_Timer_initTimerMode          
0000185d  DL_Timer_setCaptCompUpdateMethod
000018b1  DL_Timer_setCaptureCompareOutCtl
0000191d  DL_Timer_setCaptureCompareValue 
00001879  DL_Timer_setClockConfig         
00001491  DL_UART_init                    
000018f7  DL_UART_setClockConfig          
00001739  DL_UART_transmitDataBlocking    
00000dd7  DMA_IRQHandler                  
00000dd7  Default_Handler                 
00000dd7  GROUP0_IRQHandler               
00000dd9  GROUP1_IRQHandler               
00000345  Graysensor_GetPosition          
0000197b  HOSTexit                        
00000dd7  HardFault_Handler               
20200330  I0                              
20200334  I1                              
00000dd7  I2C0_IRQHandler                 
00000dd7  I2C1_IRQHandler                 
00000dd7  I2C2_IRQHandler                 
20200338  KI0                             
2020033c  KI1                             
20200340  KP0                             
20200344  KP1                             
00000dd7  LFSS_IRQHandler                 
00001005  Motor_setSpeed                  
00000dd7  NMI_Handler                     
20200348  P0                              
2020034c  P1                              
00000dd7  PendSV_Handler                  
0000197f  Reset_Handler                   
00000dd7  SPI0_IRQHandler                 
00000dd7  SPI1_IRQHandler                 
00000dd7  SPI2_IRQHandler                 
00000dd7  SVC_Handler                     
00000905  SYSCFG_DL_GPIO_init             
00001309  SYSCFG_DL_I2C_2_init            
00000ad1  SYSCFG_DL_PWM_Motor_init        
000013ad  SYSCFG_DL_QEI_left_init         
000013f9  SYSCFG_DL_QEI_right_init        
000014d9  SYSCFG_DL_SYSCTL_init           
00001799  SYSCFG_DL_Timer_Sound_init      
0000135d  SYSCFG_DL_Timer_Track_init      
00001175  SYSCFG_DL_UART_BT_init          
00001445  SYSCFG_DL_init                  
00000ef9  SYSCFG_DL_initPower             
20200350  Speedbase                       
20200354  Speedvary                       
00000dd7  SysTick_Handler                 
00000dd7  TIMA0_IRQHandler                
00001769  TIMA1_IRQHandler                
00000dd7  TIMG0_IRQHandler                
00000dd7  TIMG12_IRQHandler               
00000dd7  TIMG14_IRQHandler               
00000dd7  TIMG6_IRQHandler                
00000dd7  TIMG7_IRQHandler                
00000dd7  TIMG8_IRQHandler                
00000dd7  TIMG9_IRQHandler                
20200320  Track_currentdata               
00000819  Track_go                        
20200327  Track_lastdata                  
000012a9  UART0_IRQHandler                
00000dd7  UART1_IRQHandler                
00000dd7  UART3_IRQHandler                
00000dd7  UART4_IRQHandler                
00000dd7  UART5_IRQHandler                
00000dd7  UART6_IRQHandler                
00000dd7  UART7_IRQHandler                
00001895  Ustrasound_sendtrig             
20210000  __STACK_END                     
00000100  __STACK_SIZE                    
00000000  __TI_ATRegion0_region_sz        
00000000  __TI_ATRegion0_src_addr         
00000000  __TI_ATRegion0_trg_addr         
00000000  __TI_ATRegion1_region_sz        
00000000  __TI_ATRegion1_src_addr         
00000000  __TI_ATRegion1_trg_addr         
00000000  __TI_ATRegion2_region_sz        
00000000  __TI_ATRegion2_src_addr         
00000000  __TI_ATRegion2_trg_addr         
00001afc  __TI_CINIT_Base                 
00001b0c  __TI_CINIT_Limit                
00001b0c  __TI_CINIT_Warm                 
00001ae8  __TI_Handler_Table_Base         
00001af4  __TI_Handler_Table_Limit        
00001615  __TI_auto_init_nobinit_nopinit  
00001085  __TI_decompress_lzss            
00001909  __TI_decompress_none            
ffffffff  __TI_pprof_out_hndl             
000000c1  __TI_printfi_minimal            
ffffffff  __TI_prof_data_size             
ffffffff  __TI_prof_data_start            
00000000  __TI_static_base__              
000018e1  __TI_zero_init_nomemset         
00000bb3  __addsf3                        
00001101  __aeabi_d2f                     
0000050d  __aeabi_ddiv                    
000009ed  __aeabi_dmul                    
000016c9  __aeabi_f2iz                    
00000bb3  __aeabi_fadd                    
000011e5  __aeabi_fcmpeq                  
00001221  __aeabi_fcmpge                  
00001235  __aeabi_fcmpgt                  
0000120d  __aeabi_fcmple                  
000011f9  __aeabi_fcmplt                  
00000f81  __aeabi_fdiv                    
00000e6d  __aeabi_fmul                    
00000ba9  __aeabi_fsub                    
0000159d  __aeabi_i2f                     
00001003  __aeabi_idiv0                   
0000196d  __aeabi_memcpy                  
0000196d  __aeabi_memcpy4                 
0000196d  __aeabi_memcpy8                 
0000192d  __aeabi_memset                  
0000192d  __aeabi_memset4                 
0000192d  __aeabi_memset8                 
00001815  __aeabi_ui2d                    
0000155d  __aeabi_uidiv                   
0000155d  __aeabi_uidivmod                
ffffffff  __binit__                       
00001651  __cmpsf2                        
0000050d  __divdf3                        
00000f81  __divsf3                        
00001651  __eqsf2                         
000016c9  __fixsfsi                       
0000159d  __floatsisf                     
00001815  __floatunsidf                   
000015d9  __gesf2                         
000015d9  __gtsf2                         
00001651  __lesf2                         
00001651  __ltsf2                         
UNDEFED   __mpu_init                      
000009ed  __muldf3                        
0000168d  __muldsi3                       
00000e6d  __mulsf3                        
00001651  __nesf2                         
2020ff00  __stack                         
20200000  __start___llvm_prf_bits         
20200000  __start___llvm_prf_cnts         
20200000  __stop___llvm_prf_bits          
20200000  __stop___llvm_prf_cnts          
00000ba9  __subsf3                        
00001101  __truncdfsf2                    
000017c5  _c_int00_noargs                 
UNDEFED   _system_post_cinit              
00001983  _system_pre_init                
00001975  abort                           
20200000  actual_data                     
ffffffff  binit                           
20200588  bt_rx_buffer                    
2020032e  bt_rx_flag                      
2020032f  bt_rx_index                     
20200358  count                           
2020036c  count_data                      
0000193b  delay_ms                        
2020035c  distance                        
20200360  echo_fall_time                  
20200364  echo_rise_time                  
20200370  gPWM_MotorBackup                
202004e8  gQEI_rightBackup                
2020042c  gTimer_TrackBackup              
00000000  interruptVectors                
00000c81  main                            
00001839  memccpy                         
00000d3d  memcpy                          
00001247  memset                          
20200368  position                        
202005c8  send_buf1                       
202005e8  send_buf2                       
00001701  sprintf                         
20200190  target_data                     


GLOBAL SYMBOLS: SORTED BY Symbol Address 

address   name                            
-------   ----                            
00000000  __TI_ATRegion0_region_sz        
00000000  __TI_ATRegion0_src_addr         
00000000  __TI_ATRegion0_trg_addr         
00000000  __TI_ATRegion1_region_sz        
00000000  __TI_ATRegion1_src_addr         
00000000  __TI_ATRegion1_trg_addr         
00000000  __TI_ATRegion2_region_sz        
00000000  __TI_ATRegion2_src_addr         
00000000  __TI_ATRegion2_trg_addr         
00000000  __TI_static_base__              
00000000  interruptVectors                
000000c1  __TI_printfi_minimal            
00000100  __STACK_SIZE                    
00000345  Graysensor_GetPosition          
0000050d  __aeabi_ddiv                    
0000050d  __divdf3                        
00000619  DL_Timer_initFourCCPWMMode      
0000071d  DL_Timer_initTimerMode          
00000819  Track_go                        
00000905  SYSCFG_DL_GPIO_init             
000009ed  __aeabi_dmul                    
000009ed  __muldf3                        
00000ad1  SYSCFG_DL_PWM_Motor_init        
00000ba9  __aeabi_fsub                    
00000ba9  __subsf3                        
00000bb3  __addsf3                        
00000bb3  __aeabi_fadd                    
00000c81  main                            
00000d3d  memcpy                          
00000dd7  ADC0_IRQHandler                 
00000dd7  ADC1_IRQHandler                 
00000dd7  AESADV_IRQHandler               
00000dd7  CANFD0_IRQHandler               
00000dd7  CANFD1_IRQHandler               
00000dd7  DAC0_IRQHandler                 
00000dd7  DMA_IRQHandler                  
00000dd7  Default_Handler                 
00000dd7  GROUP0_IRQHandler               
00000dd7  HardFault_Handler               
00000dd7  I2C0_IRQHandler                 
00000dd7  I2C1_IRQHandler                 
00000dd7  I2C2_IRQHandler                 
00000dd7  LFSS_IRQHandler                 
00000dd7  NMI_Handler                     
00000dd7  PendSV_Handler                  
00000dd7  SPI0_IRQHandler                 
00000dd7  SPI1_IRQHandler                 
00000dd7  SPI2_IRQHandler                 
00000dd7  SVC_Handler                     
00000dd7  SysTick_Handler                 
00000dd7  TIMA0_IRQHandler                
00000dd7  TIMG0_IRQHandler                
00000dd7  TIMG12_IRQHandler               
00000dd7  TIMG14_IRQHandler               
00000dd7  TIMG6_IRQHandler                
00000dd7  TIMG7_IRQHandler                
00000dd7  TIMG8_IRQHandler                
00000dd7  TIMG9_IRQHandler                
00000dd7  UART1_IRQHandler                
00000dd7  UART3_IRQHandler                
00000dd7  UART4_IRQHandler                
00000dd7  UART5_IRQHandler                
00000dd7  UART6_IRQHandler                
00000dd7  UART7_IRQHandler                
00000dd9  GROUP1_IRQHandler               
00000e6d  __aeabi_fmul                    
00000e6d  __mulsf3                        
00000ef9  SYSCFG_DL_initPower             
00000f81  __aeabi_fdiv                    
00000f81  __divsf3                        
00001003  __aeabi_idiv0                   
00001005  Motor_setSpeed                  
00001085  __TI_decompress_lzss            
00001101  __aeabi_d2f                     
00001101  __truncdfsf2                    
00001175  SYSCFG_DL_UART_BT_init          
000011e5  __aeabi_fcmpeq                  
000011f9  __aeabi_fcmplt                  
0000120d  __aeabi_fcmple                  
00001221  __aeabi_fcmpge                  
00001235  __aeabi_fcmpgt                  
00001247  memset                          
000012a9  UART0_IRQHandler                
00001309  SYSCFG_DL_I2C_2_init            
0000135d  SYSCFG_DL_Timer_Track_init      
000013ad  SYSCFG_DL_QEI_left_init         
000013f9  SYSCFG_DL_QEI_right_init        
00001445  SYSCFG_DL_init                  
00001491  DL_UART_init                    
000014d9  SYSCFG_DL_SYSCTL_init           
0000151d  BT_SendString                   
0000155d  __aeabi_uidiv                   
0000155d  __aeabi_uidivmod                
0000159d  __aeabi_i2f                     
0000159d  __floatsisf                     
000015d9  __gesf2                         
000015d9  __gtsf2                         
00001615  __TI_auto_init_nobinit_nopinit  
00001651  __cmpsf2                        
00001651  __eqsf2                         
00001651  __lesf2                         
00001651  __ltsf2                         
00001651  __nesf2                         
0000168d  __muldsi3                       
000016c9  __aeabi_f2iz                    
000016c9  __fixsfsi                       
00001701  sprintf                         
00001739  DL_UART_transmitDataBlocking    
00001769  TIMA1_IRQHandler                
00001799  SYSCFG_DL_Timer_Sound_init      
000017c5  _c_int00_noargs                 
000017ed  DL_I2C_setClockConfig           
00001815  __aeabi_ui2d                    
00001815  __floatunsidf                   
00001839  memccpy                         
0000185d  DL_Timer_setCaptCompUpdateMethod
00001879  DL_Timer_setClockConfig         
00001895  Ustrasound_sendtrig             
000018b1  DL_Timer_setCaptureCompareOutCtl
000018e1  __TI_zero_init_nomemset         
000018f7  DL_UART_setClockConfig          
00001909  __TI_decompress_none            
0000191d  DL_Timer_setCaptureCompareValue 
0000192d  __aeabi_memset                  
0000192d  __aeabi_memset4                 
0000192d  __aeabi_memset8                 
0000193b  delay_ms                        
00001957  DL_Common_delayCycles           
0000196d  __aeabi_memcpy                  
0000196d  __aeabi_memcpy4                 
0000196d  __aeabi_memcpy8                 
00001975  abort                           
0000197a  C$$EXIT                         
0000197b  HOSTexit                        
0000197f  Reset_Handler                   
00001983  _system_pre_init                
00001ae8  __TI_Handler_Table_Base         
00001af4  __TI_Handler_Table_Limit        
00001afc  __TI_CINIT_Base                 
00001b0c  __TI_CINIT_Limit                
00001b0c  __TI_CINIT_Warm                 
20200000  __start___llvm_prf_bits         
20200000  __start___llvm_prf_cnts         
20200000  __stop___llvm_prf_bits          
20200000  __stop___llvm_prf_cnts          
20200000  actual_data                     
20200190  target_data                     
20200320  Track_currentdata               
20200327  Track_lastdata                  
2020032e  bt_rx_flag                      
2020032f  bt_rx_index                     
20200330  I0                              
20200334  I1                              
20200338  KI0                             
2020033c  KI1                             
20200340  KP0                             
20200344  KP1                             
20200348  P0                              
2020034c  P1                              
20200350  Speedbase                       
20200354  Speedvary                       
20200358  count                           
2020035c  distance                        
20200360  echo_fall_time                  
20200364  echo_rise_time                  
20200368  position                        
2020036c  count_data                      
20200370  gPWM_MotorBackup                
2020042c  gTimer_TrackBackup              
202004e8  gQEI_rightBackup                
20200588  bt_rx_buffer                    
202005c8  send_buf1                       
202005e8  send_buf2                       
2020ff00  __stack                         
20210000  __STACK_END                     
ffffffff  __TI_pprof_out_hndl             
ffffffff  __TI_prof_data_size             
ffffffff  __TI_prof_data_start            
ffffffff  __binit__                       
ffffffff  binit                           
UNDEFED   __mpu_init                      
UNDEFED   _system_post_cinit              

[182 symbols]
