<?xml version="1.0" encoding="ISO-8859-1" ?>
<link_info>
   <banner>TI ARM Clang Linker PC v4.0.4.LTS</banner>
   <copyright>Copyright (c) 1996-2018 Texas Instruments Incorporated</copyright>
   <command_line>C:\ti\ccs2031\ccs\tools\compiler\ti-cgt-armllvm_4.0.4.LTS\bin\tiarmlnk -IC:\ti\ccs2031\ccs\tools\compiler\ti-cgt-armllvm_4.0.4.LTS\lib -o empty_LP_MSPM0G3519_nortos_ticlang.out -mempty_LP_MSPM0G3519_nortos_ticlang.map -iC:/ti/mspm0_sdk_2_06_00_05/source -iC:/Users/33548/workspace_ccstheia/empty_LP_MSPM0G3519_nortos_ticlang -iC:/Users/33548/workspace_ccstheia/empty_LP_MSPM0G3519_nortos_ticlang/Debug/syscfg -iC:/ti/ccs2031/ccs/tools/compiler/ti-cgt-armllvm_4.0.4.LTS/lib --diag_wrap=off --display_error_number --warn_sections --xml_link_info=empty_LP_MSPM0G3519_nortos_ticlang_linkInfo.xml --rom_model ./empty.o ./ti_msp_dl_config.o ./startup_mspm0g351x_ticlang.o ./my_drivers/Src/OLED.o ./my_drivers/Src/Track.o ./my_drivers/Src/encoder.o ./my_drivers/Src/font.o ./my_drivers/Src/graysensor.o ./my_drivers/Src/motor.o ./my_drivers/Src/ultrasound.o -l./device_linker.cmd -ldevice.cmd.genlibs -llibc.a --start-group -llibc++.a -llibc++abi.a -llibc.a -llibsys.a -llibsysbm.a -llibclang_rt.builtins.a -llibclang_rt.profile.a --end-group --cg_opt_level=2</command_line>
   <link_time>0x69ecb5c0</link_time>
   <link_errors>0x0</link_errors>
   <output_file>C:\Users\33548\workspace_ccstheia\empty_LP_MSPM0G3519_nortos_ticlang\Debug\empty_LP_MSPM0G3519_nortos_ticlang.out</output_file>
   <entry_point>
      <name>_c_int00_noargs</name>
      <address>0x12dd</address>
   </entry_point>
   <input_file_list>
      <input_file id="fl-1">
         <path>C:\Users\33548\workspace_ccstheia\empty_LP_MSPM0G3519_nortos_ticlang\Debug\.\</path>
         <kind>object</kind>
         <file>empty.o</file>
         <name>empty.o</name>
      </input_file>
      <input_file id="fl-2">
         <path>C:\Users\33548\workspace_ccstheia\empty_LP_MSPM0G3519_nortos_ticlang\Debug\.\</path>
         <kind>object</kind>
         <file>ti_msp_dl_config.o</file>
         <name>ti_msp_dl_config.o</name>
      </input_file>
      <input_file id="fl-3">
         <path>C:\Users\33548\workspace_ccstheia\empty_LP_MSPM0G3519_nortos_ticlang\Debug\.\</path>
         <kind>object</kind>
         <file>startup_mspm0g351x_ticlang.o</file>
         <name>startup_mspm0g351x_ticlang.o</name>
      </input_file>
      <input_file id="fl-4">
         <path>C:\Users\33548\workspace_ccstheia\empty_LP_MSPM0G3519_nortos_ticlang\Debug\.\my_drivers\Src\</path>
         <kind>object</kind>
         <file>OLED.o</file>
         <name>OLED.o</name>
      </input_file>
      <input_file id="fl-5">
         <path>C:\Users\33548\workspace_ccstheia\empty_LP_MSPM0G3519_nortos_ticlang\Debug\.\my_drivers\Src\</path>
         <kind>object</kind>
         <file>Track.o</file>
         <name>Track.o</name>
      </input_file>
      <input_file id="fl-6">
         <path>C:\Users\33548\workspace_ccstheia\empty_LP_MSPM0G3519_nortos_ticlang\Debug\.\my_drivers\Src\</path>
         <kind>object</kind>
         <file>encoder.o</file>
         <name>encoder.o</name>
      </input_file>
      <input_file id="fl-7">
         <path>C:\Users\33548\workspace_ccstheia\empty_LP_MSPM0G3519_nortos_ticlang\Debug\.\my_drivers\Src\</path>
         <kind>object</kind>
         <file>font.o</file>
         <name>font.o</name>
      </input_file>
      <input_file id="fl-8">
         <path>C:\Users\33548\workspace_ccstheia\empty_LP_MSPM0G3519_nortos_ticlang\Debug\.\my_drivers\Src\</path>
         <kind>object</kind>
         <file>graysensor.o</file>
         <name>graysensor.o</name>
      </input_file>
      <input_file id="fl-9">
         <path>C:\Users\33548\workspace_ccstheia\empty_LP_MSPM0G3519_nortos_ticlang\Debug\.\my_drivers\Src\</path>
         <kind>object</kind>
         <file>motor.o</file>
         <name>motor.o</name>
      </input_file>
      <input_file id="fl-a">
         <path>C:\Users\33548\workspace_ccstheia\empty_LP_MSPM0G3519_nortos_ticlang\Debug\.\my_drivers\Src\</path>
         <kind>object</kind>
         <file>ultrasound.o</file>
         <name>ultrasound.o</name>
      </input_file>
      <input_file id="fl-17">
         <path>C:\Users\33548\workspace_ccstheia\empty_LP_MSPM0G3519_nortos_ticlang\Debug\</path>
         <kind>object</kind>
         <file>&lt;internal&gt;</file>
         <name>&lt;internal&gt;</name>
      </input_file>
      <input_file id="fl-18">
         <path>C:\ti\mspm0_sdk_2_06_00_05\source\ti\driverlib\lib\ticlang\m0p\mspm0gx51x\</path>
         <kind>archive</kind>
         <file>driverlib.a</file>
         <name>dl_common.o</name>
      </input_file>
      <input_file id="fl-19">
         <path>C:\ti\mspm0_sdk_2_06_00_05\source\ti\driverlib\lib\ticlang\m0p\mspm0gx51x\</path>
         <kind>archive</kind>
         <file>driverlib.a</file>
         <name>dl_i2c.o</name>
      </input_file>
      <input_file id="fl-1a">
         <path>C:\ti\mspm0_sdk_2_06_00_05\source\ti\driverlib\lib\ticlang\m0p\mspm0gx51x\</path>
         <kind>archive</kind>
         <file>driverlib.a</file>
         <name>dl_timer.o</name>
      </input_file>
      <input_file id="fl-1b">
         <path>C:\ti\mspm0_sdk_2_06_00_05\source\ti\driverlib\lib\ticlang\m0p\mspm0gx51x\</path>
         <kind>archive</kind>
         <file>driverlib.a</file>
         <name>dl_uart.o</name>
      </input_file>
      <input_file id="fl-32">
         <path>C:\ti\ccs2031\ccs\tools\compiler\ti-cgt-armllvm_4.0.4.LTS\lib\armv6m-ti-none-eabi\c\</path>
         <kind>archive</kind>
         <file>libc.a</file>
         <name>boot_cortex_m.c.obj</name>
      </input_file>
      <input_file id="fl-33">
         <path>C:\ti\ccs2031\ccs\tools\compiler\ti-cgt-armllvm_4.0.4.LTS\lib\armv6m-ti-none-eabi\c\</path>
         <kind>archive</kind>
         <file>libc.a</file>
         <name>mathacl_init.c.obj</name>
      </input_file>
      <input_file id="fl-34">
         <path>C:\ti\ccs2031\ccs\tools\compiler\ti-cgt-armllvm_4.0.4.LTS\lib\armv6m-ti-none-eabi\c\</path>
         <kind>archive</kind>
         <file>libc.a</file>
         <name>autoinit.c.obj</name>
      </input_file>
      <input_file id="fl-35">
         <path>C:\ti\ccs2031\ccs\tools\compiler\ti-cgt-armllvm_4.0.4.LTS\lib\armv6m-ti-none-eabi\c\</path>
         <kind>archive</kind>
         <file>libc.a</file>
         <name>pre_init.c.obj</name>
      </input_file>
      <input_file id="fl-36">
         <path>C:\ti\ccs2031\ccs\tools\compiler\ti-cgt-armllvm_4.0.4.LTS\lib\armv6m-ti-none-eabi\c\</path>
         <kind>archive</kind>
         <file>libc.a</file>
         <name>cpy_tbl.c.obj</name>
      </input_file>
      <input_file id="fl-37">
         <path>C:\ti\ccs2031\ccs\tools\compiler\ti-cgt-armllvm_4.0.4.LTS\lib\armv6m-ti-none-eabi\c\</path>
         <kind>archive</kind>
         <file>libc.a</file>
         <name>copy_zero_init.c.obj</name>
      </input_file>
      <input_file id="fl-38">
         <path>C:\ti\ccs2031\ccs\tools\compiler\ti-cgt-armllvm_4.0.4.LTS\lib\armv6m-ti-none-eabi\c\</path>
         <kind>archive</kind>
         <file>libc.a</file>
         <name>copy_decompress_none.c.obj</name>
      </input_file>
      <input_file id="fl-39">
         <path>C:\ti\ccs2031\ccs\tools\compiler\ti-cgt-armllvm_4.0.4.LTS\lib\armv6m-ti-none-eabi\c\</path>
         <kind>archive</kind>
         <file>libc.a</file>
         <name>copy_decompress_lzss.c.obj</name>
      </input_file>
      <input_file id="fl-3a">
         <path>C:\ti\ccs2031\ccs\tools\compiler\ti-cgt-armllvm_4.0.4.LTS\lib\armv6m-ti-none-eabi\c\</path>
         <kind>archive</kind>
         <file>libc.a</file>
         <name>exit.c.obj</name>
      </input_file>
      <input_file id="fl-3b">
         <path>C:\ti\ccs2031\ccs\tools\compiler\ti-cgt-armllvm_4.0.4.LTS\lib\armv6m-ti-none-eabi\c\</path>
         <kind>archive</kind>
         <file>libc.a</file>
         <name>_lock.c.obj</name>
      </input_file>
      <input_file id="fl-3c">
         <path>C:\ti\ccs2031\ccs\tools\compiler\ti-cgt-armllvm_4.0.4.LTS\lib\armv6m-ti-none-eabi\c\</path>
         <kind>archive</kind>
         <file>libc.a</file>
         <name>args_main.c.obj</name>
      </input_file>
      <input_file id="fl-dc">
         <path>C:\ti\ccs2031\ccs\tools\compiler\ti-cgt-armllvm_4.0.4.LTS\lib\armv6m-ti-none-eabi\c\</path>
         <kind>archive</kind>
         <file>libsysbm.a</file>
         <name>hostexit.c.obj</name>
      </input_file>
      <input_file id="fl-dd">
         <path>C:\ti\ccs2031\ccs\tools\compiler\ti-cgt-armllvm_4.0.4.LTS\lib\armv6m-ti-none-eabi\</path>
         <kind>archive</kind>
         <file>libclang_rt.builtins.a</file>
         <name>addsf3.S.obj</name>
      </input_file>
      <input_file id="fl-de">
         <path>C:\ti\ccs2031\ccs\tools\compiler\ti-cgt-armllvm_4.0.4.LTS\lib\armv6m-ti-none-eabi\</path>
         <kind>archive</kind>
         <file>libclang_rt.builtins.a</file>
         <name>adddf3.S.obj</name>
      </input_file>
      <input_file id="fl-df">
         <path>C:\ti\ccs2031\ccs\tools\compiler\ti-cgt-armllvm_4.0.4.LTS\lib\armv6m-ti-none-eabi\</path>
         <kind>archive</kind>
         <file>libclang_rt.builtins.a</file>
         <name>muldf3.S.obj</name>
      </input_file>
      <input_file id="fl-e0">
         <path>C:\ti\ccs2031\ccs\tools\compiler\ti-cgt-armllvm_4.0.4.LTS\lib\armv6m-ti-none-eabi\</path>
         <kind>archive</kind>
         <file>libclang_rt.builtins.a</file>
         <name>muldsi3.S.obj</name>
      </input_file>
      <input_file id="fl-e1">
         <path>C:\ti\ccs2031\ccs\tools\compiler\ti-cgt-armllvm_4.0.4.LTS\lib\armv6m-ti-none-eabi\</path>
         <kind>archive</kind>
         <file>libclang_rt.builtins.a</file>
         <name>mulsf3.S.obj</name>
      </input_file>
      <input_file id="fl-e2">
         <path>C:\ti\ccs2031\ccs\tools\compiler\ti-cgt-armllvm_4.0.4.LTS\lib\armv6m-ti-none-eabi\</path>
         <kind>archive</kind>
         <file>libclang_rt.builtins.a</file>
         <name>divsf3.S.obj</name>
      </input_file>
      <input_file id="fl-e3">
         <path>C:\ti\ccs2031\ccs\tools\compiler\ti-cgt-armllvm_4.0.4.LTS\lib\armv6m-ti-none-eabi\</path>
         <kind>archive</kind>
         <file>libclang_rt.builtins.a</file>
         <name>divdf3.S.obj</name>
      </input_file>
      <input_file id="fl-e4">
         <path>C:\ti\ccs2031\ccs\tools\compiler\ti-cgt-armllvm_4.0.4.LTS\lib\armv6m-ti-none-eabi\</path>
         <kind>archive</kind>
         <file>libclang_rt.builtins.a</file>
         <name>fixdfsi.S.obj</name>
      </input_file>
      <input_file id="fl-e5">
         <path>C:\ti\ccs2031\ccs\tools\compiler\ti-cgt-armllvm_4.0.4.LTS\lib\armv6m-ti-none-eabi\</path>
         <kind>archive</kind>
         <file>libclang_rt.builtins.a</file>
         <name>fixsfsi.S.obj</name>
      </input_file>
      <input_file id="fl-e6">
         <path>C:\ti\ccs2031\ccs\tools\compiler\ti-cgt-armllvm_4.0.4.LTS\lib\armv6m-ti-none-eabi\</path>
         <kind>archive</kind>
         <file>libclang_rt.builtins.a</file>
         <name>floatsidf.S.obj</name>
      </input_file>
      <input_file id="fl-e7">
         <path>C:\ti\ccs2031\ccs\tools\compiler\ti-cgt-armllvm_4.0.4.LTS\lib\armv6m-ti-none-eabi\</path>
         <kind>archive</kind>
         <file>libclang_rt.builtins.a</file>
         <name>floatsisf.S.obj</name>
      </input_file>
      <input_file id="fl-e8">
         <path>C:\ti\ccs2031\ccs\tools\compiler\ti-cgt-armllvm_4.0.4.LTS\lib\armv6m-ti-none-eabi\</path>
         <kind>archive</kind>
         <file>libclang_rt.builtins.a</file>
         <name>floatunsidf.S.obj</name>
      </input_file>
      <input_file id="fl-e9">
         <path>C:\ti\ccs2031\ccs\tools\compiler\ti-cgt-armllvm_4.0.4.LTS\lib\armv6m-ti-none-eabi\</path>
         <kind>archive</kind>
         <file>libclang_rt.builtins.a</file>
         <name>truncdfsf2.S.obj</name>
      </input_file>
      <input_file id="fl-ea">
         <path>C:\ti\ccs2031\ccs\tools\compiler\ti-cgt-armllvm_4.0.4.LTS\lib\armv6m-ti-none-eabi\</path>
         <kind>archive</kind>
         <file>libclang_rt.builtins.a</file>
         <name>aeabi_fcmp.S.obj</name>
      </input_file>
      <input_file id="fl-eb">
         <path>C:\ti\ccs2031\ccs\tools\compiler\ti-cgt-armllvm_4.0.4.LTS\lib\armv6m-ti-none-eabi\</path>
         <kind>archive</kind>
         <file>libclang_rt.builtins.a</file>
         <name>aeabi_idivmod.S.obj</name>
      </input_file>
      <input_file id="fl-ec">
         <path>C:\ti\ccs2031\ccs\tools\compiler\ti-cgt-armllvm_4.0.4.LTS\lib\armv6m-ti-none-eabi\</path>
         <kind>archive</kind>
         <file>libclang_rt.builtins.a</file>
         <name>aeabi_memcpy.S.obj</name>
      </input_file>
      <input_file id="fl-ed">
         <path>C:\ti\ccs2031\ccs\tools\compiler\ti-cgt-armllvm_4.0.4.LTS\lib\armv6m-ti-none-eabi\</path>
         <kind>archive</kind>
         <file>libclang_rt.builtins.a</file>
         <name>aeabi_memset.S.obj</name>
      </input_file>
      <input_file id="fl-ee">
         <path>C:\ti\ccs2031\ccs\tools\compiler\ti-cgt-armllvm_4.0.4.LTS\lib\armv6m-ti-none-eabi\</path>
         <kind>archive</kind>
         <file>libclang_rt.builtins.a</file>
         <name>aeabi_uidivmod.S.obj</name>
      </input_file>
      <input_file id="fl-ef">
         <path>C:\ti\ccs2031\ccs\tools\compiler\ti-cgt-armllvm_4.0.4.LTS\lib\armv6m-ti-none-eabi\</path>
         <kind>archive</kind>
         <file>libclang_rt.builtins.a</file>
         <name>comparesf2.S.obj</name>
      </input_file>
      <input_file id="fl-f0">
         <path>C:\ti\ccs2031\ccs\tools\compiler\ti-cgt-armllvm_4.0.4.LTS\lib\armv6m-ti-none-eabi\</path>
         <kind>archive</kind>
         <file>libclang_rt.builtins.a</file>
         <name>aeabi_div0.c.obj</name>
      </input_file>
      <input_file id="fl-f1">
         <path>C:\ti\ccs2031\ccs\tools\compiler\ti-cgt-armllvm_4.0.4.LTS\lib\armv6m-ti-none-eabi\c\</path>
         <kind>archive</kind>
         <file>libc.a</file>
         <name>memcpy16.S.obj</name>
      </input_file>
      <input_file id="fl-f2">
         <path>C:\ti\ccs2031\ccs\tools\compiler\ti-cgt-armllvm_4.0.4.LTS\lib\armv6m-ti-none-eabi\c\</path>
         <kind>archive</kind>
         <file>libc.a</file>
         <name>memset16.S.obj</name>
      </input_file>
   </input_file_list>
   <object_component_list>
      <object_component id="oc-1a">
         <name>.intvecs</name>
         <load_address>0x0</load_address>
         <readonly>true</readonly>
         <run_address>0x0</run_address>
         <size>0xc0</size>
         <alignment>0x4</alignment>
         <input_file_ref idref="fl-3"/>
      </object_component>
      <object_component id="oc-a8">
         <name>.text.Graysensor_GetPosition</name>
         <load_address>0xc0</load_address>
         <readonly>true</readonly>
         <executable>true</executable>
         <run_address>0xc0</run_address>
         <size>0x1c8</size>
         <alignment>0x4</alignment>
         <input_file_ref idref="fl-8"/>
      </object_component>
      <object_component id="oc-6b">
         <name>.text.__divdf3</name>
         <load_address>0x288</load_address>
         <readonly>true</readonly>
         <executable>true</executable>
         <run_address>0x288</run_address>
         <size>0x10c</size>
         <alignment>0x4</alignment>
         <input_file_ref idref="fl-e3"/>
      </object_component>
      <object_component id="oc-144">
         <name>.text.DL_Timer_initFourCCPWMMode</name>
         <load_address>0x394</load_address>
         <readonly>true</readonly>
         <executable>true</executable>
         <run_address>0x394</run_address>
         <size>0x104</size>
         <alignment>0x4</alignment>
         <input_file_ref idref="fl-1a"/>
      </object_component>
      <object_component id="oc-14b">
         <name>.text.DL_Timer_initTimerMode</name>
         <load_address>0x498</load_address>
         <readonly>true</readonly>
         <executable>true</executable>
         <run_address>0x498</run_address>
         <size>0xfc</size>
         <alignment>0x4</alignment>
         <input_file_ref idref="fl-1a"/>
      </object_component>
      <object_component id="oc-78">
         <name>.text.Track_go</name>
         <load_address>0x594</load_address>
         <readonly>true</readonly>
         <executable>true</executable>
         <run_address>0x594</run_address>
         <size>0xec</size>
         <alignment>0x4</alignment>
         <input_file_ref idref="fl-5"/>
      </object_component>
      <object_component id="oc-119">
         <name>.text.SYSCFG_DL_GPIO_init</name>
         <load_address>0x680</load_address>
         <readonly>true</readonly>
         <executable>true</executable>
         <run_address>0x680</run_address>
         <size>0xe8</size>
         <alignment>0x4</alignment>
         <input_file_ref idref="fl-2"/>
      </object_component>
      <object_component id="oc-67">
         <name>.text.__muldf3</name>
         <load_address>0x768</load_address>
         <readonly>true</readonly>
         <executable>true</executable>
         <run_address>0x768</run_address>
         <size>0xe4</size>
         <alignment>0x4</alignment>
         <input_file_ref idref="fl-df"/>
      </object_component>
      <object_component id="oc-11b">
         <name>.text.SYSCFG_DL_PWM_Motor_init</name>
         <load_address>0x84c</load_address>
         <readonly>true</readonly>
         <executable>true</executable>
         <run_address>0x84c</run_address>
         <size>0xd8</size>
         <alignment>0x4</alignment>
         <input_file_ref idref="fl-2"/>
      </object_component>
      <object_component id="oc-a0">
         <name>.text</name>
         <load_address>0x924</load_address>
         <readonly>true</readonly>
         <executable>true</executable>
         <run_address>0x924</run_address>
         <size>0xd8</size>
         <alignment>0x4</alignment>
         <input_file_ref idref="fl-dd"/>
      </object_component>
      <object_component id="oc-cc">
         <name>.text:memcpy</name>
         <load_address>0x9fc</load_address>
         <readonly>true</readonly>
         <executable>true</executable>
         <run_address>0x9fc</run_address>
         <size>0x9a</size>
         <alignment>0x1</alignment>
         <input_file_ref idref="fl-f1"/>
      </object_component>
      <object_component id="oc-35">
         <name>.text.Default_Handler</name>
         <load_address>0xa96</load_address>
         <readonly>true</readonly>
         <executable>true</executable>
         <run_address>0xa96</run_address>
         <size>0x2</size>
         <alignment>0x2</alignment>
         <input_file_ref idref="fl-3"/>
      </object_component>
      <object_component id="oc-36">
         <name>.text.GROUP1_IRQHandler</name>
         <load_address>0xa98</load_address>
         <readonly>true</readonly>
         <executable>true</executable>
         <run_address>0xa98</run_address>
         <size>0x94</size>
         <alignment>0x4</alignment>
         <input_file_ref idref="fl-a"/>
      </object_component>
      <object_component id="oc-a4">
         <name>.text.__mulsf3</name>
         <load_address>0xb2c</load_address>
         <readonly>true</readonly>
         <executable>true</executable>
         <run_address>0xb2c</run_address>
         <size>0x8c</size>
         <alignment>0x4</alignment>
         <input_file_ref idref="fl-e1"/>
      </object_component>
      <object_component id="oc-117">
         <name>.text.SYSCFG_DL_initPower</name>
         <load_address>0xbb8</load_address>
         <readonly>true</readonly>
         <executable>true</executable>
         <run_address>0xbb8</run_address>
         <size>0x88</size>
         <alignment>0x4</alignment>
         <input_file_ref idref="fl-2"/>
      </object_component>
      <object_component id="oc-fc">
         <name>.text.__divsf3</name>
         <load_address>0xc40</load_address>
         <readonly>true</readonly>
         <executable>true</executable>
         <run_address>0xc40</run_address>
         <size>0x82</size>
         <alignment>0x4</alignment>
         <input_file_ref idref="fl-e2"/>
      </object_component>
      <object_component id="oc-b2">
         <name>.text.Motor_setSpeed</name>
         <load_address>0xcc4</load_address>
         <readonly>true</readonly>
         <executable>true</executable>
         <run_address>0xcc4</run_address>
         <size>0x80</size>
         <alignment>0x4</alignment>
         <input_file_ref idref="fl-9"/>
      </object_component>
      <object_component id="oc-1e">
         <name>.text:decompress:lzss</name>
         <load_address>0xd44</load_address>
         <readonly>true</readonly>
         <executable>true</executable>
         <run_address>0xd44</run_address>
         <size>0x7c</size>
         <alignment>0x4</alignment>
         <input_file_ref idref="fl-39"/>
      </object_component>
      <object_component id="oc-6f">
         <name>.text.__truncdfsf2</name>
         <load_address>0xdc0</load_address>
         <readonly>true</readonly>
         <executable>true</executable>
         <run_address>0xdc0</run_address>
         <size>0x74</size>
         <alignment>0x10</alignment>
         <input_file_ref idref="fl-e9"/>
      </object_component>
      <object_component id="oc-121">
         <name>.text.SYSCFG_DL_UART_BT_init</name>
         <load_address>0xe34</load_address>
         <readonly>true</readonly>
         <executable>true</executable>
         <run_address>0xe34</run_address>
         <size>0x70</size>
         <alignment>0x4</alignment>
         <input_file_ref idref="fl-2"/>
      </object_component>
      <object_component id="oc-f8">
         <name>.text.__aeabi_fcmp</name>
         <load_address>0xea4</load_address>
         <readonly>true</readonly>
         <executable>true</executable>
         <run_address>0xea4</run_address>
         <size>0x62</size>
         <alignment>0x4</alignment>
         <input_file_ref idref="fl-ea"/>
      </object_component>
      <object_component id="oc-120">
         <name>.text.SYSCFG_DL_I2C_2_init</name>
         <load_address>0xf08</load_address>
         <readonly>true</readonly>
         <executable>true</executable>
         <run_address>0xf08</run_address>
         <size>0x54</size>
         <alignment>0x4</alignment>
         <input_file_ref idref="fl-2"/>
      </object_component>
      <object_component id="oc-11f">
         <name>.text.SYSCFG_DL_Timer_Track_init</name>
         <load_address>0xf5c</load_address>
         <readonly>true</readonly>
         <executable>true</executable>
         <run_address>0xf5c</run_address>
         <size>0x50</size>
         <alignment>0x4</alignment>
         <input_file_ref idref="fl-2"/>
      </object_component>
      <object_component id="oc-11c">
         <name>.text.SYSCFG_DL_QEI_left_init</name>
         <load_address>0xfac</load_address>
         <readonly>true</readonly>
         <executable>true</executable>
         <run_address>0xfac</run_address>
         <size>0x4c</size>
         <alignment>0x4</alignment>
         <input_file_ref idref="fl-2"/>
      </object_component>
      <object_component id="oc-11d">
         <name>.text.SYSCFG_DL_QEI_right_init</name>
         <load_address>0xff8</load_address>
         <readonly>true</readonly>
         <executable>true</executable>
         <run_address>0xff8</run_address>
         <size>0x4c</size>
         <alignment>0x4</alignment>
         <input_file_ref idref="fl-2"/>
      </object_component>
      <object_component id="oc-d1">
         <name>.text.SYSCFG_DL_init</name>
         <load_address>0x1044</load_address>
         <readonly>true</readonly>
         <executable>true</executable>
         <run_address>0x1044</run_address>
         <size>0x4c</size>
         <alignment>0x4</alignment>
         <input_file_ref idref="fl-2"/>
      </object_component>
      <object_component id="oc-15d">
         <name>.text.DL_UART_init</name>
         <load_address>0x1090</load_address>
         <readonly>true</readonly>
         <executable>true</executable>
         <run_address>0x1090</run_address>
         <size>0x48</size>
         <alignment>0x4</alignment>
         <input_file_ref idref="fl-1b"/>
      </object_component>
      <object_component id="oc-11a">
         <name>.text.SYSCFG_DL_SYSCTL_init</name>
         <load_address>0x10d8</load_address>
         <readonly>true</readonly>
         <executable>true</executable>
         <run_address>0x10d8</run_address>
         <size>0x44</size>
         <alignment>0x4</alignment>
         <input_file_ref idref="fl-2"/>
      </object_component>
      <object_component id="oc-f4">
         <name>.text.__floatsisf</name>
         <load_address>0x111c</load_address>
         <readonly>true</readonly>
         <executable>true</executable>
         <run_address>0x111c</run_address>
         <size>0x3c</size>
         <alignment>0x4</alignment>
         <input_file_ref idref="fl-e7"/>
      </object_component>
      <object_component id="oc-13d">
         <name>.text.__gtsf2</name>
         <load_address>0x1158</load_address>
         <readonly>true</readonly>
         <executable>true</executable>
         <run_address>0x1158</run_address>
         <size>0x3c</size>
         <alignment>0x4</alignment>
         <input_file_ref idref="fl-ef"/>
      </object_component>
      <object_component id="oc-df">
         <name>.text:__TI_auto_init_nobinit_nopinit</name>
         <load_address>0x1194</load_address>
         <readonly>true</readonly>
         <executable>true</executable>
         <run_address>0x1194</run_address>
         <size>0x3c</size>
         <alignment>0x4</alignment>
         <input_file_ref idref="fl-34"/>
      </object_component>
      <object_component id="oc-138">
         <name>.text.__eqsf2</name>
         <load_address>0x11d0</load_address>
         <readonly>true</readonly>
         <executable>true</executable>
         <run_address>0x11d0</run_address>
         <size>0x3a</size>
         <alignment>0x4</alignment>
         <input_file_ref idref="fl-ef"/>
      </object_component>
      <object_component id="oc-99">
         <name>.text.__muldsi3</name>
         <load_address>0x120c</load_address>
         <readonly>true</readonly>
         <executable>true</executable>
         <run_address>0x120c</run_address>
         <size>0x3a</size>
         <alignment>0x4</alignment>
         <input_file_ref idref="fl-e0"/>
      </object_component>
      <object_component id="oc-ae">
         <name>.text.__fixsfsi</name>
         <load_address>0x1248</load_address>
         <readonly>true</readonly>
         <executable>true</executable>
         <run_address>0x1248</run_address>
         <size>0x38</size>
         <alignment>0x4</alignment>
         <input_file_ref idref="fl-e5"/>
      </object_component>
      <object_component id="oc-3c">
         <name>.text.TIMA1_IRQHandler</name>
         <load_address>0x1280</load_address>
         <readonly>true</readonly>
         <executable>true</executable>
         <run_address>0x1280</run_address>
         <size>0x30</size>
         <alignment>0x4</alignment>
         <input_file_ref idref="fl-5"/>
      </object_component>
      <object_component id="oc-11e">
         <name>.text.SYSCFG_DL_Timer_Sound_init</name>
         <load_address>0x12b0</load_address>
         <readonly>true</readonly>
         <executable>true</executable>
         <run_address>0x12b0</run_address>
         <size>0x2c</size>
         <alignment>0x4</alignment>
         <input_file_ref idref="fl-2"/>
      </object_component>
      <object_component id="oc-5c">
         <name>.text:_c_int00_noargs</name>
         <load_address>0x12dc</load_address>
         <readonly>true</readonly>
         <executable>true</executable>
         <run_address>0x12dc</run_address>
         <size>0x28</size>
         <alignment>0x4</alignment>
         <input_file_ref idref="fl-32"/>
      </object_component>
      <object_component id="oc-150">
         <name>.text.DL_I2C_setClockConfig</name>
         <load_address>0x1304</load_address>
         <readonly>true</readonly>
         <executable>true</executable>
         <run_address>0x1304</run_address>
         <size>0x26</size>
         <alignment>0x2</alignment>
         <input_file_ref idref="fl-19"/>
      </object_component>
      <object_component id="oc-63">
         <name>.text.__floatunsidf</name>
         <load_address>0x132c</load_address>
         <readonly>true</readonly>
         <executable>true</executable>
         <run_address>0x132c</run_address>
         <size>0x24</size>
         <alignment>0x4</alignment>
         <input_file_ref idref="fl-e8"/>
      </object_component>
      <object_component id="oc-146">
         <name>.text.DL_Timer_setCaptCompUpdateMethod</name>
         <load_address>0x1350</load_address>
         <readonly>true</readonly>
         <executable>true</executable>
         <run_address>0x1350</run_address>
         <size>0x1c</size>
         <alignment>0x4</alignment>
         <input_file_ref idref="fl-1a"/>
      </object_component>
      <object_component id="oc-143">
         <name>.text.DL_Timer_setClockConfig</name>
         <load_address>0x136c</load_address>
         <readonly>true</readonly>
         <executable>true</executable>
         <run_address>0x136c</run_address>
         <size>0x1c</size>
         <alignment>0x4</alignment>
         <input_file_ref idref="fl-1a"/>
      </object_component>
      <object_component id="oc-79">
         <name>.text.Ustrasound_sendtrig</name>
         <load_address>0x1388</load_address>
         <readonly>true</readonly>
         <executable>true</executable>
         <run_address>0x1388</run_address>
         <size>0x1c</size>
         <alignment>0x4</alignment>
         <input_file_ref idref="fl-a"/>
      </object_component>
      <object_component id="oc-145">
         <name>.text.DL_Timer_setCaptureCompareOutCtl</name>
         <load_address>0x13a4</load_address>
         <readonly>true</readonly>
         <executable>true</executable>
         <run_address>0x13a4</run_address>
         <size>0x18</size>
         <alignment>0x4</alignment>
         <input_file_ref idref="fl-1a"/>
      </object_component>
      <object_component id="oc-53">
         <name>.text:decompress:ZI:__TI_zero_init_nomemset</name>
         <load_address>0x13bc</load_address>
         <readonly>true</readonly>
         <executable>true</executable>
         <run_address>0x13bc</run_address>
         <size>0x16</size>
         <alignment>0x2</alignment>
         <input_file_ref idref="fl-37"/>
      </object_component>
      <object_component id="oc-157">
         <name>.text.DL_UART_setClockConfig</name>
         <load_address>0x13d2</load_address>
         <readonly>true</readonly>
         <executable>true</executable>
         <run_address>0x13d2</run_address>
         <size>0x12</size>
         <alignment>0x2</alignment>
         <input_file_ref idref="fl-1b"/>
      </object_component>
      <object_component id="oc-22">
         <name>.text:decompress:none</name>
         <load_address>0x13e4</load_address>
         <readonly>true</readonly>
         <executable>true</executable>
         <run_address>0x13e4</run_address>
         <size>0x12</size>
         <alignment>0x2</alignment>
         <input_file_ref idref="fl-38"/>
      </object_component>
      <object_component id="oc-105">
         <name>.text.DL_Timer_setCaptureCompareValue</name>
         <load_address>0x13f8</load_address>
         <readonly>true</readonly>
         <executable>true</executable>
         <run_address>0x13f8</run_address>
         <size>0x10</size>
         <alignment>0x4</alignment>
         <input_file_ref idref="fl-1a"/>
      </object_component>
      <object_component id="oc-c3">
         <name>.text.DL_Common_delayCycles</name>
         <load_address>0x1408</load_address>
         <readonly>true</readonly>
         <executable>true</executable>
         <run_address>0x1408</run_address>
         <size>0xa</size>
         <alignment>0x2</alignment>
         <input_file_ref idref="fl-18"/>
      </object_component>
      <object_component id="oc-4c">
         <name>.text.__aeabi_memcpy</name>
         <load_address>0x1414</load_address>
         <readonly>true</readonly>
         <executable>true</executable>
         <run_address>0x1414</run_address>
         <size>0x8</size>
         <alignment>0x4</alignment>
         <input_file_ref idref="fl-ec"/>
      </object_component>
      <object_component id="oc-8a">
         <name>.text.main</name>
         <load_address>0x141c</load_address>
         <readonly>true</readonly>
         <executable>true</executable>
         <run_address>0x141c</run_address>
         <size>0x6</size>
         <alignment>0x2</alignment>
         <input_file_ref idref="fl-1"/>
      </object_component>
      <object_component id="oc-d8">
         <name>.text:abort</name>
         <load_address>0x1422</load_address>
         <readonly>true</readonly>
         <executable>true</executable>
         <run_address>0x1422</run_address>
         <size>0x6</size>
         <alignment>0x2</alignment>
         <input_file_ref idref="fl-3a"/>
      </object_component>
      <object_component id="oc-127">
         <name>.text.HOSTexit</name>
         <load_address>0x1428</load_address>
         <readonly>true</readonly>
         <executable>true</executable>
         <run_address>0x1428</run_address>
         <size>0x4</size>
         <alignment>0x2</alignment>
         <input_file_ref idref="fl-dc"/>
      </object_component>
      <object_component id="oc-31">
         <name>.text.Reset_Handler</name>
         <load_address>0x142c</load_address>
         <readonly>true</readonly>
         <executable>true</executable>
         <run_address>0x142c</run_address>
         <size>0x4</size>
         <alignment>0x2</alignment>
         <input_file_ref idref="fl-3"/>
      </object_component>
      <object_component id="oc-86">
         <name>.text._system_pre_init</name>
         <load_address>0x1430</load_address>
         <readonly>true</readonly>
         <executable>true</executable>
         <run_address>0x1430</run_address>
         <size>0x4</size>
         <alignment>0x2</alignment>
         <input_file_ref idref="fl-35"/>
      </object_component>
      <object_component id="oc-1b3">
         <name>.cinit..data.load</name>
         <load_address>0x1490</load_address>
         <readonly>true</readonly>
         <run_address>0x1490</run_address>
         <size>0x14</size>
         <alignment>0x1</alignment>
      </object_component>
      <object_component id="oc-1b1">
         <name>__TI_handler_table</name>
         <load_address>0x14a4</load_address>
         <readonly>true</readonly>
         <run_address>0x14a4</run_address>
         <size>0xc</size>
         <alignment>0x4</alignment>
      </object_component>
      <object_component id="oc-1b4">
         <name>.cinit..bss.load</name>
         <load_address>0x14b0</load_address>
         <readonly>true</readonly>
         <run_address>0x14b0</run_address>
         <size>0x8</size>
         <alignment>0x4</alignment>
      </object_component>
      <object_component id="oc-1b2">
         <name>__TI_cinit_table</name>
         <load_address>0x14b8</load_address>
         <readonly>true</readonly>
         <run_address>0x14b8</run_address>
         <size>0x10</size>
         <alignment>0x4</alignment>
      </object_component>
      <object_component id="oc-14d">
         <name>.rodata.gTimer_SoundTimerConfig</name>
         <load_address>0x1440</load_address>
         <readonly>true</readonly>
         <run_address>0x1440</run_address>
         <size>0x14</size>
         <alignment>0x4</alignment>
         <input_file_ref idref="fl-2"/>
      </object_component>
      <object_component id="oc-14f">
         <name>.rodata.gTimer_TrackTimerConfig</name>
         <load_address>0x1454</load_address>
         <readonly>true</readonly>
         <run_address>0x1454</run_address>
         <size>0x14</size>
         <alignment>0x4</alignment>
         <input_file_ref idref="fl-2"/>
      </object_component>
      <object_component id="oc-15f">
         <name>.rodata.gUART_BTConfig</name>
         <load_address>0x1468</load_address>
         <readonly>true</readonly>
         <run_address>0x1468</run_address>
         <size>0xa</size>
         <alignment>0x2</alignment>
         <input_file_ref idref="fl-2"/>
      </object_component>
      <object_component id="oc-156">
         <name>.rodata.gI2C_2ClockConfig</name>
         <load_address>0x1472</load_address>
         <readonly>true</readonly>
         <run_address>0x1472</run_address>
         <size>0x2</size>
         <alignment>0x1</alignment>
         <input_file_ref idref="fl-2"/>
      </object_component>
      <object_component id="oc-148">
         <name>.rodata.gPWM_MotorConfig</name>
         <load_address>0x1474</load_address>
         <readonly>true</readonly>
         <run_address>0x1474</run_address>
         <size>0x8</size>
         <alignment>0x4</alignment>
         <input_file_ref idref="fl-2"/>
      </object_component>
      <object_component id="oc-147">
         <name>.rodata.gPWM_MotorClockConfig</name>
         <load_address>0x147c</load_address>
         <readonly>true</readonly>
         <run_address>0x147c</run_address>
         <size>0x3</size>
         <alignment>0x1</alignment>
         <input_file_ref idref="fl-2"/>
      </object_component>
      <object_component id="oc-149">
         <name>.rodata.gQEI_leftClockConfig</name>
         <load_address>0x147f</load_address>
         <readonly>true</readonly>
         <run_address>0x147f</run_address>
         <size>0x3</size>
         <alignment>0x1</alignment>
         <input_file_ref idref="fl-2"/>
      </object_component>
      <object_component id="oc-14a">
         <name>.rodata.gQEI_rightClockConfig</name>
         <load_address>0x1482</load_address>
         <readonly>true</readonly>
         <run_address>0x1482</run_address>
         <size>0x3</size>
         <alignment>0x1</alignment>
         <input_file_ref idref="fl-2"/>
      </object_component>
      <object_component id="oc-14c">
         <name>.rodata.gTimer_SoundClockConfig</name>
         <load_address>0x1485</load_address>
         <readonly>true</readonly>
         <run_address>0x1485</run_address>
         <size>0x3</size>
         <alignment>0x1</alignment>
         <input_file_ref idref="fl-2"/>
      </object_component>
      <object_component id="oc-14e">
         <name>.rodata.gTimer_TrackClockConfig</name>
         <load_address>0x1488</load_address>
         <readonly>true</readonly>
         <run_address>0x1488</run_address>
         <size>0x3</size>
         <alignment>0x1</alignment>
         <input_file_ref idref="fl-2"/>
      </object_component>
      <object_component id="oc-15e">
         <name>.rodata.gUART_BTClockConfig</name>
         <load_address>0x148b</load_address>
         <readonly>true</readonly>
         <run_address>0x148b</run_address>
         <size>0x2</size>
         <alignment>0x1</alignment>
         <input_file_ref idref="fl-2"/>
      </object_component>
      <object_component id="oc-179">
         <name>.binit</name>
         <load_address>0x0</load_address>
         <readonly>true</readonly>
         <run_address>0x0</run_address>
         <size>0x0</size>
         <alignment>0x4</alignment>
      </object_component>
      <object_component id="oc-b8">
         <name>.data.KP0</name>
         <load_address>0x20200238</load_address>
         <readwrite>true</readwrite>
         <run_address>0x20200238</run_address>
         <size>0x4</size>
         <alignment>0x4</alignment>
         <input_file_ref idref="fl-5"/>
      </object_component>
      <object_component id="oc-ba">
         <name>.data.KI0</name>
         <load_address>0x20200230</load_address>
         <readwrite>true</readwrite>
         <run_address>0x20200230</run_address>
         <size>0x4</size>
         <alignment>0x4</alignment>
         <input_file_ref idref="fl-5"/>
      </object_component>
      <object_component id="oc-b9">
         <name>.data.P0</name>
         <load_address>0x20200240</load_address>
         <readwrite>true</readwrite>
         <run_address>0x20200240</run_address>
         <size>0x4</size>
         <alignment>0x4</alignment>
         <input_file_ref idref="fl-5"/>
      </object_component>
      <object_component id="oc-bb">
         <name>.data.I0</name>
         <load_address>0x20200228</load_address>
         <readwrite>true</readwrite>
         <run_address>0x20200228</run_address>
         <size>0x4</size>
         <alignment>0x4</alignment>
         <input_file_ref idref="fl-5"/>
      </object_component>
      <object_component id="oc-bc">
         <name>.data.Speedbase</name>
         <load_address>0x20200248</load_address>
         <readwrite>true</readwrite>
         <run_address>0x20200248</run_address>
         <size>0x4</size>
         <alignment>0x4</alignment>
         <input_file_ref idref="fl-5"/>
      </object_component>
      <object_component id="oc-be">
         <name>.data.KP1</name>
         <load_address>0x2020023c</load_address>
         <readwrite>true</readwrite>
         <run_address>0x2020023c</run_address>
         <size>0x4</size>
         <alignment>0x4</alignment>
         <input_file_ref idref="fl-5"/>
      </object_component>
      <object_component id="oc-c0">
         <name>.data.KI1</name>
         <load_address>0x20200234</load_address>
         <readwrite>true</readwrite>
         <run_address>0x20200234</run_address>
         <size>0x4</size>
         <alignment>0x4</alignment>
         <input_file_ref idref="fl-5"/>
      </object_component>
      <object_component id="oc-bf">
         <name>.data.P1</name>
         <load_address>0x20200244</load_address>
         <readwrite>true</readwrite>
         <run_address>0x20200244</run_address>
         <size>0x4</size>
         <alignment>0x4</alignment>
         <input_file_ref idref="fl-5"/>
      </object_component>
      <object_component id="oc-c1">
         <name>.data.I1</name>
         <load_address>0x2020022c</load_address>
         <readwrite>true</readwrite>
         <run_address>0x2020022c</run_address>
         <size>0x4</size>
         <alignment>0x4</alignment>
         <input_file_ref idref="fl-5"/>
      </object_component>
      <object_component id="oc-c2">
         <name>.data.Speedvary</name>
         <load_address>0x2020024c</load_address>
         <readwrite>true</readwrite>
         <run_address>0x2020024c</run_address>
         <size>0x4</size>
         <alignment>0x4</alignment>
         <input_file_ref idref="fl-5"/>
      </object_component>
      <object_component id="oc-bd">
         <name>.data.position</name>
         <load_address>0x20200260</load_address>
         <readwrite>true</readwrite>
         <run_address>0x20200260</run_address>
         <size>0x4</size>
         <alignment>0x4</alignment>
         <input_file_ref idref="fl-5"/>
      </object_component>
      <object_component id="oc-7a">
         <name>.data.count</name>
         <load_address>0x20200250</load_address>
         <readwrite>true</readwrite>
         <run_address>0x20200250</run_address>
         <size>0x4</size>
         <alignment>0x4</alignment>
         <input_file_ref idref="fl-5"/>
      </object_component>
      <object_component id="oc-100">
         <name>.data.Track_currentdata</name>
         <load_address>0x20200218</load_address>
         <readwrite>true</readwrite>
         <run_address>0x20200218</run_address>
         <size>0x7</size>
         <alignment>0x1</alignment>
         <input_file_ref idref="fl-8"/>
      </object_component>
      <object_component id="oc-101">
         <name>.data.Track_lastdata</name>
         <load_address>0x2020021f</load_address>
         <readwrite>true</readwrite>
         <run_address>0x2020021f</run_address>
         <size>0x7</size>
         <alignment>0x1</alignment>
         <input_file_ref idref="fl-8"/>
      </object_component>
      <object_component id="oc-73">
         <name>.data.echo_rise_time</name>
         <load_address>0x2020025c</load_address>
         <readwrite>true</readwrite>
         <run_address>0x2020025c</run_address>
         <size>0x4</size>
         <alignment>0x4</alignment>
         <input_file_ref idref="fl-a"/>
      </object_component>
      <object_component id="oc-74">
         <name>.data.echo_fall_time</name>
         <load_address>0x20200258</load_address>
         <readwrite>true</readwrite>
         <run_address>0x20200258</run_address>
         <size>0x4</size>
         <alignment>0x4</alignment>
         <input_file_ref idref="fl-a"/>
      </object_component>
      <object_component id="oc-75">
         <name>.data.distance</name>
         <load_address>0x20200254</load_address>
         <readwrite>true</readwrite>
         <run_address>0x20200254</run_address>
         <size>0x4</size>
         <alignment>0x4</alignment>
         <input_file_ref idref="fl-a"/>
      </object_component>
      <object_component id="oc-122">
         <name>.common:gPWM_MotorBackup</name>
         <uninitialized>true</uninitialized>
         <readwrite>true</readwrite>
         <run_address>0x20200000</run_address>
         <size>0xbc</size>
         <alignment>0x4</alignment>
      </object_component>
      <object_component id="oc-123">
         <name>.common:gQEI_rightBackup</name>
         <uninitialized>true</uninitialized>
         <readwrite>true</readwrite>
         <run_address>0x20200178</run_address>
         <size>0xa0</size>
         <alignment>0x4</alignment>
      </object_component>
      <object_component id="oc-124">
         <name>.common:gTimer_TrackBackup</name>
         <uninitialized>true</uninitialized>
         <readwrite>true</readwrite>
         <run_address>0x202000bc</run_address>
         <size>0xbc</size>
         <alignment>0x4</alignment>
      </object_component>
      <object_component id="oc-1c">
         <name>.stack</name>
         <uninitialized>true</uninitialized>
         <readwrite>true</readwrite>
         <run_address>0x2020ff00</run_address>
         <size>0x4</size>
         <alignment>0x4</alignment>
         <input_file_ref idref="fl-32"/>
      </object_component>
      <object_component id="oc-1b6">
         <name>.stack</name>
         <uninitialized>true</uninitialized>
         <readwrite>true</readwrite>
         <run_address>0x2020ff00</run_address>
         <size>0x0</size>
         <alignment>0x8</alignment>
      </object_component>
      <object_component id="oc-d6">
         <name>.debug_abbrev</name>
         <load_address>0x0</load_address>
         <run_address>0x0</run_address>
         <size>0x73</size>
         <alignment>0x1</alignment>
         <input_file_ref idref="fl-1"/>
      </object_component>
      <object_component id="oc-125">
         <name>.debug_abbrev</name>
         <load_address>0x73</load_address>
         <run_address>0x73</run_address>
         <size>0x24e</size>
         <alignment>0x1</alignment>
         <input_file_ref idref="fl-2"/>
      </object_component>
      <object_component id="oc-41">
         <name>.debug_abbrev</name>
         <load_address>0x2c1</load_address>
         <run_address>0x2c1</run_address>
         <size>0x6d</size>
         <alignment>0x1</alignment>
         <input_file_ref idref="fl-3"/>
      </object_component>
      <object_component id="oc-7b">
         <name>.debug_abbrev</name>
         <load_address>0x32e</load_address>
         <run_address>0x32e</run_address>
         <size>0x129</size>
         <alignment>0x1</alignment>
         <input_file_ref idref="fl-5"/>
      </object_component>
      <object_component id="oc-102">
         <name>.debug_abbrev</name>
         <load_address>0x457</load_address>
         <run_address>0x457</run_address>
         <size>0x128</size>
         <alignment>0x1</alignment>
         <input_file_ref idref="fl-8"/>
      </object_component>
      <object_component id="oc-10b">
         <name>.debug_abbrev</name>
         <load_address>0x57f</load_address>
         <run_address>0x57f</run_address>
         <size>0x14f</size>
         <alignment>0x1</alignment>
         <input_file_ref idref="fl-9"/>
      </object_component>
      <object_component id="oc-76">
         <name>.debug_abbrev</name>
         <load_address>0x6ce</load_address>
         <run_address>0x6ce</run_address>
         <size>0x186</size>
         <alignment>0x1</alignment>
         <input_file_ref idref="fl-a"/>
      </object_component>
      <object_component id="oc-10d">
         <name>.debug_abbrev</name>
         <load_address>0x854</load_address>
         <run_address>0x854</run_address>
         <size>0x62</size>
         <alignment>0x1</alignment>
         <input_file_ref idref="fl-18"/>
      </object_component>
      <object_component id="oc-16c">
         <name>.debug_abbrev</name>
         <load_address>0x8b6</load_address>
         <run_address>0x8b6</run_address>
         <size>0x1e7</size>
         <alignment>0x1</alignment>
         <input_file_ref idref="fl-19"/>
      </object_component>
      <object_component id="oc-140">
         <name>.debug_abbrev</name>
         <load_address>0xa9d</load_address>
         <run_address>0xa9d</run_address>
         <size>0x286</size>
         <alignment>0x1</alignment>
         <input_file_ref idref="fl-1a"/>
      </object_component>
      <object_component id="oc-16e">
         <name>.debug_abbrev</name>
         <load_address>0xd23</load_address>
         <run_address>0xd23</run_address>
         <size>0x29b</size>
         <alignment>0x1</alignment>
         <input_file_ref idref="fl-1b"/>
      </object_component>
      <object_component id="oc-43">
         <name>.debug_abbrev</name>
         <load_address>0xfbe</load_address>
         <run_address>0xfbe</run_address>
         <size>0xaf</size>
         <alignment>0x1</alignment>
         <input_file_ref idref="fl-32"/>
      </object_component>
      <object_component id="oc-131">
         <name>.debug_abbrev</name>
         <load_address>0x106d</load_address>
         <run_address>0x106d</run_address>
         <size>0x170</size>
         <alignment>0x1</alignment>
         <input_file_ref idref="fl-34"/>
      </object_component>
      <object_component id="oc-cf">
         <name>.debug_abbrev</name>
         <load_address>0x11dd</load_address>
         <run_address>0x11dd</run_address>
         <size>0x39</size>
         <alignment>0x1</alignment>
         <input_file_ref idref="fl-35"/>
      </object_component>
      <object_component id="oc-7f">
         <name>.debug_abbrev</name>
         <load_address>0x1216</load_address>
         <run_address>0x1216</run_address>
         <size>0xc2</size>
         <alignment>0x1</alignment>
         <input_file_ref idref="fl-37"/>
      </object_component>
      <object_component id="oc-50">
         <name>.debug_abbrev</name>
         <load_address>0x12d8</load_address>
         <run_address>0x12d8</run_address>
         <size>0x70</size>
         <alignment>0x1</alignment>
         <input_file_ref idref="fl-38"/>
      </object_component>
      <object_component id="oc-48">
         <name>.debug_abbrev</name>
         <load_address>0x1348</load_address>
         <run_address>0x1348</run_address>
         <size>0x8d</size>
         <alignment>0x1</alignment>
         <input_file_ref idref="fl-39"/>
      </object_component>
      <object_component id="oc-12b">
         <name>.debug_abbrev</name>
         <load_address>0x13d5</load_address>
         <run_address>0x13d5</run_address>
         <size>0x98</size>
         <alignment>0x1</alignment>
         <input_file_ref idref="fl-3a"/>
      </object_component>
      <object_component id="oc-160">
         <name>.debug_abbrev</name>
         <load_address>0x146d</load_address>
         <run_address>0x146d</run_address>
         <size>0x2c</size>
         <alignment>0x1</alignment>
         <input_file_ref idref="fl-dc"/>
      </object_component>
      <object_component id="oc-f2">
         <name>.debug_abbrev</name>
         <load_address>0x1499</load_address>
         <run_address>0x1499</run_address>
         <size>0x27</size>
         <alignment>0x1</alignment>
         <input_file_ref idref="fl-dd"/>
      </object_component>
      <object_component id="oc-9d">
         <name>.debug_abbrev</name>
         <load_address>0x14c0</load_address>
         <run_address>0x14c0</run_address>
         <size>0x27</size>
         <alignment>0x1</alignment>
         <input_file_ref idref="fl-df"/>
      </object_component>
      <object_component id="oc-f1">
         <name>.debug_abbrev</name>
         <load_address>0x14e7</load_address>
         <run_address>0x14e7</run_address>
         <size>0x27</size>
         <alignment>0x1</alignment>
         <input_file_ref idref="fl-e0"/>
      </object_component>
      <object_component id="oc-f3">
         <name>.debug_abbrev</name>
         <load_address>0x150e</load_address>
         <run_address>0x150e</run_address>
         <size>0x27</size>
         <alignment>0x1</alignment>
         <input_file_ref idref="fl-e1"/>
      </object_component>
      <object_component id="oc-13f">
         <name>.debug_abbrev</name>
         <load_address>0x1535</load_address>
         <run_address>0x1535</run_address>
         <size>0x27</size>
         <alignment>0x1</alignment>
         <input_file_ref idref="fl-e2"/>
      </object_component>
      <object_component id="oc-9e">
         <name>.debug_abbrev</name>
         <load_address>0x155c</load_address>
         <run_address>0x155c</run_address>
         <size>0x27</size>
         <alignment>0x1</alignment>
         <input_file_ref idref="fl-e3"/>
      </object_component>
      <object_component id="oc-104">
         <name>.debug_abbrev</name>
         <load_address>0x1583</load_address>
         <run_address>0x1583</run_address>
         <size>0x27</size>
         <alignment>0x1</alignment>
         <input_file_ref idref="fl-e5"/>
      </object_component>
      <object_component id="oc-137">
         <name>.debug_abbrev</name>
         <load_address>0x15aa</load_address>
         <run_address>0x15aa</run_address>
         <size>0x27</size>
         <alignment>0x1</alignment>
         <input_file_ref idref="fl-e7"/>
      </object_component>
      <object_component id="oc-98">
         <name>.debug_abbrev</name>
         <load_address>0x15d1</load_address>
         <run_address>0x15d1</run_address>
         <size>0x27</size>
         <alignment>0x1</alignment>
         <input_file_ref idref="fl-e8"/>
      </object_component>
      <object_component id="oc-9f">
         <name>.debug_abbrev</name>
         <load_address>0x15f8</load_address>
         <run_address>0x15f8</run_address>
         <size>0x27</size>
         <alignment>0x1</alignment>
         <input_file_ref idref="fl-e9"/>
      </object_component>
      <object_component id="oc-13e">
         <name>.debug_abbrev</name>
         <load_address>0x161f</load_address>
         <run_address>0x161f</run_address>
         <size>0x27</size>
         <alignment>0x1</alignment>
         <input_file_ref idref="fl-ea"/>
      </object_component>
      <object_component id="oc-7e">
         <name>.debug_abbrev</name>
         <load_address>0x1646</load_address>
         <run_address>0x1646</run_address>
         <size>0x27</size>
         <alignment>0x1</alignment>
         <input_file_ref idref="fl-ec"/>
      </object_component>
      <object_component id="oc-16b">
         <name>.debug_abbrev</name>
         <load_address>0x166d</load_address>
         <run_address>0x166d</run_address>
         <size>0x25</size>
         <alignment>0x1</alignment>
         <input_file_ref idref="fl-ef"/>
      </object_component>
      <object_component id="oc-110">
         <name>.debug_abbrev</name>
         <load_address>0x1692</load_address>
         <run_address>0x1692</run_address>
         <size>0x25</size>
         <alignment>0x1</alignment>
         <input_file_ref idref="fl-f1"/>
      </object_component>
      <object_component id="oc-1b8">
         <name>.debug_abbrev</name>
         <load_address>0x16b7</load_address>
         <run_address>0x16b7</run_address>
         <size>0xf</size>
         <alignment>0x0</alignment>
      </object_component>
      <object_component id="oc-8b">
         <name>.debug_info</name>
         <load_address>0x0</load_address>
         <run_address>0x0</run_address>
         <size>0x96</size>
         <alignment>0x1</alignment>
         <input_file_ref idref="fl-1"/>
      </object_component>
      <object_component id="oc-d5">
         <name>.debug_info</name>
         <load_address>0x96</load_address>
         <run_address>0x96</run_address>
         <size>0x43e5</size>
         <alignment>0x1</alignment>
         <input_file_ref idref="fl-2"/>
      </object_component>
      <object_component id="oc-1b">
         <name>.debug_info</name>
         <load_address>0x447b</load_address>
         <run_address>0x447b</run_address>
         <size>0x80</size>
         <alignment>0x1</alignment>
         <input_file_ref idref="fl-3"/>
      </object_component>
      <object_component id="oc-40">
         <name>.debug_info</name>
         <load_address>0x44fb</load_address>
         <run_address>0x44fb</run_address>
         <size>0x890</size>
         <alignment>0x1</alignment>
         <input_file_ref idref="fl-5"/>
      </object_component>
      <object_component id="oc-ab">
         <name>.debug_info</name>
         <load_address>0x4d8b</load_address>
         <run_address>0x4d8b</run_address>
         <size>0x87e</size>
         <alignment>0x1</alignment>
         <input_file_ref idref="fl-8"/>
      </object_component>
      <object_component id="oc-b5">
         <name>.debug_info</name>
         <load_address>0x5609</load_address>
         <run_address>0x5609</run_address>
         <size>0x842</size>
         <alignment>0x1</alignment>
         <input_file_ref idref="fl-9"/>
      </object_component>
      <object_component id="oc-39">
         <name>.debug_info</name>
         <load_address>0x5e4b</load_address>
         <run_address>0x5e4b</run_address>
         <size>0x127b</size>
         <alignment>0x1</alignment>
         <input_file_ref idref="fl-a"/>
      </object_component>
      <object_component id="oc-c6">
         <name>.debug_info</name>
         <load_address>0x70c6</load_address>
         <run_address>0x70c6</run_address>
         <size>0x75</size>
         <alignment>0x1</alignment>
         <input_file_ref idref="fl-18"/>
      </object_component>
      <object_component id="oc-151">
         <name>.debug_info</name>
         <load_address>0x713b</load_address>
         <run_address>0x713b</run_address>
         <size>0xcd0</size>
         <alignment>0x1</alignment>
         <input_file_ref idref="fl-19"/>
      </object_component>
      <object_component id="oc-107">
         <name>.debug_info</name>
         <load_address>0x7e0b</load_address>
         <run_address>0x7e0b</run_address>
         <size>0x32ed</size>
         <alignment>0x1</alignment>
         <input_file_ref idref="fl-1a"/>
      </object_component>
      <object_component id="oc-15c">
         <name>.debug_info</name>
         <load_address>0xb0f8</load_address>
         <run_address>0xb0f8</run_address>
         <size>0x12cf</size>
         <alignment>0x1</alignment>
         <input_file_ref idref="fl-1b"/>
      </object_component>
      <object_component id="oc-1d">
         <name>.debug_info</name>
         <load_address>0xc3c7</load_address>
         <run_address>0xc3c7</run_address>
         <size>0x423</size>
         <alignment>0x1</alignment>
         <input_file_ref idref="fl-32"/>
      </object_component>
      <object_component id="oc-e2">
         <name>.debug_info</name>
         <load_address>0xc7ea</load_address>
         <run_address>0xc7ea</run_address>
         <size>0x744</size>
         <alignment>0x1</alignment>
         <input_file_ref idref="fl-34"/>
      </object_component>
      <object_component id="oc-88">
         <name>.debug_info</name>
         <load_address>0xcf2e</load_address>
         <run_address>0xcf2e</run_address>
         <size>0x46</size>
         <alignment>0x1</alignment>
         <input_file_ref idref="fl-35"/>
      </object_component>
      <object_component id="oc-56">
         <name>.debug_info</name>
         <load_address>0xcf74</load_address>
         <run_address>0xcf74</run_address>
         <size>0x192</size>
         <alignment>0x1</alignment>
         <input_file_ref idref="fl-37"/>
      </object_component>
      <object_component id="oc-24">
         <name>.debug_info</name>
         <load_address>0xd106</load_address>
         <run_address>0xd106</run_address>
         <size>0xc6</size>
         <alignment>0x1</alignment>
         <input_file_ref idref="fl-38"/>
      </object_component>
      <object_component id="oc-21">
         <name>.debug_info</name>
         <load_address>0xd1cc</load_address>
         <run_address>0xd1cc</run_address>
         <size>0x17c</size>
         <alignment>0x1</alignment>
         <input_file_ref idref="fl-39"/>
      </object_component>
      <object_component id="oc-d9">
         <name>.debug_info</name>
         <load_address>0xd348</load_address>
         <run_address>0xd348</run_address>
         <size>0xf8</size>
         <alignment>0x1</alignment>
         <input_file_ref idref="fl-3a"/>
      </object_component>
      <object_component id="oc-129">
         <name>.debug_info</name>
         <load_address>0xd440</load_address>
         <run_address>0xd440</run_address>
         <size>0x3b</size>
         <alignment>0x1</alignment>
         <input_file_ref idref="fl-dc"/>
      </object_component>
      <object_component id="oc-a1">
         <name>.debug_info</name>
         <load_address>0xd47b</load_address>
         <run_address>0xd47b</run_address>
         <size>0x199</size>
         <alignment>0x1</alignment>
         <input_file_ref idref="fl-dd"/>
      </object_component>
      <object_component id="oc-68">
         <name>.debug_info</name>
         <load_address>0xd614</load_address>
         <run_address>0xd614</run_address>
         <size>0x17f</size>
         <alignment>0x1</alignment>
         <input_file_ref idref="fl-df"/>
      </object_component>
      <object_component id="oc-9c">
         <name>.debug_info</name>
         <load_address>0xd793</load_address>
         <run_address>0xd793</run_address>
         <size>0x181</size>
         <alignment>0x1</alignment>
         <input_file_ref idref="fl-e0"/>
      </object_component>
      <object_component id="oc-a5">
         <name>.debug_info</name>
         <load_address>0xd914</load_address>
         <run_address>0xd914</run_address>
         <size>0x17f</size>
         <alignment>0x1</alignment>
         <input_file_ref idref="fl-e1"/>
      </object_component>
      <object_component id="oc-fd">
         <name>.debug_info</name>
         <load_address>0xda93</load_address>
         <run_address>0xda93</run_address>
         <size>0x17f</size>
         <alignment>0x1</alignment>
         <input_file_ref idref="fl-e2"/>
      </object_component>
      <object_component id="oc-6e">
         <name>.debug_info</name>
         <load_address>0xdc12</load_address>
         <run_address>0xdc12</run_address>
         <size>0x17f</size>
         <alignment>0x1</alignment>
         <input_file_ref idref="fl-e3"/>
      </object_component>
      <object_component id="oc-b0">
         <name>.debug_info</name>
         <load_address>0xdd91</load_address>
         <run_address>0xdd91</run_address>
         <size>0x181</size>
         <alignment>0x1</alignment>
         <input_file_ref idref="fl-e5"/>
      </object_component>
      <object_component id="oc-f6">
         <name>.debug_info</name>
         <load_address>0xdf12</load_address>
         <run_address>0xdf12</run_address>
         <size>0x185</size>
         <alignment>0x1</alignment>
         <input_file_ref idref="fl-e7"/>
      </object_component>
      <object_component id="oc-64">
         <name>.debug_info</name>
         <load_address>0xe097</load_address>
         <run_address>0xe097</run_address>
         <size>0x189</size>
         <alignment>0x1</alignment>
         <input_file_ref idref="fl-e8"/>
      </object_component>
      <object_component id="oc-71">
         <name>.debug_info</name>
         <load_address>0xe220</load_address>
         <run_address>0xe220</run_address>
         <size>0x187</size>
         <alignment>0x1</alignment>
         <input_file_ref idref="fl-e9"/>
      </object_component>
      <object_component id="oc-f9">
         <name>.debug_info</name>
         <load_address>0xe3a7</load_address>
         <run_address>0xe3a7</run_address>
         <size>0x209</size>
         <alignment>0x1</alignment>
         <input_file_ref idref="fl-ea"/>
      </object_component>
      <object_component id="oc-4d">
         <name>.debug_info</name>
         <load_address>0xe5b0</load_address>
         <run_address>0xe5b0</run_address>
         <size>0x18b</size>
         <alignment>0x1</alignment>
         <input_file_ref idref="fl-ec"/>
      </object_component>
      <object_component id="oc-139">
         <name>.debug_info</name>
         <load_address>0xe73b</load_address>
         <run_address>0xe73b</run_address>
         <size>0x1b3</size>
         <alignment>0x1</alignment>
         <input_file_ref idref="fl-ef"/>
      </object_component>
      <object_component id="oc-c8">
         <name>.debug_info</name>
         <load_address>0xe8ee</load_address>
         <run_address>0xe8ee</run_address>
         <size>0x2f3</size>
         <alignment>0x1</alignment>
         <input_file_ref idref="fl-f1"/>
      </object_component>
      <object_component id="oc-1b7">
         <name>.debug_info</name>
         <load_address>0xebe1</load_address>
         <run_address>0xebe1</run_address>
         <size>0xbe</size>
         <alignment>0x0</alignment>
      </object_component>
      <object_component id="oc-d7">
         <name>.debug_str</name>
         <load_address>0x0</load_address>
         <run_address>0x0</run_address>
         <size>0x11d</size>
         <alignment>0x1</alignment>
         <input_file_ref idref="fl-1"/>
      </object_component>
      <object_component id="oc-126">
         <name>.debug_str</name>
         <load_address>0x11d</load_address>
         <run_address>0x11d</run_address>
         <size>0x3274</size>
         <alignment>0x1</alignment>
         <input_file_ref idref="fl-2"/>
      </object_component>
      <object_component id="oc-42">
         <name>.debug_str</name>
         <load_address>0x3391</load_address>
         <run_address>0x3391</run_address>
         <size>0x175</size>
         <alignment>0x1</alignment>
         <input_file_ref idref="fl-3"/>
      </object_component>
      <object_component id="oc-7c">
         <name>.debug_str</name>
         <load_address>0x3506</load_address>
         <run_address>0x3506</run_address>
         <size>0x630</size>
         <alignment>0x1</alignment>
         <input_file_ref idref="fl-5"/>
      </object_component>
      <object_component id="oc-103">
         <name>.debug_str</name>
         <load_address>0x3b36</load_address>
         <run_address>0x3b36</run_address>
         <size>0x4e8</size>
         <alignment>0x1</alignment>
         <input_file_ref idref="fl-8"/>
      </object_component>
      <object_component id="oc-10c">
         <name>.debug_str</name>
         <load_address>0x401e</load_address>
         <run_address>0x401e</run_address>
         <size>0x4d1</size>
         <alignment>0x1</alignment>
         <input_file_ref idref="fl-9"/>
      </object_component>
      <object_component id="oc-77">
         <name>.debug_str</name>
         <load_address>0x44ef</load_address>
         <run_address>0x44ef</run_address>
         <size>0xac9</size>
         <alignment>0x1</alignment>
         <input_file_ref idref="fl-a"/>
      </object_component>
      <object_component id="oc-10e">
         <name>.debug_str</name>
         <load_address>0x4fb8</load_address>
         <run_address>0x4fb8</run_address>
         <size>0x178</size>
         <alignment>0x1</alignment>
         <input_file_ref idref="fl-18"/>
      </object_component>
      <object_component id="oc-16d">
         <name>.debug_str</name>
         <load_address>0x5130</load_address>
         <run_address>0x5130</run_address>
         <size>0x8ba</size>
         <alignment>0x1</alignment>
         <input_file_ref idref="fl-19"/>
      </object_component>
      <object_component id="oc-141">
         <name>.debug_str</name>
         <load_address>0x59ea</load_address>
         <run_address>0x59ea</run_address>
         <size>0x1fec</size>
         <alignment>0x1</alignment>
         <input_file_ref idref="fl-1a"/>
      </object_component>
      <object_component id="oc-16f">
         <name>.debug_str</name>
         <load_address>0x79d6</load_address>
         <run_address>0x79d6</run_address>
         <size>0xcfd</size>
         <alignment>0x1</alignment>
         <input_file_ref idref="fl-1b"/>
      </object_component>
      <object_component id="oc-44">
         <name>.debug_str</name>
         <load_address>0x86d3</load_address>
         <run_address>0x86d3</run_address>
         <size>0x21e</size>
         <alignment>0x1</alignment>
         <input_file_ref idref="fl-32"/>
      </object_component>
      <object_component id="oc-132">
         <name>.debug_str</name>
         <load_address>0x88f1</load_address>
         <run_address>0x88f1</run_address>
         <size>0x328</size>
         <alignment>0x1</alignment>
         <input_file_ref idref="fl-34"/>
      </object_component>
      <object_component id="oc-d0">
         <name>.debug_str</name>
         <load_address>0x8c19</load_address>
         <run_address>0x8c19</run_address>
         <size>0xee</size>
         <alignment>0x1</alignment>
         <input_file_ref idref="fl-35"/>
      </object_component>
      <object_component id="oc-80">
         <name>.debug_str</name>
         <load_address>0x8d07</load_address>
         <run_address>0x8d07</run_address>
         <size>0x194</size>
         <alignment>0x1</alignment>
         <input_file_ref idref="fl-37"/>
      </object_component>
      <object_component id="oc-51">
         <name>.debug_str</name>
         <load_address>0x8e9b</load_address>
         <run_address>0x8e9b</run_address>
         <size>0x161</size>
         <alignment>0x1</alignment>
         <input_file_ref idref="fl-38"/>
      </object_component>
      <object_component id="oc-49">
         <name>.debug_str</name>
         <load_address>0x8ffc</load_address>
         <run_address>0x8ffc</run_address>
         <size>0x1ce</size>
         <alignment>0x1</alignment>
         <input_file_ref idref="fl-39"/>
      </object_component>
      <object_component id="oc-12c">
         <name>.debug_str</name>
         <load_address>0x91ca</load_address>
         <run_address>0x91ca</run_address>
         <size>0x141</size>
         <alignment>0x1</alignment>
         <input_file_ref idref="fl-3a"/>
      </object_component>
      <object_component id="oc-161">
         <name>.debug_str</name>
         <load_address>0x930b</load_address>
         <run_address>0x930b</run_address>
         <size>0xe2</size>
         <alignment>0x1</alignment>
         <input_file_ref idref="fl-dc"/>
      </object_component>
      <object_component id="oc-8c">
         <name>.debug_frame</name>
         <load_address>0x0</load_address>
         <run_address>0x0</run_address>
         <size>0x20</size>
         <alignment>0x4</alignment>
         <input_file_ref idref="fl-1"/>
      </object_component>
      <object_component id="oc-d4">
         <name>.debug_frame</name>
         <load_address>0x20</load_address>
         <run_address>0x20</run_address>
         <size>0x15c</size>
         <alignment>0x4</alignment>
         <input_file_ref idref="fl-2"/>
      </object_component>
      <object_component id="oc-32">
         <name>.debug_frame</name>
         <load_address>0x17c</load_address>
         <run_address>0x17c</run_address>
         <size>0x30</size>
         <alignment>0x4</alignment>
         <input_file_ref idref="fl-3"/>
      </object_component>
      <object_component id="oc-3e">
         <name>.debug_frame</name>
         <load_address>0x1ac</load_address>
         <run_address>0x1ac</run_address>
         <size>0x60</size>
         <alignment>0x4</alignment>
         <input_file_ref idref="fl-5"/>
      </object_component>
      <object_component id="oc-a9">
         <name>.debug_frame</name>
         <load_address>0x20c</load_address>
         <run_address>0x20c</run_address>
         <size>0x40</size>
         <alignment>0x4</alignment>
         <input_file_ref idref="fl-8"/>
      </object_component>
      <object_component id="oc-b4">
         <name>.debug_frame</name>
         <load_address>0x24c</load_address>
         <run_address>0x24c</run_address>
         <size>0x6c</size>
         <alignment>0x4</alignment>
         <input_file_ref idref="fl-9"/>
      </object_component>
      <object_component id="oc-3a">
         <name>.debug_frame</name>
         <load_address>0x2b8</load_address>
         <run_address>0x2b8</run_address>
         <size>0x68</size>
         <alignment>0x4</alignment>
         <input_file_ref idref="fl-a"/>
      </object_component>
      <object_component id="oc-c4">
         <name>.debug_frame</name>
         <load_address>0x320</load_address>
         <run_address>0x320</run_address>
         <size>0x20</size>
         <alignment>0x4</alignment>
         <input_file_ref idref="fl-18"/>
      </object_component>
      <object_component id="oc-152">
         <name>.debug_frame</name>
         <load_address>0x340</load_address>
         <run_address>0x340</run_address>
         <size>0x12c</size>
         <alignment>0x4</alignment>
         <input_file_ref idref="fl-19"/>
      </object_component>
      <object_component id="oc-10a">
         <name>.debug_frame</name>
         <load_address>0x46c</load_address>
         <run_address>0x46c</run_address>
         <size>0x408</size>
         <alignment>0x4</alignment>
         <input_file_ref idref="fl-1a"/>
      </object_component>
      <object_component id="oc-15a">
         <name>.debug_frame</name>
         <load_address>0x874</load_address>
         <run_address>0x874</run_address>
         <size>0x1b8</size>
         <alignment>0x4</alignment>
         <input_file_ref idref="fl-1b"/>
      </object_component>
      <object_component id="oc-5b">
         <name>.debug_frame</name>
         <load_address>0xa2c</load_address>
         <run_address>0xa2c</run_address>
         <size>0x90</size>
         <alignment>0x4</alignment>
         <input_file_ref idref="fl-32"/>
      </object_component>
      <object_component id="oc-e1">
         <name>.debug_frame</name>
         <load_address>0xabc</load_address>
         <run_address>0xabc</run_address>
         <size>0x100</size>
         <alignment>0x4</alignment>
         <input_file_ref idref="fl-34"/>
      </object_component>
      <object_component id="oc-89">
         <name>.debug_frame</name>
         <load_address>0xbbc</load_address>
         <run_address>0xbbc</run_address>
         <size>0x20</size>
         <alignment>0x4</alignment>
         <input_file_ref idref="fl-35"/>
      </object_component>
      <object_component id="oc-57">
         <name>.debug_frame</name>
         <load_address>0xbdc</load_address>
         <run_address>0xbdc</run_address>
         <size>0x38</size>
         <alignment>0x4</alignment>
         <input_file_ref idref="fl-37"/>
      </object_component>
      <object_component id="oc-25">
         <name>.debug_frame</name>
         <load_address>0xc14</load_address>
         <run_address>0xc14</run_address>
         <size>0x28</size>
         <alignment>0x4</alignment>
         <input_file_ref idref="fl-38"/>
      </object_component>
      <object_component id="oc-20">
         <name>.debug_frame</name>
         <load_address>0xc3c</load_address>
         <run_address>0xc3c</run_address>
         <size>0x30</size>
         <alignment>0x4</alignment>
         <input_file_ref idref="fl-39"/>
      </object_component>
      <object_component id="oc-da">
         <name>.debug_frame</name>
         <load_address>0xc6c</load_address>
         <run_address>0xc6c</run_address>
         <size>0x30</size>
         <alignment>0x4</alignment>
         <input_file_ref idref="fl-3a"/>
      </object_component>
      <object_component id="oc-12a">
         <name>.debug_frame</name>
         <load_address>0xc9c</load_address>
         <run_address>0xc9c</run_address>
         <size>0x20</size>
         <alignment>0x4</alignment>
         <input_file_ref idref="fl-dc"/>
      </object_component>
      <object_component id="oc-8d">
         <name>.debug_line</name>
         <load_address>0x0</load_address>
         <run_address>0x0</run_address>
         <size>0x3e</size>
         <alignment>0x1</alignment>
         <input_file_ref idref="fl-1"/>
      </object_component>
      <object_component id="oc-d2">
         <name>.debug_line</name>
         <load_address>0x3e</load_address>
         <run_address>0x3e</run_address>
         <size>0x827</size>
         <alignment>0x1</alignment>
         <input_file_ref idref="fl-2"/>
      </object_component>
      <object_component id="oc-33">
         <name>.debug_line</name>
         <load_address>0x865</load_address>
         <run_address>0x865</run_address>
         <size>0xb8</size>
         <alignment>0x1</alignment>
         <input_file_ref idref="fl-3"/>
      </object_component>
      <object_component id="oc-3f">
         <name>.debug_line</name>
         <load_address>0x91d</load_address>
         <run_address>0x91d</run_address>
         <size>0x28a</size>
         <alignment>0x1</alignment>
         <input_file_ref idref="fl-5"/>
      </object_component>
      <object_component id="oc-ac">
         <name>.debug_line</name>
         <load_address>0xba7</load_address>
         <run_address>0xba7</run_address>
         <size>0x38b</size>
         <alignment>0x1</alignment>
         <input_file_ref idref="fl-8"/>
      </object_component>
      <object_component id="oc-b6">
         <name>.debug_line</name>
         <load_address>0xf32</load_address>
         <run_address>0xf32</run_address>
         <size>0x302</size>
         <alignment>0x1</alignment>
         <input_file_ref idref="fl-9"/>
      </object_component>
      <object_component id="oc-37">
         <name>.debug_line</name>
         <load_address>0x1234</load_address>
         <run_address>0x1234</run_address>
         <size>0x367</size>
         <alignment>0x1</alignment>
         <input_file_ref idref="fl-a"/>
      </object_component>
      <object_component id="oc-c5">
         <name>.debug_line</name>
         <load_address>0x159b</load_address>
         <run_address>0x159b</run_address>
         <size>0x179</size>
         <alignment>0x1</alignment>
         <input_file_ref idref="fl-18"/>
      </object_component>
      <object_component id="oc-155">
         <name>.debug_line</name>
         <load_address>0x1714</load_address>
         <run_address>0x1714</run_address>
         <size>0x6a9</size>
         <alignment>0x1</alignment>
         <input_file_ref idref="fl-19"/>
      </object_component>
      <object_component id="oc-109">
         <name>.debug_line</name>
         <load_address>0x1dbd</load_address>
[...]
      <symbol id="sm-93">
         <name>Default_Handler</name>
         <value>0xa97</value>
         <object_component_ref idref="oc-35"/>
      </symbol>
      <symbol id="sm-94">
         <name>Reset_Handler</name>
         <value>0x142d</value>
         <object_component_ref idref="oc-31"/>
      </symbol>
      <symbol id="sm-95">
         <name>interruptVectors</name>
         <value>0x0</value>
         <object_component_ref idref="oc-1a"/>
      </symbol>
      <symbol id="sm-96">
         <name>NMI_Handler</name>
         <value>0xa97</value>
         <object_component_ref idref="oc-35"/>
      </symbol>
      <symbol id="sm-97">
         <name>HardFault_Handler</name>
         <value>0xa97</value>
         <object_component_ref idref="oc-35"/>
      </symbol>
      <symbol id="sm-98">
         <name>SVC_Handler</name>
         <value>0xa97</value>
         <object_component_ref idref="oc-35"/>
      </symbol>
      <symbol id="sm-99">
         <name>PendSV_Handler</name>
         <value>0xa97</value>
         <object_component_ref idref="oc-35"/>
      </symbol>
      <symbol id="sm-9a">
         <name>SysTick_Handler</name>
         <value>0xa97</value>
         <object_component_ref idref="oc-35"/>
      </symbol>
      <symbol id="sm-9b">
         <name>GROUP0_IRQHandler</name>
         <value>0xa97</value>
         <object_component_ref idref="oc-35"/>
      </symbol>
      <symbol id="sm-9c">
         <name>TIMG8_IRQHandler</name>
         <value>0xa97</value>
         <object_component_ref idref="oc-35"/>
      </symbol>
      <symbol id="sm-9d">
         <name>UART3_IRQHandler</name>
         <value>0xa97</value>
         <object_component_ref idref="oc-35"/>
      </symbol>
      <symbol id="sm-9e">
         <name>ADC0_IRQHandler</name>
         <value>0xa97</value>
         <object_component_ref idref="oc-35"/>
      </symbol>
      <symbol id="sm-9f">
         <name>ADC1_IRQHandler</name>
         <value>0xa97</value>
         <object_component_ref idref="oc-35"/>
      </symbol>
      <symbol id="sm-a0">
         <name>CANFD0_IRQHandler</name>
         <value>0xa97</value>
         <object_component_ref idref="oc-35"/>
      </symbol>
      <symbol id="sm-a1">
         <name>DAC0_IRQHandler</name>
         <value>0xa97</value>
         <object_component_ref idref="oc-35"/>
      </symbol>
      <symbol id="sm-a2">
         <name>TIMG9_IRQHandler</name>
         <value>0xa97</value>
         <object_component_ref idref="oc-35"/>
      </symbol>
      <symbol id="sm-a3">
         <name>SPI0_IRQHandler</name>
         <value>0xa97</value>
         <object_component_ref idref="oc-35"/>
      </symbol>
      <symbol id="sm-a4">
         <name>SPI1_IRQHandler</name>
         <value>0xa97</value>
         <object_component_ref idref="oc-35"/>
      </symbol>
      <symbol id="sm-a5">
         <name>SPI2_IRQHandler</name>
         <value>0xa97</value>
         <object_component_ref idref="oc-35"/>
      </symbol>
      <symbol id="sm-a6">
         <name>CANFD1_IRQHandler</name>
         <value>0xa97</value>
         <object_component_ref idref="oc-35"/>
      </symbol>
      <symbol id="sm-a7">
         <name>UART1_IRQHandler</name>
         <value>0xa97</value>
         <object_component_ref idref="oc-35"/>
      </symbol>
      <symbol id="sm-a8">
         <name>UART4_IRQHandler</name>
         <value>0xa97</value>
         <object_component_ref idref="oc-35"/>
      </symbol>
      <symbol id="sm-a9">
         <name>UART0_IRQHandler</name>
         <value>0xa97</value>
         <object_component_ref idref="oc-35"/>
      </symbol>
      <symbol id="sm-aa">
         <name>TIMG0_IRQHandler</name>
         <value>0xa97</value>
         <object_component_ref idref="oc-35"/>
      </symbol>
      <symbol id="sm-ab">
         <name>TIMG6_IRQHandler</name>
         <value>0xa97</value>
         <object_component_ref idref="oc-35"/>
      </symbol>
      <symbol id="sm-ac">
         <name>TIMA0_IRQHandler</name>
         <value>0xa97</value>
         <object_component_ref idref="oc-35"/>
      </symbol>
      <symbol id="sm-ad">
         <name>TIMG7_IRQHandler</name>
         <value>0xa97</value>
         <object_component_ref idref="oc-35"/>
      </symbol>
      <symbol id="sm-ae">
         <name>TIMG12_IRQHandler</name>
         <value>0xa97</value>
         <object_component_ref idref="oc-35"/>
      </symbol>
      <symbol id="sm-af">
         <name>TIMG14_IRQHandler</name>
         <value>0xa97</value>
         <object_component_ref idref="oc-35"/>
      </symbol>
      <symbol id="sm-b0">
         <name>UART5_IRQHandler</name>
         <value>0xa97</value>
         <object_component_ref idref="oc-35"/>
      </symbol>
      <symbol id="sm-b1">
         <name>I2C0_IRQHandler</name>
         <value>0xa97</value>
         <object_component_ref idref="oc-35"/>
      </symbol>
      <symbol id="sm-b2">
         <name>I2C1_IRQHandler</name>
         <value>0xa97</value>
         <object_component_ref idref="oc-35"/>
      </symbol>
      <symbol id="sm-b3">
         <name>I2C2_IRQHandler</name>
         <value>0xa97</value>
         <object_component_ref idref="oc-35"/>
      </symbol>
      <symbol id="sm-b4">
         <name>UART7_IRQHandler</name>
         <value>0xa97</value>
         <object_component_ref idref="oc-35"/>
      </symbol>
      <symbol id="sm-b5">
         <name>AESADV_IRQHandler</name>
         <value>0xa97</value>
         <object_component_ref idref="oc-35"/>
      </symbol>
      <symbol id="sm-b6">
         <name>UART6_IRQHandler</name>
         <value>0xa97</value>
         <object_component_ref idref="oc-35"/>
      </symbol>
      <symbol id="sm-b7">
         <name>LFSS_IRQHandler</name>
         <value>0xa97</value>
         <object_component_ref idref="oc-35"/>
      </symbol>
      <symbol id="sm-b8">
         <name>DMA_IRQHandler</name>
         <value>0xa97</value>
         <object_component_ref idref="oc-35"/>
      </symbol>
      <symbol id="sm-c6">
         <name>Track_go</name>
         <value>0x595</value>
         <object_component_ref idref="oc-78"/>
      </symbol>
      <symbol id="sm-c7">
         <name>KP0</name>
         <value>0x20200238</value>
         <object_component_ref idref="oc-b8"/>
      </symbol>
      <symbol id="sm-c8">
         <name>P0</name>
         <value>0x20200240</value>
         <object_component_ref idref="oc-b9"/>
      </symbol>
      <symbol id="sm-c9">
         <name>KI0</name>
         <value>0x20200230</value>
         <object_component_ref idref="oc-ba"/>
      </symbol>
      <symbol id="sm-ca">
         <name>I0</name>
         <value>0x20200228</value>
         <object_component_ref idref="oc-bb"/>
      </symbol>
      <symbol id="sm-cb">
         <name>Speedbase</name>
         <value>0x20200248</value>
         <object_component_ref idref="oc-bc"/>
      </symbol>
      <symbol id="sm-cc">
         <name>position</name>
         <value>0x20200260</value>
         <object_component_ref idref="oc-bd"/>
      </symbol>
      <symbol id="sm-cd">
         <name>KP1</name>
         <value>0x2020023c</value>
         <object_component_ref idref="oc-be"/>
      </symbol>
      <symbol id="sm-ce">
         <name>P1</name>
         <value>0x20200244</value>
         <object_component_ref idref="oc-bf"/>
      </symbol>
      <symbol id="sm-cf">
         <name>KI1</name>
         <value>0x20200234</value>
         <object_component_ref idref="oc-c0"/>
      </symbol>
      <symbol id="sm-d0">
         <name>I1</name>
         <value>0x2020022c</value>
         <object_component_ref idref="oc-c1"/>
      </symbol>
      <symbol id="sm-d1">
         <name>Speedvary</name>
         <value>0x2020024c</value>
         <object_component_ref idref="oc-c2"/>
      </symbol>
      <symbol id="sm-d2">
         <name>TIMA1_IRQHandler</name>
         <value>0x1281</value>
         <object_component_ref idref="oc-3c"/>
      </symbol>
      <symbol id="sm-d3">
         <name>count</name>
         <value>0x20200250</value>
         <object_component_ref idref="oc-7a"/>
      </symbol>
      <symbol id="sm-e0">
         <name>Graysensor_GetPosition</name>
         <value>0xc1</value>
         <object_component_ref idref="oc-a8"/>
      </symbol>
      <symbol id="sm-e1">
         <name>Track_currentdata</name>
         <value>0x20200218</value>
         <object_component_ref idref="oc-100"/>
      </symbol>
      <symbol id="sm-e2">
         <name>Track_lastdata</name>
         <value>0x2020021f</value>
         <object_component_ref idref="oc-101"/>
      </symbol>
      <symbol id="sm-ed">
         <name>Motor_setSpeed</name>
         <value>0xcc5</value>
         <object_component_ref idref="oc-b2"/>
      </symbol>
      <symbol id="sm-fb">
         <name>Ustrasound_sendtrig</name>
         <value>0x1389</value>
         <object_component_ref idref="oc-79"/>
      </symbol>
      <symbol id="sm-fc">
         <name>distance</name>
         <value>0x20200254</value>
         <object_component_ref idref="oc-75"/>
      </symbol>
      <symbol id="sm-fd">
         <name>GROUP1_IRQHandler</name>
         <value>0xa99</value>
         <object_component_ref idref="oc-36"/>
      </symbol>
      <symbol id="sm-fe">
         <name>echo_rise_time</name>
         <value>0x2020025c</value>
         <object_component_ref idref="oc-73"/>
      </symbol>
      <symbol id="sm-ff">
         <name>echo_fall_time</name>
         <value>0x20200258</value>
         <object_component_ref idref="oc-74"/>
      </symbol>
      <symbol id="sm-100">
         <name>__TI_ATRegion0_src_addr</name>
         <value>0x0</value>
      </symbol>
      <symbol id="sm-101">
         <name>__TI_ATRegion0_trg_addr</name>
         <value>0x0</value>
      </symbol>
      <symbol id="sm-102">
         <name>__TI_ATRegion0_region_sz</name>
         <value>0x0</value>
      </symbol>
      <symbol id="sm-103">
         <name>__TI_ATRegion1_src_addr</name>
         <value>0x0</value>
      </symbol>
      <symbol id="sm-104">
         <name>__TI_ATRegion1_trg_addr</name>
         <value>0x0</value>
      </symbol>
      <symbol id="sm-105">
         <name>__TI_ATRegion1_region_sz</name>
         <value>0x0</value>
      </symbol>
      <symbol id="sm-106">
         <name>__TI_ATRegion2_src_addr</name>
         <value>0x0</value>
      </symbol>
      <symbol id="sm-107">
         <name>__TI_ATRegion2_trg_addr</name>
         <value>0x0</value>
      </symbol>
      <symbol id="sm-108">
         <name>__TI_ATRegion2_region_sz</name>
         <value>0x0</value>
      </symbol>
      <symbol id="sm-111">
         <name>DL_Common_delayCycles</name>
         <value>0x1409</value>
         <object_component_ref idref="oc-c3"/>
      </symbol>
      <symbol id="sm-11b">
         <name>DL_I2C_setClockConfig</name>
         <value>0x1305</value>
         <object_component_ref idref="oc-150"/>
      </symbol>
      <symbol id="sm-137">
         <name>DL_Timer_setClockConfig</name>
         <value>0x136d</value>
         <object_component_ref idref="oc-143"/>
      </symbol>
      <symbol id="sm-138">
         <name>DL_Timer_initTimerMode</name>
         <value>0x499</value>
         <object_component_ref idref="oc-14b"/>
      </symbol>
      <symbol id="sm-139">
         <name>DL_Timer_setCaptureCompareValue</name>
         <value>0x13f9</value>
         <object_component_ref idref="oc-105"/>
      </symbol>
      <symbol id="sm-13a">
         <name>DL_Timer_setCaptCompUpdateMethod</name>
         <value>0x1351</value>
         <object_component_ref idref="oc-146"/>
      </symbol>
      <symbol id="sm-13b">
         <name>DL_Timer_setCaptureCompareOutCtl</name>
         <value>0x13a5</value>
         <object_component_ref idref="oc-145"/>
      </symbol>
      <symbol id="sm-13c">
         <name>DL_Timer_initFourCCPWMMode</name>
         <value>0x395</value>
         <object_component_ref idref="oc-144"/>
      </symbol>
      <symbol id="sm-149">
         <name>DL_UART_init</name>
         <value>0x1091</value>
         <object_component_ref idref="oc-15d"/>
      </symbol>
      <symbol id="sm-14a">
         <name>DL_UART_setClockConfig</name>
         <value>0x13d3</value>
         <object_component_ref idref="oc-157"/>
      </symbol>
      <symbol id="sm-155">
         <name>_c_int00_noargs</name>
         <value>0x12dd</value>
         <object_component_ref idref="oc-5c"/>
      </symbol>
      <symbol id="sm-156">
         <name>__stack</name>
         <value>0x2020ff00</value>
         <object_component_ref idref="oc-1c"/>
      </symbol>
      <symbol id="sm-162">
         <name>__TI_auto_init_nobinit_nopinit</name>
         <value>0x1195</value>
         <object_component_ref idref="oc-df"/>
      </symbol>
      <symbol id="sm-16a">
         <name>_system_pre_init</name>
         <value>0x1431</value>
         <object_component_ref idref="oc-86"/>
      </symbol>
      <symbol id="sm-175">
         <name>__TI_zero_init_nomemset</name>
         <value>0x13bd</value>
         <object_component_ref idref="oc-53"/>
      </symbol>
      <symbol id="sm-17e">
         <name>__TI_decompress_none</name>
         <value>0x13e5</value>
         <object_component_ref idref="oc-22"/>
      </symbol>
      <symbol id="sm-189">
         <name>__TI_decompress_lzss</name>
         <value>0xd45</value>
         <object_component_ref idref="oc-1e"/>
      </symbol>
      <symbol id="sm-193">
         <name>abort</name>
         <value>0x1423</value>
         <object_component_ref idref="oc-d8"/>
      </symbol>
      <symbol id="sm-19d">
         <name>HOSTexit</name>
         <value>0x1429</value>
         <object_component_ref idref="oc-127"/>
      </symbol>
      <symbol id="sm-19e">
         <name>C$$EXIT</name>
         <value>0x1428</value>
         <object_component_ref idref="oc-127"/>
      </symbol>
      <symbol id="sm-1a4">
         <name>__aeabi_fadd</name>
         <value>0x92f</value>
         <object_component_ref idref="oc-a0"/>
      </symbol>
      <symbol id="sm-1a5">
         <name>__addsf3</name>
         <value>0x92f</value>
         <object_component_ref idref="oc-a0"/>
      </symbol>
      <symbol id="sm-1a6">
         <name>__aeabi_fsub</name>
         <value>0x925</value>
         <object_component_ref idref="oc-a0"/>
      </symbol>
      <symbol id="sm-1a7">
         <name>__subsf3</name>
         <value>0x925</value>
         <object_component_ref idref="oc-a0"/>
      </symbol>
      <symbol id="sm-1ad">
         <name>__aeabi_dmul</name>
         <value>0x769</value>
         <object_component_ref idref="oc-67"/>
      </symbol>
      <symbol id="sm-1ae">
         <name>__muldf3</name>
         <value>0x769</value>
         <object_component_ref idref="oc-67"/>
      </symbol>
      <symbol id="sm-1b4">
         <name>__muldsi3</name>
         <value>0x120d</value>
         <object_component_ref idref="oc-99"/>
      </symbol>
      <symbol id="sm-1ba">
         <name>__aeabi_fmul</name>
         <value>0xb2d</value>
         <object_component_ref idref="oc-a4"/>
      </symbol>
      <symbol id="sm-1bb">
         <name>__mulsf3</name>
         <value>0xb2d</value>
         <object_component_ref idref="oc-a4"/>
      </symbol>
      <symbol id="sm-1c1">
         <name>__aeabi_fdiv</name>
         <value>0xc41</value>
         <object_component_ref idref="oc-fc"/>
      </symbol>
      <symbol id="sm-1c2">
         <name>__divsf3</name>
         <value>0xc41</value>
         <object_component_ref idref="oc-fc"/>
      </symbol>
      <symbol id="sm-1c8">
         <name>__aeabi_ddiv</name>
         <value>0x289</value>
         <object_component_ref idref="oc-6b"/>
      </symbol>
      <symbol id="sm-1c9">
         <name>__divdf3</name>
         <value>0x289</value>
         <object_component_ref idref="oc-6b"/>
      </symbol>
      <symbol id="sm-1cf">
         <name>__aeabi_f2iz</name>
         <value>0x1249</value>
         <object_component_ref idref="oc-ae"/>
      </symbol>
      <symbol id="sm-1d0">
         <name>__fixsfsi</name>
         <value>0x1249</value>
         <object_component_ref idref="oc-ae"/>
      </symbol>
      <symbol id="sm-1d6">
         <name>__aeabi_i2f</name>
         <value>0x111d</value>
         <object_component_ref idref="oc-f4"/>
      </symbol>
      <symbol id="sm-1d7">
         <name>__floatsisf</name>
         <value>0x111d</value>
         <object_component_ref idref="oc-f4"/>
      </symbol>
      <symbol id="sm-1dd">
         <name>__aeabi_ui2d</name>
         <value>0x132d</value>
         <object_component_ref idref="oc-63"/>
      </symbol>
      <symbol id="sm-1de">
         <name>__floatunsidf</name>
         <value>0x132d</value>
         <object_component_ref idref="oc-63"/>
      </symbol>
      <symbol id="sm-1e5">
         <name>__aeabi_d2f</name>
         <value>0xdc1</value>
         <object_component_ref idref="oc-6f"/>
      </symbol>
      <symbol id="sm-1e6">
         <name>__truncdfsf2</name>
         <value>0xdc1</value>
         <object_component_ref idref="oc-6f"/>
      </symbol>
      <symbol id="sm-1ec">
         <name>__aeabi_fcmpeq</name>
         <value>0xea5</value>
         <object_component_ref idref="oc-f8"/>
      </symbol>
      <symbol id="sm-1ed">
         <name>__aeabi_fcmplt</name>
         <value>0xeb9</value>
         <object_component_ref idref="oc-f8"/>
      </symbol>
      <symbol id="sm-1ee">
         <name>__aeabi_fcmple</name>
         <value>0xecd</value>
         <object_component_ref idref="oc-f8"/>
      </symbol>
      <symbol id="sm-1ef">
         <name>__aeabi_fcmpge</name>
         <value>0xee1</value>
         <object_component_ref idref="oc-f8"/>
      </symbol>
      <symbol id="sm-1f0">
         <name>__aeabi_fcmpgt</name>
         <value>0xef5</value>
         <object_component_ref idref="oc-f8"/>
      </symbol>
      <symbol id="sm-1f6">
         <name>__aeabi_memcpy</name>
         <value>0x1415</value>
         <object_component_ref idref="oc-4c"/>
      </symbol>
      <symbol id="sm-1f7">
         <name>__aeabi_memcpy4</name>
         <value>0x1415</value>
         <object_component_ref idref="oc-4c"/>
      </symbol>
      <symbol id="sm-1f8">
         <name>__aeabi_memcpy8</name>
         <value>0x1415</value>
         <object_component_ref idref="oc-4c"/>
      </symbol>
      <symbol id="sm-201">
         <name>__eqsf2</name>
         <value>0x11d1</value>
         <object_component_ref idref="oc-138"/>
      </symbol>
      <symbol id="sm-202">
         <name>__lesf2</name>
         <value>0x11d1</value>
         <object_component_ref idref="oc-138"/>
      </symbol>
      <symbol id="sm-203">
         <name>__ltsf2</name>
         <value>0x11d1</value>
         <object_component_ref idref="oc-138"/>
      </symbol>
      <symbol id="sm-204">
         <name>__nesf2</name>
         <value>0x11d1</value>
         <object_component_ref idref="oc-138"/>
      </symbol>
      <symbol id="sm-205">
         <name>__cmpsf2</name>
         <value>0x11d1</value>
         <object_component_ref idref="oc-138"/>
      </symbol>
      <symbol id="sm-206">
         <name>__gtsf2</name>
         <value>0x1159</value>
         <object_component_ref idref="oc-13d"/>
      </symbol>
      <symbol id="sm-207">
         <name>__gesf2</name>
         <value>0x1159</value>
         <object_component_ref idref="oc-13d"/>
      </symbol>
      <symbol id="sm-221">
         <name>memcpy</name>
         <value>0x9fd</value>
         <object_component_ref idref="oc-cc"/>
      </symbol>
      <symbol id="sm-222">
         <name>__TI_static_base__</name>
         <value>0x0</value>
      </symbol>
      <symbol id="sm-225">
         <name>__mpu_init</name>
         <value>0x0</value>
      </symbol>
      <symbol id="sm-226">
         <name>_system_post_cinit</name>
         <value>0x0</value>
      </symbol>
   </symbol_table>
   <title>Link successful</title>
</link_info>
