******************************************************************************
            TI ARM Clang Linker PC v4.0.4                      
******************************************************************************
>> Linked Sat Apr 25 19:09:20 2026

OUTPUT FILE NAME:   <empty_LP_MSPM0G3519_nortos_ticlang.out>
ENTRY POINT SYMBOL: "_c_int00_noargs"  address: 00003789


MEMORY CONFIGURATION

         name            origin    length      used     unused   attr    fill
----------------------  --------  ---------  --------  --------  ----  --------
  FLASH                 00000000   00080000  00003d90  0007c270  R  X
  SRAM_BANK0            20200000   00010000  000007df  0000f821  RW X
  SRAM_BANK1            20210000   00010000  00000000  00010000  RW X
  BCR_CONFIG            41c00000   000000ff  00000000  000000ff  R   
  BSL_CONFIG            41c00100   00000080  00000000  00000080  R   
  DATA                  41d00000   00004000  00000000  00004000  R   


SEGMENT ALLOCATION MAP

run origin  load origin   length   init length attrs members
----------  ----------- ---------- ----------- ----- -------
00000000    00000000    00003d90   00003d90    r-x
  00000000    00000000    000000c0   000000c0    r-- .intvecs
  000000c0    000000c0    00003910   00003910    r-x .text
  000039d0    000039d0    00000390   00000390    r-- .rodata
  00003d60    00003d60    00000030   00000030    r-- .cinit
20200000    20200000    000006e0   00000000    rw-
  20200000    20200000    000006cb   00000000    rw- .bss
  202006cc    202006cc    00000014   00000000    rw- .data
2020ff00    2020ff00    00000100   00000000    rw-
  2020ff00    2020ff00    00000100   00000000    rw- .stack


SECTION ALLOCATION MAP

 output                                  attributes/
section   page    origin      length       input sections
--------  ----  ----------  ----------   ----------------
.intvecs   0    00000000    000000c0     
                  00000000    000000c0     startup_mspm0g351x_ticlang.o (.intvecs)

.text      0    000000c0    00003910     
                  000000c0    00000ae8     OLED.o (.text.OLED_Init)
                  00000ba8    000009d0     libc.a : _printfi.c.obj (.text:__TI_printfi)
                  00001578    00000468     OLED.o (.text.OLED_SetBlock)
                  000019e0    0000028c     OLED.o (.text.OLED_ShowFrame)
                  00001c6c    00000220     libc.a : _printfi.c.obj (.text._pconv_a)
                  00001e8c    000001dc            : _printfi.c.obj (.text._pconv_g)
                  00002068    00000192     libclang_rt.builtins.a : adddf3.S.obj (.text.adddf3_subdf3)
                  000021fa    00000002     startup_mspm0g351x_ticlang.o (.text.Default_Handler)
                  000021fc    0000013c     libc.a : _printfi.c.obj (.text.fcvt)
                  00002338    00000120            : _printfi.c.obj (.text._pconv_e)
                  00002458    0000010c     libclang_rt.builtins.a : divdf3.S.obj (.text.__divdf3)
                  00002564    00000104     driverlib.a : dl_timer.o (.text.DL_Timer_initFourCCPWMMode)
                  00002668    000000fc                 : dl_timer.o (.text.DL_Timer_initTimerMode)
                  00002764    000000f0     OLED.o (.text.OLED_SetBits_Fine)
                  00002854    000000e4     libclang_rt.builtins.a : muldf3.S.obj (.text.__muldf3)
                  00002938    000000e0     ti_msp_dl_config.o (.text.SYSCFG_DL_GPIO_init)
                  00002a18    000000d8     ti_msp_dl_config.o (.text.SYSCFG_DL_PWM_Motor_init)
                  00002af0    000000d8     libc.a : s_scalbn.c.obj (.text.scalbn)
                  00002bc8    000000a2     libclang_rt.builtins.a : udivmoddi4.S.obj (.text)
                  00002c6a    0000009a     libc.a : memcpy16.S.obj (.text:memcpy)
                  00002d04    00000094     ultrasound.o (.text.GROUP1_IRQHandler)
                  00002d98    0000007c     libc.a : copy_decompress_lzss.c.obj (.text:decompress:lzss)
                  00002e14    00000074     libclang_rt.builtins.a : comparedf2.c.obj (.text.__gedf2)
                  00002e88    00000008     libc.a : aeabi_portable.c.obj (.text.__aeabi_errno_addr)
                  00002e90    00000074     libclang_rt.builtins.a : truncdfsf2.S.obj (.text.__truncdfsf2)
                  00002f04    00000070     ti_msp_dl_config.o (.text.SYSCFG_DL_initPower)
                  00002f74    00000068     libclang_rt.builtins.a : comparedf2.c.obj (.text.__ledf2)
                  00002fdc    00000066     libc.a : _printfi.c.obj (.text._mcpy)
                  00003042    00000002     libclang_rt.builtins.a : aeabi_div0.c.obj (.text.__aeabi_idiv0)
                  00003044    00000062                            : aeabi_dcmp.S.obj (.text.__aeabi_dcmp)
                  000030a6    00000062     libc.a : memset16.S.obj (.text:memset)
                  00003108    00000060     empty.o (.text.main)
                  00003168    0000005e     driverlib.a : dl_i2c.o (.text.DL_I2C_fillControllerTXFIFO)
                  000031c6    00000002     libclang_rt.builtins.a : aeabi_div0.c.obj (.text.__aeabi_ldiv0)
                  000031c8    0000005c     libc.a : s_frexp.c.obj (.text.frexp)
                  00003224    00000058            : _ltoa.c.obj (.text.__TI_ltoa)
                  0000327c    00000058            : _printfi.c.obj (.text._pconv_f)
                  000032d4    00000056     libclang_rt.builtins.a : aeabi_idivmod.S.obj (.text.__aeabi_idivmod)
                  0000332a    00000002     --HOLE-- [fill = 0]
                  0000332c    00000054     ti_msp_dl_config.o (.text.SYSCFG_DL_I2C_2_init)
                  00003380    00000052     OLED.o (.text.OLED_PrintASCIIString)
                  000033d2    00000052     libc.a : _printfi.c.obj (.text._ecpy)
                  00003424    0000004c     ti_msp_dl_config.o (.text.SYSCFG_DL_QEI_left_init)
                  00003470    0000004c     ti_msp_dl_config.o (.text.SYSCFG_DL_QEI_right_init)
                  000034bc    0000004a     libclang_rt.builtins.a : fixdfsi.S.obj (.text.__fixdfsi)
                  00003506    00000002     --HOLE-- [fill = 0]
                  00003508    00000044     ti_msp_dl_config.o (.text.SYSCFG_DL_SYSCTL_init)
                  0000354c    00000044     ti_msp_dl_config.o (.text.SYSCFG_DL_init)
                  00003590    00000040     libclang_rt.builtins.a : aeabi_uidivmod.S.obj (.text.__aeabi_uidivmod)
                  000035d0    00000040                            : extendsfdf2.S.obj (.text.__extendsfdf2)
                  00003610    00000040     libc.a : atoi.c.obj (.text.atoi)
                  00003650    0000003c            : autoinit.c.obj (.text:__TI_auto_init_nobinit_nopinit)
                  0000368c    0000003a     libclang_rt.builtins.a : muldsi3.S.obj (.text.__muldsi3)
                  000036c6    00000002     --HOLE-- [fill = 0]
                  000036c8    00000038     libc.a : sprintf.c.obj (.text.sprintf)
                  00003700    00000030            : _printfi.c.obj (.text._fcpy)
                  00003730    0000002c     ti_msp_dl_config.o (.text.SYSCFG_DL_Timer_Sound_init)
                  0000375c    0000002c     libclang_rt.builtins.a : floatsidf.S.obj (.text.__floatsidf)
                  00003788    00000028     libc.a : boot_cortex_m.c.obj (.text:_c_int00_noargs)
                  000037b0    00000026     driverlib.a : dl_i2c.o (.text.DL_I2C_setClockConfig)
                  000037d6    00000002     --HOLE-- [fill = 0]
                  000037d8    00000024     libclang_rt.builtins.a : floatunsidf.S.obj (.text.__floatunsidf)
                  000037fc    00000024                            : muldi3.S.obj (.text.__muldi3)
                  00003820    00000022     libc.a : memccpy.c.obj (.text.memccpy)
                  00003842    00000002     --HOLE-- [fill = 0]
                  00003844    0000001e     libclang_rt.builtins.a : ashldi3.S.obj (.text.__ashldi3)
                  00003862    00000002     --HOLE-- [fill = 0]
                  00003864    0000001c     driverlib.a : dl_timer.o (.text.DL_Timer_setCaptCompUpdateMethod)
                  00003880    0000001c                 : dl_timer.o (.text.DL_Timer_setClockConfig)
                  0000389c    00000018                 : dl_timer.o (.text.DL_Timer_setCaptureCompareOutCtl)
                  000038b4    00000018     libc.a : sprintf.c.obj (.text._outs)
                  000038cc    00000014     OLED.o (.text.OLED_NewFrame)
                  000038e0    00000014     libclang_rt.builtins.a : aeabi_uldivmod.S.obj (.text.__aeabi_uldivmod)
                  000038f4    00000014     libc.a : _printfi.c.obj (.text.strchr)
                  00003908    00000012            : copy_decompress_none.c.obj (.text:decompress:none)
                  0000391a    00000002     --HOLE-- [fill = 0]
                  0000391c    00000010     driverlib.a : dl_timer.o (.text.DL_Timer_setCaptureCompareValue)
                  0000392c    00000010     libc.a : wcslen.c.obj (.text.wcslen)
                  0000393c    00000010            : copy_zero_init.c.obj (.text:decompress:ZI)
                  0000394c    0000000e     libclang_rt.builtins.a : aeabi_memset.S.obj (.text.__aeabi_memset)
                  0000395a    0000000e     libc.a : _printfi.c.obj (.text.strlen)
                  00003968    0000000c     libclang_rt.builtins.a : aeabi_memset.S.obj (.text.__aeabi_memclr)
                  00003974    0000000a     driverlib.a : dl_common.o (.text.DL_Common_delayCycles)
                  0000397e    0000000a     libc.a : _printfi.c.obj (.text.OUTLINED_FUNCTION_0)
                  00003988    00000010     libclang_rt.builtins.a : adddf3.S.obj (.tramp.__aeabi_dsub.1)
                  00003998    0000000a     libc.a : _printfi.c.obj (.text.OUTLINED_FUNCTION_1)
                  000039a2    0000000a            : sprintf.c.obj (.text._outc)
                  000039ac    00000008     libclang_rt.builtins.a : aeabi_memcpy.S.obj (.text.__aeabi_memcpy)
                  000039b4    00000006     libc.a : exit.c.obj (.text:abort)
                  000039ba    00000004     libsysbm.a : hostexit.c.obj (.text.HOSTexit)
                  000039be    00000004     startup_mspm0g351x_ticlang.o (.text.Reset_Handler)
                  000039c2    00000004     libc.a : pre_init.c.obj (.text._system_pre_init)
                  000039c6    0000000a     --HOLE-- [fill = 0]

.cinit     0    00003d60    00000030     
                  00003d60    0000000c     (__TI_handler_table)
                  00003d6c    00000008     (.cinit..bss.load) [load image, compression = zero_init]
                  00003d74    00000008     (.cinit..data.load) [load image, compression = lzss]
                  00003d7c    00000010     (__TI_cinit_table)
                  00003d8c    00000004     --HOLE-- [fill = 0]

.rodata    0    000039d0    00000390     
                  000039d0    00000228     font.o (.rodata.ascii_8x6)
                  00003bf8    00000008     font.o (.rodata.afont8x6)
                  00003c00    00000101     libc.a : aeabi_ctype.S.obj (.rodata:__aeabi_ctype_table_)
                  00003d01    00000003     ti_msp_dl_config.o (.rodata.gPWM_MotorClockConfig)
                  00003d04    00000014     ti_msp_dl_config.o (.rodata.gTimer_SoundTimerConfig)
                  00003d18    00000011     libc.a : _printfi.c.obj (.rodata.str1.10348868589481759720.1)
                  00003d29    00000011            : _printfi.c.obj (.rodata.str1.15363888844622738466.1)
                  00003d3a    0000000e     empty.o (.rodata.str1.9517790425240694019.1)
                  00003d48    00000008     ti_msp_dl_config.o (.rodata.gPWM_MotorConfig)
                  00003d50    00000003     ti_msp_dl_config.o (.rodata.gQEI_leftClockConfig)
                  00003d53    00000003     ti_msp_dl_config.o (.rodata.gQEI_rightClockConfig)
                  00003d56    00000003     ti_msp_dl_config.o (.rodata.gTimer_SoundClockConfig)
                  00003d59    00000002     ti_msp_dl_config.o (.rodata.gI2C_2ClockConfig)
                  00003d5b    00000005     --HOLE-- [fill = 0]

.init_array 
*          0    00000000    00000000     UNINITIALIZED

.binit     0    00000000    00000000     

.bss       0    20200000    000006cb     UNINITIALIZED
                  20200000    00000400     (.common:OLED_GRAM)
                  20200400    000000bc     (.common:gPWM_MotorBackup)
                  202004bc    000000bc     (.common:gTimer_SoundBackup)
                  20200578    000000a0     (.common:gQEI_rightBackup)
                  20200618    00000081     OLED.o (.bss.OLED_ShowFrame.sendBuffer)
                  20200699    00000032     (.common:distance_data)

.data      0    202006cc    00000014     UNINITIALIZED
                  202006cc    00000004     libc.a : aeabi_portable.c.obj (.data.__aeabi_errno)
                  202006d0    00000004     empty.o (.data.distance1)
                  202006d4    00000004     ultrasound.o (.data.distance)
                  202006d8    00000004     ultrasound.o (.data.echo_fall_time)
                  202006dc    00000004     ultrasound.o (.data.echo_rise_time)

.stack     0    2020ff00    00000100     UNINITIALIZED
                  2020ff00    00000004     libc.a : boot_cortex_m.c.obj (.stack)
                  2020ff04    000000fc     --HOLE--

__llvm_prf_cnts 
*          0    20200000    00000000     UNINITIALIZED

__llvm_prf_bits 
*          0    20200000    00000000     UNINITIALIZED

MODULE SUMMARY

       Module                         code    ro data   rw data
       ------                         ----    -------   -------
    .\
       ti_msp_dl_config.o             968     42        536    
       startup_mspm0g351x_ticlang.o   6       192       0      
       empty.o                        96      14        54     
    +--+------------------------------+-------+---------+---------+
       Total:                         1070    248       590    
                                                               
    .\my_drivers\Src\
       OLED.o                         4914    0         1153   
       font.o                         0       560       0      
       ultrasound.o                   148     0         12     
    +--+------------------------------+-------+---------+---------+
       Total:                         5062    560       1165   
                                                               
    C:/ti/mspm0_sdk_2_06_00_05/source/ti/driverlib/lib/ticlang/m0p/mspm0gx51x/driverlib.a
       dl_timer.o                     608     0         0      
       dl_i2c.o                       132     0         0      
       dl_common.o                    10      0         0      
    +--+------------------------------+-------+---------+---------+
       Total:                         750     0         0      
                                                               
    C:\ti\ccs2031\ccs\tools\compiler\ti-cgt-armllvm_4.0.4.LTS\lib\armv6m-ti-none-eabi/c/libc.a
       _printfi.c.obj                 4510    34        0      
       aeabi_ctype.S.obj              0       257       0      
       s_scalbn.c.obj                 216     0         0      
       memcpy16.S.obj                 154     0         0      
       copy_decompress_lzss.c.obj     124     0         0      
       memset16.S.obj                 98      0         0      
       s_frexp.c.obj                  92      0         0      
       sprintf.c.obj                  90      0         0      
       _ltoa.c.obj                    88      0         0      
       atoi.c.obj                     64      0         0      
       autoinit.c.obj                 60      0         0      
       boot_cortex_m.c.obj            40      0         0      
       memccpy.c.obj                  34      0         0      
       copy_decompress_none.c.obj     18      0         0      
       copy_zero_init.c.obj           16      0         0      
       wcslen.c.obj                   16      0         0      
       aeabi_portable.c.obj           8       0         4      
       exit.c.obj                     6       0         0      
       pre_init.c.obj                 4       0         0      
    +--+------------------------------+-------+---------+---------+
       Total:                         5638    291       4      
                                                               
    C:\ti\ccs2031\ccs\tools\compiler\ti-cgt-armllvm_4.0.4.LTS\lib\armv6m-ti-none-eabi/c/libsysbm.a
       hostexit.c.obj                 4       0         0      
    +--+------------------------------+-------+---------+---------+
       Total:                         4       0         0      
                                                               
    C:\ti\ccs2031\ccs\tools\compiler\ti-cgt-armllvm_4.0.4.LTS\lib\armv6m-ti-none-eabi/libclang_rt.builtins.a
       adddf3.S.obj                   418     0         0      
       divdf3.S.obj                   268     0         0      
       muldf3.S.obj                   228     0         0      
       comparedf2.c.obj               220     0         0      
       udivmoddi4.S.obj               162     0         0      
       truncdfsf2.S.obj               116     0         0      
       aeabi_dcmp.S.obj               98      0         0      
       aeabi_idivmod.S.obj            86      0         0      
       fixdfsi.S.obj                  74      0         0      
       aeabi_uidivmod.S.obj           64      0         0      
       extendsfdf2.S.obj              64      0         0      
       muldsi3.S.obj                  58      0         0      
       floatsidf.S.obj                44      0         0      
       floatunsidf.S.obj              36      0         0      
       muldi3.S.obj                   36      0         0      
       ashldi3.S.obj                  30      0         0      
       aeabi_memset.S.obj             26      0         0      
       aeabi_uldivmod.S.obj           20      0         0      
       aeabi_memcpy.S.obj             8       0         0      
       aeabi_div0.c.obj               4       0         0      
    +--+------------------------------+-------+---------+---------+
       Total:                         2060    0         0      
                                                               
       Stack:                         0       0         256    
       Linker Generated:              0       44        0      
    +--+------------------------------+-------+---------+---------+
       Grand Total:                   14584   1143      2015   


LINKER GENERATED COPY TABLES

__TI_cinit_table @ 00003d7c records: 2, size/record: 8, table size: 16
	.bss: load addr=00003d6c, load size=00000008 bytes, run addr=20200000, run size=000006cb bytes, compression=zero_init
	.data: load addr=00003d74, load size=00000008 bytes, run addr=202006cc, run size=00000014 bytes, compression=lzss


LINKER GENERATED HANDLER TABLE

__TI_handler_table @ 00003d60 records: 3, size/record: 4, table size: 12
	index: 0, handler: __TI_decompress_lzss
	index: 1, handler: __TI_decompress_none
	index: 2, handler: __TI_zero_init


FAR CALL TRAMPOLINES

callee name               trampoline name
   callee addr  tramp addr   call addr  call info
--------------  -----------  ---------  ----------------
__aeabi_dsub              $Tramp$TT$L$PI$$__aeabi_dsub
   00002069     00003988     00003986   libc.a : _printfi.c.obj (.text.OUTLINED_FUNCTION_0)

[1 trampolines]
[1 trampoline calls]


GLOBAL SYMBOLS: SORTED ALPHABETICALLY BY Name 

address   name                            
-------   ----                            
000021fb  ADC0_IRQHandler                 
000021fb  ADC1_IRQHandler                 
000021fb  AESADV_IRQHandler               
000039ba  C$$EXIT                         
000021fb  CANFD0_IRQHandler               
000021fb  CANFD1_IRQHandler               
000021fb  DAC0_IRQHandler                 
00003975  DL_Common_delayCycles           
00003169  DL_I2C_fillControllerTXFIFO     
000037b1  DL_I2C_setClockConfig           
00002565  DL_Timer_initFourCCPWMMode      
00002669  DL_Timer_initTimerMode          
00003865  DL_Timer_setCaptCompUpdateMethod
0000389d  DL_Timer_setCaptureCompareOutCtl
0000391d  DL_Timer_setCaptureCompareValue 
00003881  DL_Timer_setClockConfig         
000021fb  DMA_IRQHandler                  
000021fb  Default_Handler                 
000021fb  GROUP0_IRQHandler               
00002d05  GROUP1_IRQHandler               
000039bb  HOSTexit                        
000021fb  HardFault_Handler               
000021fb  I2C0_IRQHandler                 
000021fb  I2C1_IRQHandler                 
000021fb  I2C2_IRQHandler                 
000021fb  LFSS_IRQHandler                 
000021fb  NMI_Handler                     
20200000  OLED_GRAM                       
000000c1  OLED_Init                       
000038cd  OLED_NewFrame                   
00003381  OLED_PrintASCIIString           
00002765  OLED_SetBits_Fine               
00001579  OLED_SetBlock                   
000019e1  OLED_ShowFrame                  
000021fb  PendSV_Handler                  
000039bf  Reset_Handler                   
000021fb  SPI0_IRQHandler                 
000021fb  SPI1_IRQHandler                 
000021fb  SPI2_IRQHandler                 
000021fb  SVC_Handler                     
00002939  SYSCFG_DL_GPIO_init             
0000332d  SYSCFG_DL_I2C_2_init            
00002a19  SYSCFG_DL_PWM_Motor_init        
00003425  SYSCFG_DL_QEI_left_init         
00003471  SYSCFG_DL_QEI_right_init        
00003509  SYSCFG_DL_SYSCTL_init           
00003731  SYSCFG_DL_Timer_Sound_init      
0000354d  SYSCFG_DL_init                  
00002f05  SYSCFG_DL_initPower             
000021fb  SysTick_Handler                 
000021fb  TIMA0_IRQHandler                
000021fb  TIMA1_IRQHandler                
000021fb  TIMG0_IRQHandler                
000021fb  TIMG12_IRQHandler               
000021fb  TIMG14_IRQHandler               
000021fb  TIMG6_IRQHandler                
000021fb  TIMG7_IRQHandler                
000021fb  TIMG8_IRQHandler                
000021fb  TIMG9_IRQHandler                
000021fb  UART0_IRQHandler                
000021fb  UART1_IRQHandler                
000021fb  UART3_IRQHandler                
000021fb  UART4_IRQHandler                
000021fb  UART5_IRQHandler                
000021fb  UART6_IRQHandler                
000021fb  UART7_IRQHandler                
20210000  __STACK_END                     
00000100  __STACK_SIZE                    
00000000  __TI_ATRegion0_region_sz        
00000000  __TI_ATRegion0_src_addr         
00000000  __TI_ATRegion0_trg_addr         
00000000  __TI_ATRegion1_region_sz        
00000000  __TI_ATRegion1_src_addr         
00000000  __TI_ATRegion1_trg_addr         
00000000  __TI_ATRegion2_region_sz        
00000000  __TI_ATRegion2_src_addr         
00000000  __TI_ATRegion2_trg_addr         
00003d7c  __TI_CINIT_Base                 
00003d8c  __TI_CINIT_Limit                
00003d8c  __TI_CINIT_Warm                 
00003d60  __TI_Handler_Table_Base         
00003d6c  __TI_Handler_Table_Limit        
00003651  __TI_auto_init_nobinit_nopinit  
00002d99  __TI_decompress_lzss            
00003909  __TI_decompress_none            
00003225  __TI_ltoa                       
ffffffff  __TI_pprof_out_hndl             
00000ba9  __TI_printfi                    
ffffffff  __TI_prof_data_size             
ffffffff  __TI_prof_data_start            
00000000  __TI_static_base__              
0000393d  __TI_zero_init                  
00002073  __adddf3                        
00003c00  __aeabi_ctype_table_            
00003c00  __aeabi_ctype_table_C           
00002e91  __aeabi_d2f                     
000034bd  __aeabi_d2iz                    
00002073  __aeabi_dadd                    
00003045  __aeabi_dcmpeq                  
00003081  __aeabi_dcmpge                  
00003095  __aeabi_dcmpgt                  
0000306d  __aeabi_dcmple                  
00003059  __aeabi_dcmplt                  
00002459  __aeabi_ddiv                    
00002855  __aeabi_dmul                    
00002069  __aeabi_dsub                    
202006cc  __aeabi_errno                   
00002e89  __aeabi_errno_addr              
000035d1  __aeabi_f2d                     
0000375d  __aeabi_i2d                     
000032d5  __aeabi_idiv                    
00003043  __aeabi_idiv0                   
000032d5  __aeabi_idivmod                 
000031c7  __aeabi_ldiv0                   
00003845  __aeabi_llsl                    
000037fd  __aeabi_lmul                    
00003969  __aeabi_memclr                  
00003969  __aeabi_memclr4                 
00003969  __aeabi_memclr8                 
000039ad  __aeabi_memcpy                  
000039ad  __aeabi_memcpy4                 
000039ad  __aeabi_memcpy8                 
0000394d  __aeabi_memset                  
0000394d  __aeabi_memset4                 
0000394d  __aeabi_memset8                 
000037d9  __aeabi_ui2d                    
00003591  __aeabi_uidiv                   
00003591  __aeabi_uidivmod                
000038e1  __aeabi_uldivmod                
00003845  __ashldi3                       
ffffffff  __binit__                       
00002f75  __cmpdf2                        
00002459  __divdf3                        
00002f75  __eqdf2                         
000035d1  __extendsfdf2                   
000034bd  __fixdfsi                       
0000375d  __floatsidf                     
000037d9  __floatunsidf                   
00002e15  __gedf2                         
00002e15  __gtdf2                         
00002f75  __ledf2                         
00002f75  __ltdf2                         
UNDEFED   __mpu_init                      
00002855  __muldf3                        
000037fd  __muldi3                        
0000368d  __muldsi3                       
00002f75  __nedf2                         
2020ff00  __stack                         
20200000  __start___llvm_prf_bits         
20200000  __start___llvm_prf_cnts         
20200000  __stop___llvm_prf_bits          
20200000  __stop___llvm_prf_cnts          
00002069  __subdf3                        
00002e91  __truncdfsf2                    
00002bc9  __udivmoddi4                    
00003789  _c_int00_noargs                 
UNDEFED   _system_post_cinit              
000039c3  _system_pre_init                
000039b5  abort                           
00003bf8  afont8x6                        
000039d0  ascii_8x6                       
00003611  atoi                            
ffffffff  binit                           
202006d4  distance                        
202006d0  distance1                       
20200699  distance_data                   
202006d8  echo_fall_time                  
202006dc  echo_rise_time                  
000031c9  frexp                           
000031c9  frexpl                          
20200400  gPWM_MotorBackup                
20200578  gQEI_rightBackup                
202004bc  gTimer_SoundBackup              
00000000  interruptVectors                
00002af1  ldexp                           
00002af1  ldexpl                          
00003109  main                            
00003821  memccpy                         
00002c6b  memcpy                          
000030a7  memset                          
00002af1  scalbn                          
00002af1  scalbnl                         
000036c9  sprintf                         
0000392d  wcslen                          


GLOBAL SYMBOLS: SORTED BY Symbol Address 

address   name                            
-------   ----                            
00000000  __TI_ATRegion0_region_sz        
00000000  __TI_ATRegion0_src_addr         
00000000  __TI_ATRegion0_trg_addr         
00000000  __TI_ATRegion1_region_sz        
00000000  __TI_ATRegion1_src_addr         
00000000  __TI_ATRegion1_trg_addr         
00000000  __TI_ATRegion2_region_sz        
00000000  __TI_ATRegion2_src_addr         
00000000  __TI_ATRegion2_trg_addr         
00000000  __TI_static_base__              
00000000  interruptVectors                
000000c1  OLED_Init                       
00000100  __STACK_SIZE                    
00000ba9  __TI_printfi                    
00001579  OLED_SetBlock                   
000019e1  OLED_ShowFrame                  
00002069  __aeabi_dsub                    
00002069  __subdf3                        
00002073  __adddf3                        
00002073  __aeabi_dadd                    
000021fb  ADC0_IRQHandler                 
000021fb  ADC1_IRQHandler                 
000021fb  AESADV_IRQHandler               
000021fb  CANFD0_IRQHandler               
000021fb  CANFD1_IRQHandler               
000021fb  DAC0_IRQHandler                 
000021fb  DMA_IRQHandler                  
000021fb  Default_Handler                 
000021fb  GROUP0_IRQHandler               
000021fb  HardFault_Handler               
000021fb  I2C0_IRQHandler                 
000021fb  I2C1_IRQHandler                 
000021fb  I2C2_IRQHandler                 
000021fb  LFSS_IRQHandler                 
000021fb  NMI_Handler                     
000021fb  PendSV_Handler                  
000021fb  SPI0_IRQHandler                 
000021fb  SPI1_IRQHandler                 
000021fb  SPI2_IRQHandler                 
000021fb  SVC_Handler                     
000021fb  SysTick_Handler                 
000021fb  TIMA0_IRQHandler                
000021fb  TIMA1_IRQHandler                
000021fb  TIMG0_IRQHandler                
000021fb  TIMG12_IRQHandler               
000021fb  TIMG14_IRQHandler               
000021fb  TIMG6_IRQHandler                
000021fb  TIMG7_IRQHandler                
000021fb  TIMG8_IRQHandler                
000021fb  TIMG9_IRQHandler                
000021fb  UART0_IRQHandler                
000021fb  UART1_IRQHandler                
000021fb  UART3_IRQHandler                
000021fb  UART4_IRQHandler                
000021fb  UART5_IRQHandler                
000021fb  UART6_IRQHandler                
000021fb  UART7_IRQHandler                
00002459  __aeabi_ddiv                    
00002459  __divdf3                        
00002565  DL_Timer_initFourCCPWMMode      
00002669  DL_Timer_initTimerMode          
00002765  OLED_SetBits_Fine               
00002855  __aeabi_dmul                    
00002855  __muldf3                        
00002939  SYSCFG_DL_GPIO_init             
00002a19  SYSCFG_DL_PWM_Motor_init        
00002af1  ldexp                           
00002af1  ldexpl                          
00002af1  scalbn                          
00002af1  scalbnl                         
00002bc9  __udivmoddi4                    
00002c6b  memcpy                          
00002d05  GROUP1_IRQHandler               
00002d99  __TI_decompress_lzss            
00002e15  __gedf2                         
00002e15  __gtdf2                         
00002e89  __aeabi_errno_addr              
00002e91  __aeabi_d2f                     
00002e91  __truncdfsf2                    
00002f05  SYSCFG_DL_initPower             
00002f75  __cmpdf2                        
00002f75  __eqdf2                         
00002f75  __ledf2                         
00002f75  __ltdf2                         
00002f75  __nedf2                         
00003043  __aeabi_idiv0                   
00003045  __aeabi_dcmpeq                  
00003059  __aeabi_dcmplt                  
0000306d  __aeabi_dcmple                  
00003081  __aeabi_dcmpge                  
00003095  __aeabi_dcmpgt                  
000030a7  memset                          
00003109  main                            
00003169  DL_I2C_fillControllerTXFIFO     
000031c7  __aeabi_ldiv0                   
000031c9  frexp                           
000031c9  frexpl                          
00003225  __TI_ltoa                       
000032d5  __aeabi_idiv                    
000032d5  __aeabi_idivmod                 
0000332d  SYSCFG_DL_I2C_2_init            
00003381  OLED_PrintASCIIString           
00003425  SYSCFG_DL_QEI_left_init         
00003471  SYSCFG_DL_QEI_right_init        
000034bd  __aeabi_d2iz                    
000034bd  __fixdfsi                       
00003509  SYSCFG_DL_SYSCTL_init           
0000354d  SYSCFG_DL_init                  
00003591  __aeabi_uidiv                   
00003591  __aeabi_uidivmod                
000035d1  __aeabi_f2d                     
000035d1  __extendsfdf2                   
00003611  atoi                            
00003651  __TI_auto_init_nobinit_nopinit  
0000368d  __muldsi3                       
000036c9  sprintf                         
00003731  SYSCFG_DL_Timer_Sound_init      
0000375d  __aeabi_i2d                     
0000375d  __floatsidf                     
00003789  _c_int00_noargs                 
000037b1  DL_I2C_setClockConfig           
000037d9  __aeabi_ui2d                    
000037d9  __floatunsidf                   
000037fd  __aeabi_lmul                    
000037fd  __muldi3                        
00003821  memccpy                         
00003845  __aeabi_llsl                    
00003845  __ashldi3                       
00003865  DL_Timer_setCaptCompUpdateMethod
00003881  DL_Timer_setClockConfig         
0000389d  DL_Timer_setCaptureCompareOutCtl
000038cd  OLED_NewFrame                   
000038e1  __aeabi_uldivmod                
00003909  __TI_decompress_none            
0000391d  DL_Timer_setCaptureCompareValue 
0000392d  wcslen                          
0000393d  __TI_zero_init                  
0000394d  __aeabi_memset                  
0000394d  __aeabi_memset4                 
0000394d  __aeabi_memset8                 
00003969  __aeabi_memclr                  
00003969  __aeabi_memclr4                 
00003969  __aeabi_memclr8                 
00003975  DL_Common_delayCycles           
000039ad  __aeabi_memcpy                  
000039ad  __aeabi_memcpy4                 
000039ad  __aeabi_memcpy8                 
000039b5  abort                           
000039ba  C$$EXIT                         
000039bb  HOSTexit                        
000039bf  Reset_Handler                   
000039c3  _system_pre_init                
000039d0  ascii_8x6                       
00003bf8  afont8x6                        
00003c00  __aeabi_ctype_table_            
00003c00  __aeabi_ctype_table_C           
00003d60  __TI_Handler_Table_Base         
00003d6c  __TI_Handler_Table_Limit        
00003d7c  __TI_CINIT_Base                 
00003d8c  __TI_CINIT_Limit                
00003d8c  __TI_CINIT_Warm                 
20200000  OLED_GRAM                       
20200000  __start___llvm_prf_bits         
20200000  __start___llvm_prf_cnts         
20200000  __stop___llvm_prf_bits          
20200000  __stop___llvm_prf_cnts          
20200400  gPWM_MotorBackup                
202004bc  gTimer_SoundBackup              
20200578  gQEI_rightBackup                
20200699  distance_data                   
202006cc  __aeabi_errno                   
202006d0  distance1                       
202006d4  distance                        
202006d8  echo_fall_time                  
202006dc  echo_rise_time                  
2020ff00  __stack                         
20210000  __STACK_END                     
ffffffff  __TI_pprof_out_hndl             
ffffffff  __TI_prof_data_size             
ffffffff  __TI_prof_data_start            
ffffffff  __binit__                       
ffffffff  binit                           
UNDEFED   __mpu_init                      
UNDEFED   _system_post_cinit              

[184 symbols]
