******************************************************************************
            TI ARM Clang Linker PC v4.0.4                      
******************************************************************************
>> Linked Sat Apr 25 19:47:41 2026

OUTPUT FILE NAME:   <empty_LP_MSPM0G3519_nortos_ticlang.out>
ENTRY POINT SYMBOL: "_c_int00_noargs"  address: 00000b4d


MEMORY CONFIGURATION

         name            origin    length      used     unused   attr    fill
----------------------  --------  ---------  --------  --------  ----  --------
  FLASH                 00000000   00080000  00000cf8  0007f308  R  X
  SRAM_BANK0            20200000   00010000  00000324  0000fcdc  RW X
  SRAM_BANK1            20210000   00010000  00000000  00010000  RW X
  BCR_CONFIG            41c00000   000000ff  00000000  000000ff  R   
  BSL_CONFIG            41c00100   00000080  00000000  00000080  R   
  DATA                  41d00000   00004000  00000000  00004000  R   


SEGMENT ALLOCATION MAP

run origin  load origin   length   init length attrs members
----------  ----------- ---------- ----------- ----- -------
00000000    00000000    00000cf8   00000cf8    r-x
  00000000    00000000    000000c0   000000c0    r-- .intvecs
  000000c0    000000c0    00000bc0   00000bc0    r-x .text
  00000c80    00000c80    00000048   00000048    r-- .rodata
  00000cc8    00000cc8    00000030   00000030    r-- .cinit
20200000    20200000    00000224   00000000    rw-
  20200000    20200000    00000218   00000000    rw- .bss
  20200218    20200218    0000000c   00000000    rw- .data
2020ff00    2020ff00    00000100   00000000    rw-
  2020ff00    2020ff00    00000100   00000000    rw- .stack


SECTION ALLOCATION MAP

 output                                  attributes/
section   page    origin      length       input sections
--------  ----  ----------  ----------   ----------------
.intvecs   0    00000000    000000c0     
                  00000000    000000c0     startup_mspm0g351x_ticlang.o (.intvecs)

.text      0    000000c0    00000bc0     
                  000000c0    0000010c     libclang_rt.builtins.a : divdf3.S.obj (.text.__divdf3)
                  000001cc    00000104     driverlib.a : dl_timer.o (.text.DL_Timer_initFourCCPWMMode)
                  000002d0    000000fc                 : dl_timer.o (.text.DL_Timer_initTimerMode)
                  000003cc    000000e4     libclang_rt.builtins.a : muldf3.S.obj (.text.__muldf3)
                  000004b0    000000e0     ti_msp_dl_config.o (.text.SYSCFG_DL_GPIO_init)
                  00000590    000000d8     ti_msp_dl_config.o (.text.SYSCFG_DL_PWM_Motor_init)
                  00000668    0000009a     libc.a : memcpy16.S.obj (.text:memcpy)
                  00000702    00000002     startup_mspm0g351x_ticlang.o (.text.Default_Handler)
                  00000704    00000094     ultrasound.o (.text.GROUP1_IRQHandler)
                  00000798    0000007c     ti_msp_dl_config.o (.text.SYSCFG_DL_initPower)
                  00000814    0000007c     libc.a : copy_decompress_lzss.c.obj (.text:decompress:lzss)
                  00000890    00000074     libclang_rt.builtins.a : truncdfsf2.S.obj (.text.__truncdfsf2)
                  00000904    00000054     ti_msp_dl_config.o (.text.SYSCFG_DL_I2C_2_init)
                  00000958    0000004c     ti_msp_dl_config.o (.text.SYSCFG_DL_QEI_left_init)
                  000009a4    0000004c     ti_msp_dl_config.o (.text.SYSCFG_DL_QEI_right_init)
                  000009f0    00000048     ti_msp_dl_config.o (.text.SYSCFG_DL_init)
                  00000a38    00000044     ti_msp_dl_config.o (.text.SYSCFG_DL_SYSCTL_init)
                  00000a7c    0000003c     libc.a : autoinit.c.obj (.text:__TI_auto_init_nobinit_nopinit)
                  00000ab8    0000003a     libclang_rt.builtins.a : muldsi3.S.obj (.text.__muldsi3)
                  00000af2    00000002     --HOLE-- [fill = 0]
                  00000af4    0000002c     ti_msp_dl_config.o (.text.SYSCFG_DL_Timer_Sound_init)
                  00000b20    0000002c     ti_msp_dl_config.o (.text.SYSCFG_DL_Timer_Track_init)
                  00000b4c    00000028     libc.a : boot_cortex_m.c.obj (.text:_c_int00_noargs)
                  00000b74    00000026     driverlib.a : dl_i2c.o (.text.DL_I2C_setClockConfig)
                  00000b9a    00000002     --HOLE-- [fill = 0]
                  00000b9c    00000024     libclang_rt.builtins.a : floatunsidf.S.obj (.text.__floatunsidf)
                  00000bc0    0000001c     driverlib.a : dl_timer.o (.text.DL_Timer_setCaptCompUpdateMethod)
                  00000bdc    0000001c                 : dl_timer.o (.text.DL_Timer_setClockConfig)
                  00000bf8    00000018                 : dl_timer.o (.text.DL_Timer_setCaptureCompareOutCtl)
                  00000c10    00000016     libc.a : copy_zero_init.c.obj (.text:decompress:ZI:__TI_zero_init_nomemset)
                  00000c26    00000012            : copy_decompress_none.c.obj (.text:decompress:none)
                  00000c38    00000010     driverlib.a : dl_timer.o (.text.DL_Timer_setCaptureCompareValue)
                  00000c48    0000000a                 : dl_common.o (.text.DL_Common_delayCycles)
                  00000c52    00000002     --HOLE-- [fill = 0]
                  00000c54    00000008     libclang_rt.builtins.a : aeabi_memcpy.S.obj (.text.__aeabi_memcpy)
                  00000c5c    00000006     empty.o (.text.main)
                  00000c62    00000006     libc.a : exit.c.obj (.text:abort)
                  00000c68    00000004     libsysbm.a : hostexit.c.obj (.text.HOSTexit)
                  00000c6c    00000004     startup_mspm0g351x_ticlang.o (.text.Reset_Handler)
                  00000c70    00000004     libc.a : pre_init.c.obj (.text._system_pre_init)
                  00000c74    0000000c     --HOLE-- [fill = 0]

.cinit     0    00000cc8    00000030     
                  00000cc8    0000000c     (__TI_handler_table)
                  00000cd4    00000008     (.cinit..bss.load) [load image, compression = zero_init]
                  00000cdc    00000007     (.cinit..data.load) [load image, compression = lzss]
                  00000ce3    00000001     --HOLE-- [fill = 0]
                  00000ce4    00000010     (__TI_cinit_table)
                  00000cf4    00000004     --HOLE-- [fill = 0]

.rodata    0    00000c80    00000048     
                  00000c80    00000014     ti_msp_dl_config.o (.rodata.gTimer_SoundTimerConfig)
                  00000c94    00000014     ti_msp_dl_config.o (.rodata.gTimer_TrackTimerConfig)
                  00000ca8    00000008     ti_msp_dl_config.o (.rodata.gPWM_MotorConfig)
                  00000cb0    00000003     ti_msp_dl_config.o (.rodata.gPWM_MotorClockConfig)
                  00000cb3    00000003     ti_msp_dl_config.o (.rodata.gQEI_leftClockConfig)
                  00000cb6    00000003     ti_msp_dl_config.o (.rodata.gQEI_rightClockConfig)
                  00000cb9    00000003     ti_msp_dl_config.o (.rodata.gTimer_SoundClockConfig)
                  00000cbc    00000003     ti_msp_dl_config.o (.rodata.gTimer_TrackClockConfig)
                  00000cbf    00000002     ti_msp_dl_config.o (.rodata.gI2C_2ClockConfig)
                  00000cc1    00000007     --HOLE-- [fill = 0]

.init_array 
*          0    00000000    00000000     UNINITIALIZED

.binit     0    00000000    00000000     

.bss       0    20200000    00000218     UNINITIALIZED
                  20200000    000000bc     (.common:gPWM_MotorBackup)
                  202000bc    000000bc     (.common:gTimer_TrackBackup)
                  20200178    000000a0     (.common:gQEI_rightBackup)

.data      0    20200218    0000000c     UNINITIALIZED
                  20200218    00000004     ultrasound.o (.data.distance)
                  2020021c    00000004     ultrasound.o (.data.echo_fall_time)
                  20200220    00000004     ultrasound.o (.data.echo_rise_time)

.stack     0    2020ff00    00000100     UNINITIALIZED
                  2020ff00    00000004     libc.a : boot_cortex_m.c.obj (.stack)
                  2020ff04    000000fc     --HOLE--

__llvm_prf_cnts 
*          0    20200000    00000000     UNINITIALIZED

__llvm_prf_bits 
*          0    20200000    00000000     UNINITIALIZED

MODULE SUMMARY

       Module                         code   ro data   rw data
       ------                         ----   -------   -------
    .\
       ti_msp_dl_config.o             1028   65        536    
       startup_mspm0g351x_ticlang.o   6      192       0      
       empty.o                        6      0         0      
    +--+------------------------------+------+---------+---------+
       Total:                         1040   257       536    
                                                              
    .\my_drivers\Src\
       ultrasound.o                   148    0         12     
    +--+------------------------------+------+---------+---------+
       Total:                         148    0         12     
                                                              
    C:/ti/mspm0_sdk_2_06_00_05/source/ti/driverlib/lib/ticlang/m0p/mspm0gx51x/driverlib.a
       dl_timer.o                     608    0         0      
       dl_i2c.o                       38     0         0      
       dl_common.o                    10     0         0      
    +--+------------------------------+------+---------+---------+
       Total:                         656    0         0      
                                                              
    C:\ti\ccs2031\ccs\tools\compiler\ti-cgt-armllvm_4.0.4.LTS\lib\armv6m-ti-none-eabi/c/libc.a
       memcpy16.S.obj                 154    0         0      
       copy_decompress_lzss.c.obj     124    0         0      
       autoinit.c.obj                 60     0         0      
       boot_cortex_m.c.obj            40     0         0      
       copy_zero_init.c.obj           22     0         0      
       copy_decompress_none.c.obj     18     0         0      
       exit.c.obj                     6      0         0      
       pre_init.c.obj                 4      0         0      
    +--+------------------------------+------+---------+---------+
       Total:                         428    0         0      
                                                              
    C:\ti\ccs2031\ccs\tools\compiler\ti-cgt-armllvm_4.0.4.LTS\lib\armv6m-ti-none-eabi/c/libsysbm.a
       hostexit.c.obj                 4      0         0      
    +--+------------------------------+------+---------+---------+
       Total:                         4      0         0      
                                                              
    C:\ti\ccs2031\ccs\tools\compiler\ti-cgt-armllvm_4.0.4.LTS\lib\armv6m-ti-none-eabi/libclang_rt.builtins.a
       divdf3.S.obj                   268    0         0      
       muldf3.S.obj                   228    0         0      
       truncdfsf2.S.obj               116    0         0      
       muldsi3.S.obj                  58     0         0      
       floatunsidf.S.obj              36     0         0      
       aeabi_memcpy.S.obj             8      0         0      
    +--+------------------------------+------+---------+---------+
       Total:                         714    0         0      
                                                              
       Stack:                         0      0         256    
       Linker Generated:              0      43        0      
    +--+------------------------------+------+---------+---------+
       Grand Total:                   2990   300       804    


LINKER GENERATED COPY TABLES

__TI_cinit_table @ 00000ce4 records: 2, size/record: 8, table size: 16
	.bss: load addr=00000cd4, load size=00000008 bytes, run addr=20200000, run size=00000218 bytes, compression=zero_init
	.data: load addr=00000cdc, load size=00000007 bytes, run addr=20200218, run size=0000000c bytes, compression=lzss


LINKER GENERATED HANDLER TABLE

__TI_handler_table @ 00000cc8 records: 3, size/record: 4, table size: 12
	index: 0, handler: __TI_decompress_lzss
	index: 1, handler: __TI_decompress_none
	index: 2, handler: __TI_zero_init


GLOBAL SYMBOLS: SORTED ALPHABETICALLY BY Name 

address   name                            
-------   ----                            
00000703  ADC0_IRQHandler                 
00000703  ADC1_IRQHandler                 
00000703  AESADV_IRQHandler               
00000c68  C$$EXIT                         
00000703  CANFD0_IRQHandler               
00000703  CANFD1_IRQHandler               
00000703  DAC0_IRQHandler                 
00000c49  DL_Common_delayCycles           
00000b75  DL_I2C_setClockConfig           
000001cd  DL_Timer_initFourCCPWMMode      
000002d1  DL_Timer_initTimerMode          
00000bc1  DL_Timer_setCaptCompUpdateMethod
00000bf9  DL_Timer_setCaptureCompareOutCtl
00000c39  DL_Timer_setCaptureCompareValue 
00000bdd  DL_Timer_setClockConfig         
00000703  DMA_IRQHandler                  
00000703  Default_Handler                 
00000703  GROUP0_IRQHandler               
00000705  GROUP1_IRQHandler               
00000c69  HOSTexit                        
00000703  HardFault_Handler               
00000703  I2C0_IRQHandler                 
00000703  I2C1_IRQHandler                 
00000703  I2C2_IRQHandler                 
00000703  LFSS_IRQHandler                 
00000703  NMI_Handler                     
00000703  PendSV_Handler                  
00000c6d  Reset_Handler                   
00000703  SPI0_IRQHandler                 
00000703  SPI1_IRQHandler                 
00000703  SPI2_IRQHandler                 
00000703  SVC_Handler                     
000004b1  SYSCFG_DL_GPIO_init             
00000905  SYSCFG_DL_I2C_2_init            
00000591  SYSCFG_DL_PWM_Motor_init        
00000959  SYSCFG_DL_QEI_left_init         
000009a5  SYSCFG_DL_QEI_right_init        
00000a39  SYSCFG_DL_SYSCTL_init           
00000af5  SYSCFG_DL_Timer_Sound_init      
00000b21  SYSCFG_DL_Timer_Track_init      
000009f1  SYSCFG_DL_init                  
00000799  SYSCFG_DL_initPower             
00000703  SysTick_Handler                 
00000703  TIMA0_IRQHandler                
00000703  TIMA1_IRQHandler                
00000703  TIMG0_IRQHandler                
00000703  TIMG12_IRQHandler               
00000703  TIMG14_IRQHandler               
00000703  TIMG6_IRQHandler                
00000703  TIMG7_IRQHandler                
00000703  TIMG8_IRQHandler                
00000703  TIMG9_IRQHandler                
00000703  UART0_IRQHandler                
00000703  UART1_IRQHandler                
00000703  UART3_IRQHandler                
00000703  UART4_IRQHandler                
00000703  UART5_IRQHandler                
00000703  UART6_IRQHandler                
00000703  UART7_IRQHandler                
20210000  __STACK_END                     
00000100  __STACK_SIZE                    
00000000  __TI_ATRegion0_region_sz        
00000000  __TI_ATRegion0_src_addr         
00000000  __TI_ATRegion0_trg_addr         
00000000  __TI_ATRegion1_region_sz        
00000000  __TI_ATRegion1_src_addr         
00000000  __TI_ATRegion1_trg_addr         
00000000  __TI_ATRegion2_region_sz        
00000000  __TI_ATRegion2_src_addr         
00000000  __TI_ATRegion2_trg_addr         
00000ce4  __TI_CINIT_Base                 
00000cf4  __TI_CINIT_Limit                
00000cf4  __TI_CINIT_Warm                 
00000cc8  __TI_Handler_Table_Base         
00000cd4  __TI_Handler_Table_Limit        
00000a7d  __TI_auto_init_nobinit_nopinit  
00000815  __TI_decompress_lzss            
00000c27  __TI_decompress_none            
ffffffff  __TI_pprof_out_hndl             
ffffffff  __TI_prof_data_size             
ffffffff  __TI_prof_data_start            
00000000  __TI_static_base__              
00000c11  __TI_zero_init_nomemset         
00000891  __aeabi_d2f                     
000000c1  __aeabi_ddiv                    
000003cd  __aeabi_dmul                    
00000c55  __aeabi_memcpy                  
00000c55  __aeabi_memcpy4                 
00000c55  __aeabi_memcpy8                 
00000b9d  __aeabi_ui2d                    
ffffffff  __binit__                       
000000c1  __divdf3                        
00000b9d  __floatunsidf                   
UNDEFED   __mpu_init                      
000003cd  __muldf3                        
00000ab9  __muldsi3                       
2020ff00  __stack                         
20200000  __start___llvm_prf_bits         
20200000  __start___llvm_prf_cnts         
20200000  __stop___llvm_prf_bits          
20200000  __stop___llvm_prf_cnts          
00000891  __truncdfsf2                    
00000b4d  _c_int00_noargs                 
UNDEFED   _system_post_cinit              
00000c71  _system_pre_init                
00000c63  abort                           
ffffffff  binit                           
20200218  distance                        
2020021c  echo_fall_time                  
20200220  echo_rise_time                  
20200000  gPWM_MotorBackup                
20200178  gQEI_rightBackup                
202000bc  gTimer_TrackBackup              
00000000  interruptVectors                
00000c5d  main                            
00000669  memcpy                          


GLOBAL SYMBOLS: SORTED BY Symbol Address 

address   name                            
-------   ----                            
00000000  __TI_ATRegion0_region_sz        
00000000  __TI_ATRegion0_src_addr         
00000000  __TI_ATRegion0_trg_addr         
00000000  __TI_ATRegion1_region_sz        
00000000  __TI_ATRegion1_src_addr         
00000000  __TI_ATRegion1_trg_addr         
00000000  __TI_ATRegion2_region_sz        
00000000  __TI_ATRegion2_src_addr         
00000000  __TI_ATRegion2_trg_addr         
00000000  __TI_static_base__              
00000000  interruptVectors                
000000c1  __aeabi_ddiv                    
000000c1  __divdf3                        
00000100  __STACK_SIZE                    
000001cd  DL_Timer_initFourCCPWMMode      
000002d1  DL_Timer_initTimerMode          
000003cd  __aeabi_dmul                    
000003cd  __muldf3                        
000004b1  SYSCFG_DL_GPIO_init             
00000591  SYSCFG_DL_PWM_Motor_init        
00000669  memcpy                          
00000703  ADC0_IRQHandler                 
00000703  ADC1_IRQHandler                 
00000703  AESADV_IRQHandler               
00000703  CANFD0_IRQHandler               
00000703  CANFD1_IRQHandler               
00000703  DAC0_IRQHandler                 
00000703  DMA_IRQHandler                  
00000703  Default_Handler                 
00000703  GROUP0_IRQHandler               
00000703  HardFault_Handler               
00000703  I2C0_IRQHandler                 
00000703  I2C1_IRQHandler                 
00000703  I2C2_IRQHandler                 
00000703  LFSS_IRQHandler                 
00000703  NMI_Handler                     
00000703  PendSV_Handler                  
00000703  SPI0_IRQHandler                 
00000703  SPI1_IRQHandler                 
00000703  SPI2_IRQHandler                 
00000703  SVC_Handler                     
00000703  SysTick_Handler                 
00000703  TIMA0_IRQHandler                
00000703  TIMA1_IRQHandler                
00000703  TIMG0_IRQHandler                
00000703  TIMG12_IRQHandler               
00000703  TIMG14_IRQHandler               
00000703  TIMG6_IRQHandler                
00000703  TIMG7_IRQHandler                
00000703  TIMG8_IRQHandler                
00000703  TIMG9_IRQHandler                
00000703  UART0_IRQHandler                
00000703  UART1_IRQHandler                
00000703  UART3_IRQHandler                
00000703  UART4_IRQHandler                
00000703  UART5_IRQHandler                
00000703  UART6_IRQHandler                
00000703  UART7_IRQHandler                
00000705  GROUP1_IRQHandler               
00000799  SYSCFG_DL_initPower             
00000815  __TI_decompress_lzss            
00000891  __aeabi_d2f                     
00000891  __truncdfsf2                    
00000905  SYSCFG_DL_I2C_2_init            
00000959  SYSCFG_DL_QEI_left_init         
000009a5  SYSCFG_DL_QEI_right_init        
000009f1  SYSCFG_DL_init                  
00000a39  SYSCFG_DL_SYSCTL_init           
00000a7d  __TI_auto_init_nobinit_nopinit  
00000ab9  __muldsi3                       
00000af5  SYSCFG_DL_Timer_Sound_init      
00000b21  SYSCFG_DL_Timer_Track_init      
00000b4d  _c_int00_noargs                 
00000b75  DL_I2C_setClockConfig           
00000b9d  __aeabi_ui2d                    
00000b9d  __floatunsidf                   
00000bc1  DL_Timer_setCaptCompUpdateMethod
00000bdd  DL_Timer_setClockConfig         
00000bf9  DL_Timer_setCaptureCompareOutCtl
00000c11  __TI_zero_init_nomemset         
00000c27  __TI_decompress_none            
00000c39  DL_Timer_setCaptureCompareValue 
00000c49  DL_Common_delayCycles           
00000c55  __aeabi_memcpy                  
00000c55  __aeabi_memcpy4                 
00000c55  __aeabi_memcpy8                 
00000c5d  main                            
00000c63  abort                           
00000c68  C$$EXIT                         
00000c69  HOSTexit                        
00000c6d  Reset_Handler                   
00000c71  _system_pre_init                
00000cc8  __TI_Handler_Table_Base         
00000cd4  __TI_Handler_Table_Limit        
00000ce4  __TI_CINIT_Base                 
00000cf4  __TI_CINIT_Limit                
00000cf4  __TI_CINIT_Warm                 
20200000  __start___llvm_prf_bits         
20200000  __start___llvm_prf_cnts         
20200000  __stop___llvm_prf_bits          
20200000  __stop___llvm_prf_cnts          
20200000  gPWM_MotorBackup                
202000bc  gTimer_TrackBackup              
20200178  gQEI_rightBackup                
20200218  distance                        
2020021c  echo_fall_time                  
20200220  echo_rise_time                  
2020ff00  __stack                         
20210000  __STACK_END                     
ffffffff  __TI_pprof_out_hndl             
ffffffff  __TI_prof_data_size             
ffffffff  __TI_prof_data_start            
ffffffff  __binit__                       
ffffffff  binit                           
UNDEFED   __mpu_init                      
UNDEFED   _system_post_cinit              

[116 symbols]
