******************************************************************************
            TI ARM Clang Linker PC v4.0.4                      
******************************************************************************
>> Linked Sat Apr 25 21:02:11 2026

OUTPUT FILE NAME:   <empty_LP_MSPM0G3519_nortos_ticlang.out>
ENTRY POINT SYMBOL: "_c_int00_noargs"  address: 000012cd


MEMORY CONFIGURATION

         name            origin    length      used     unused   attr    fill
----------------------  --------  ---------  --------  --------  ----  --------
  FLASH                 00000000   00080000  000014b8  0007eb48  R  X
  SRAM_BANK0            20200000   00010000  00000360  0000fca0  RW X
  SRAM_BANK1            20210000   00010000  00000000  00010000  RW X
  BCR_CONFIG            41c00000   000000ff  00000000  000000ff  R   
  BSL_CONFIG            41c00100   00000080  00000000  00000080  R   
  DATA                  41d00000   00004000  00000000  00004000  R   


SEGMENT ALLOCATION MAP

run origin  load origin   length   init length attrs members
----------  ----------- ---------- ----------- ----- -------
00000000    00000000    000014b8   000014b8    r-x
  00000000    00000000    000000c0   000000c0    r-- .intvecs
  000000c0    000000c0    00001370   00001370    r-x .text
  00001430    00001430    00000050   00000050    r-- .rodata
  00001480    00001480    00000038   00000038    r-- .cinit
20200000    20200000    00000260   00000000    rw-
  20200000    20200000    00000218   00000000    rw- .bss
  20200218    20200218    00000048   00000000    rw- .data
2020ff00    2020ff00    00000100   00000000    rw-
  2020ff00    2020ff00    00000100   00000000    rw- .stack


SECTION ALLOCATION MAP

 output                                  attributes/
section   page    origin      length       input sections
--------  ----  ----------  ----------   ----------------
.intvecs   0    00000000    000000c0     
                  00000000    000000c0     startup_mspm0g351x_ticlang.o (.intvecs)

.text      0    000000c0    00001370     
                  000000c0    000001c8     graysensor.o (.text.Graysensor_GetPosition)
                  00000288    0000010c     libclang_rt.builtins.a : divdf3.S.obj (.text.__divdf3)
                  00000394    00000104     driverlib.a : dl_timer.o (.text.DL_Timer_initFourCCPWMMode)
                  00000498    000000fc                 : dl_timer.o (.text.DL_Timer_initTimerMode)
                  00000594    000000e8     ti_msp_dl_config.o (.text.SYSCFG_DL_GPIO_init)
                  0000067c    000000e4     libclang_rt.builtins.a : muldf3.S.obj (.text.__muldf3)
                  00000760    000000dc     Track.o (.text.Track_go)
                  0000083c    000000d8     ti_msp_dl_config.o (.text.SYSCFG_DL_PWM_Motor_init)
                  00000914    000000d8     libclang_rt.builtins.a : addsf3.S.obj (.text)
                  000009ec    0000009a     libc.a : memcpy16.S.obj (.text:memcpy)
                  00000a86    00000002     startup_mspm0g351x_ticlang.o (.text.Default_Handler)
                  00000a88    00000094     ultrasound.o (.text.GROUP1_IRQHandler)
                  00000b1c    0000008c     libclang_rt.builtins.a : mulsf3.S.obj (.text.__mulsf3)
                  00000ba8    00000088     ti_msp_dl_config.o (.text.SYSCFG_DL_initPower)
                  00000c30    00000082     libclang_rt.builtins.a : divsf3.S.obj (.text.__divsf3)
                  00000cb2    00000002     --HOLE-- [fill = 0]
                  00000cb4    00000080     motor.o (.text.Motor_setSpeed)
                  00000d34    0000007c     libc.a : copy_decompress_lzss.c.obj (.text:decompress:lzss)
                  00000db0    00000074     libclang_rt.builtins.a : truncdfsf2.S.obj (.text.__truncdfsf2)
                  00000e24    00000070     ti_msp_dl_config.o (.text.SYSCFG_DL_UART_BT_init)
                  00000e94    00000062     libclang_rt.builtins.a : aeabi_fcmp.S.obj (.text.__aeabi_fcmp)
                  00000ef6    00000002     --HOLE-- [fill = 0]
                  00000ef8    00000054     ti_msp_dl_config.o (.text.SYSCFG_DL_I2C_2_init)
                  00000f4c    00000050     ti_msp_dl_config.o (.text.SYSCFG_DL_Timer_Track_init)
                  00000f9c    0000004c     ti_msp_dl_config.o (.text.SYSCFG_DL_QEI_left_init)
                  00000fe8    0000004c     ti_msp_dl_config.o (.text.SYSCFG_DL_QEI_right_init)
                  00001034    0000004c     ti_msp_dl_config.o (.text.SYSCFG_DL_init)
                  00001080    00000048     driverlib.a : dl_uart.o (.text.DL_UART_init)
                  000010c8    00000044     ti_msp_dl_config.o (.text.SYSCFG_DL_SYSCTL_init)
                  0000110c    0000003c     libclang_rt.builtins.a : floatsisf.S.obj (.text.__floatsisf)
                  00001148    0000003c                            : comparesf2.S.obj (.text.__gtsf2)
                  00001184    0000003c     libc.a : autoinit.c.obj (.text:__TI_auto_init_nobinit_nopinit)
                  000011c0    0000003a     libclang_rt.builtins.a : comparesf2.S.obj (.text.__eqsf2)
                  000011fa    00000002     --HOLE-- [fill = 0]
                  000011fc    0000003a                            : muldsi3.S.obj (.text.__muldsi3)
                  00001236    00000002     --HOLE-- [fill = 0]
                  00001238    00000038                            : fixsfsi.S.obj (.text.__fixsfsi)
                  00001270    00000030     Track.o (.text.TIMA1_IRQHandler)
                  000012a0    0000002c     ti_msp_dl_config.o (.text.SYSCFG_DL_Timer_Sound_init)
                  000012cc    00000028     libc.a : boot_cortex_m.c.obj (.text:_c_int00_noargs)
                  000012f4    00000026     driverlib.a : dl_i2c.o (.text.DL_I2C_setClockConfig)
                  0000131a    00000002     --HOLE-- [fill = 0]
                  0000131c    00000024     libclang_rt.builtins.a : floatunsidf.S.obj (.text.__floatunsidf)
                  00001340    0000001c     driverlib.a : dl_timer.o (.text.DL_Timer_setCaptCompUpdateMethod)
                  0000135c    0000001c                 : dl_timer.o (.text.DL_Timer_setClockConfig)
                  00001378    0000001c     ultrasound.o (.text.Ustrasound_sendtrig)
                  00001394    00000018     driverlib.a : dl_timer.o (.text.DL_Timer_setCaptureCompareOutCtl)
                  000013ac    00000016     libc.a : copy_zero_init.c.obj (.text:decompress:ZI:__TI_zero_init_nomemset)
                  000013c2    00000012     driverlib.a : dl_uart.o (.text.DL_UART_setClockConfig)
                  000013d4    00000012     libc.a : copy_decompress_none.c.obj (.text:decompress:none)
                  000013e6    00000002     --HOLE-- [fill = 0]
                  000013e8    00000010     driverlib.a : dl_timer.o (.text.DL_Timer_setCaptureCompareValue)
                  000013f8    0000000a                 : dl_common.o (.text.DL_Common_delayCycles)
                  00001402    00000002     --HOLE-- [fill = 0]
                  00001404    00000008     libclang_rt.builtins.a : aeabi_memcpy.S.obj (.text.__aeabi_memcpy)
                  0000140c    00000006     empty.o (.text.main)
                  00001412    00000006     libc.a : exit.c.obj (.text:abort)
                  00001418    00000004     libsysbm.a : hostexit.c.obj (.text.HOSTexit)
                  0000141c    00000004     startup_mspm0g351x_ticlang.o (.text.Reset_Handler)
                  00001420    00000004     libc.a : pre_init.c.obj (.text._system_pre_init)
                  00001424    0000000c     --HOLE-- [fill = 0]

.cinit     0    00001480    00000038     
                  00001480    00000013     (.cinit..data.load) [load image, compression = lzss]
                  00001493    00000001     --HOLE-- [fill = 0]
                  00001494    0000000c     (__TI_handler_table)
                  000014a0    00000008     (.cinit..bss.load) [load image, compression = zero_init]
                  000014a8    00000010     (__TI_cinit_table)

.rodata    0    00001430    00000050     
                  00001430    00000014     ti_msp_dl_config.o (.rodata.gTimer_SoundTimerConfig)
                  00001444    00000014     ti_msp_dl_config.o (.rodata.gTimer_TrackTimerConfig)
                  00001458    0000000a     ti_msp_dl_config.o (.rodata.gUART_BTConfig)
                  00001462    00000002     ti_msp_dl_config.o (.rodata.gI2C_2ClockConfig)
                  00001464    00000008     ti_msp_dl_config.o (.rodata.gPWM_MotorConfig)
                  0000146c    00000003     ti_msp_dl_config.o (.rodata.gPWM_MotorClockConfig)
                  0000146f    00000003     ti_msp_dl_config.o (.rodata.gQEI_leftClockConfig)
                  00001472    00000003     ti_msp_dl_config.o (.rodata.gQEI_rightClockConfig)
                  00001475    00000003     ti_msp_dl_config.o (.rodata.gTimer_SoundClockConfig)
                  00001478    00000003     ti_msp_dl_config.o (.rodata.gTimer_TrackClockConfig)
                  0000147b    00000002     ti_msp_dl_config.o (.rodata.gUART_BTClockConfig)
                  0000147d    00000003     --HOLE-- [fill = 0]

.init_array 
*          0    00000000    00000000     UNINITIALIZED

.binit     0    00000000    00000000     

.bss       0    20200000    00000218     UNINITIALIZED
                  20200000    000000bc     (.common:gPWM_MotorBackup)
                  202000bc    000000bc     (.common:gTimer_TrackBackup)
                  20200178    000000a0     (.common:gQEI_rightBackup)

.data      0    20200218    00000048     UNINITIALIZED
                  20200218    00000007     graysensor.o (.data.Track_currentdata)
                  2020021f    00000007     graysensor.o (.data.Track_lastdata)
                  20200226    00000002     --HOLE--
                  20200228    00000004     Track.o (.data.I1)
                  2020022c    00000004     Track.o (.data.KI1)
                  20200230    00000004     Track.o (.data.KP0)
                  20200234    00000004     Track.o (.data.KP1)
                  20200238    00000004     Track.o (.data.P0)
                  2020023c    00000004     Track.o (.data.P1)
                  20200240    00000004     Track.o (.data.Speedbase)
                  20200244    00000004     Track.o (.data.Speedvary)
                  20200248    00000004     Track.o (.data.count)
                  2020024c    00000004     ultrasound.o (.data.distance)
                  20200250    00000004     Track.o (.data.distance_error)
                  20200254    00000004     ultrasound.o (.data.echo_fall_time)
                  20200258    00000004     ultrasound.o (.data.echo_rise_time)
                  2020025c    00000004     Track.o (.data.position)

.stack     0    2020ff00    00000100     UNINITIALIZED
                  2020ff00    00000004     libc.a : boot_cortex_m.c.obj (.stack)
                  2020ff04    000000fc     --HOLE--

__llvm_prf_cnts 
*          0    20200000    00000000     UNINITIALIZED

__llvm_prf_bits 
*          0    20200000    00000000     UNINITIALIZED

MODULE SUMMARY

       Module                         code   ro data   rw data
       ------                         ----   -------   -------
    .\
       ti_msp_dl_config.o             1200   77        536    
       startup_mspm0g351x_ticlang.o   6      192       0      
       empty.o                        6      0         0      
    +--+------------------------------+------+---------+---------+
       Total:                         1212   269       536    
                                                              
    .\my_drivers\Src\
       graysensor.o                   456    0         14     
       Track.o                        268    0         44     
       ultrasound.o                   176    0         12     
       motor.o                        128    0         0      
    +--+------------------------------+------+---------+---------+
       Total:                         1028   0         70     
                                                              
    C:/ti/mspm0_sdk_2_06_00_05/source/ti/driverlib/lib/ticlang/m0p/mspm0gx51x/driverlib.a
       dl_timer.o                     608    0         0      
       dl_uart.o                      90     0         0      
       dl_i2c.o                       38     0         0      
       dl_common.o                    10     0         0      
    +--+------------------------------+------+---------+---------+
       Total:                         746    0         0      
                                                              
    C:\ti\ccs2031\ccs\tools\compiler\ti-cgt-armllvm_4.0.4.LTS\lib\armv6m-ti-none-eabi/c/libc.a
       memcpy16.S.obj                 154    0         0      
       copy_decompress_lzss.c.obj     124    0         0      
       autoinit.c.obj                 60     0         0      
       boot_cortex_m.c.obj            40     0         0      
       copy_zero_init.c.obj           22     0         0      
       copy_decompress_none.c.obj     18     0         0      
       exit.c.obj                     6      0         0      
       pre_init.c.obj                 4      0         0      
    +--+------------------------------+------+---------+---------+
       Total:                         428    0         0      
                                                              
    C:\ti\ccs2031\ccs\tools\compiler\ti-cgt-armllvm_4.0.4.LTS\lib\armv6m-ti-none-eabi/c/libsysbm.a
       hostexit.c.obj                 4      0         0      
    +--+------------------------------+------+---------+---------+
       Total:                         4      0         0      
                                                              
    C:\ti\ccs2031\ccs\tools\compiler\ti-cgt-armllvm_4.0.4.LTS\lib\armv6m-ti-none-eabi/libclang_rt.builtins.a
       divdf3.S.obj                   268    0         0      
       muldf3.S.obj                   228    0         0      
       addsf3.S.obj                   216    0         0      
       mulsf3.S.obj                   140    0         0      
       divsf3.S.obj                   130    0         0      
       comparesf2.S.obj               118    0         0      
       truncdfsf2.S.obj               116    0         0      
       aeabi_fcmp.S.obj               98     0         0      
       floatsisf.S.obj                60     0         0      
       muldsi3.S.obj                  58     0         0      
       fixsfsi.S.obj                  56     0         0      
       floatunsidf.S.obj              36     0         0      
       aeabi_memcpy.S.obj             8      0         0      
    +--+------------------------------+------+---------+---------+
       Total:                         1532   0         0      
                                                              
       Stack:                         0      0         256    
       Linker Generated:              0      55        0      
    +--+------------------------------+------+---------+---------+
       Grand Total:                   4950   324       862    


LINKER GENERATED COPY TABLES

__TI_cinit_table @ 000014a8 records: 2, size/record: 8, table size: 16
	.data: load addr=00001480, load size=00000013 bytes, run addr=20200218, run size=00000048 bytes, compression=lzss
	.bss: load addr=000014a0, load size=00000008 bytes, run addr=20200000, run size=00000218 bytes, compression=zero_init


LINKER GENERATED HANDLER TABLE

__TI_handler_table @ 00001494 records: 3, size/record: 4, table size: 12
	index: 0, handler: __TI_decompress_lzss
	index: 1, handler: __TI_decompress_none
	index: 2, handler: __TI_zero_init


GLOBAL SYMBOLS: SORTED ALPHABETICALLY BY Name 

address   name                            
-------   ----                            
00000a87  ADC0_IRQHandler                 
00000a87  ADC1_IRQHandler                 
00000a87  AESADV_IRQHandler               
00001418  C$$EXIT                         
00000a87  CANFD0_IRQHandler               
00000a87  CANFD1_IRQHandler               
00000a87  DAC0_IRQHandler                 
000013f9  DL_Common_delayCycles           
000012f5  DL_I2C_setClockConfig           
00000395  DL_Timer_initFourCCPWMMode      
00000499  DL_Timer_initTimerMode          
00001341  DL_Timer_setCaptCompUpdateMethod
00001395  DL_Timer_setCaptureCompareOutCtl
000013e9  DL_Timer_setCaptureCompareValue 
0000135d  DL_Timer_setClockConfig         
00001081  DL_UART_init                    
000013c3  DL_UART_setClockConfig          
00000a87  DMA_IRQHandler                  
00000a87  Default_Handler                 
00000a87  GROUP0_IRQHandler               
00000a89  GROUP1_IRQHandler               
000000c1  Graysensor_GetPosition          
00001419  HOSTexit                        
00000a87  HardFault_Handler               
20200228  I1                              
00000a87  I2C0_IRQHandler                 
00000a87  I2C1_IRQHandler                 
00000a87  I2C2_IRQHandler                 
2020022c  KI1                             
20200230  KP0                             
20200234  KP1                             
00000a87  LFSS_IRQHandler                 
00000cb5  Motor_setSpeed                  
00000a87  NMI_Handler                     
20200238  P0                              
2020023c  P1                              
00000a87  PendSV_Handler                  
0000141d  Reset_Handler                   
00000a87  SPI0_IRQHandler                 
00000a87  SPI1_IRQHandler                 
00000a87  SPI2_IRQHandler                 
00000a87  SVC_Handler                     
00000595  SYSCFG_DL_GPIO_init             
00000ef9  SYSCFG_DL_I2C_2_init            
0000083d  SYSCFG_DL_PWM_Motor_init        
00000f9d  SYSCFG_DL_QEI_left_init         
00000fe9  SYSCFG_DL_QEI_right_init        
000010c9  SYSCFG_DL_SYSCTL_init           
000012a1  SYSCFG_DL_Timer_Sound_init      
00000f4d  SYSCFG_DL_Timer_Track_init      
00000e25  SYSCFG_DL_UART_BT_init          
00001035  SYSCFG_DL_init                  
00000ba9  SYSCFG_DL_initPower             
20200240  Speedbase                       
20200244  Speedvary                       
00000a87  SysTick_Handler                 
00000a87  TIMA0_IRQHandler                
00001271  TIMA1_IRQHandler                
00000a87  TIMG0_IRQHandler                
00000a87  TIMG12_IRQHandler               
00000a87  TIMG14_IRQHandler               
00000a87  TIMG6_IRQHandler                
00000a87  TIMG7_IRQHandler                
00000a87  TIMG8_IRQHandler                
00000a87  TIMG9_IRQHandler                
20200218  Track_currentdata               
00000761  Track_go                        
2020021f  Track_lastdata                  
00000a87  UART0_IRQHandler                
00000a87  UART1_IRQHandler                
00000a87  UART3_IRQHandler                
00000a87  UART4_IRQHandler                
00000a87  UART5_IRQHandler                
00000a87  UART6_IRQHandler                
00000a87  UART7_IRQHandler                
00001379  Ustrasound_sendtrig             
20210000  __STACK_END                     
00000100  __STACK_SIZE                    
00000000  __TI_ATRegion0_region_sz        
00000000  __TI_ATRegion0_src_addr         
00000000  __TI_ATRegion0_trg_addr         
00000000  __TI_ATRegion1_region_sz        
00000000  __TI_ATRegion1_src_addr         
00000000  __TI_ATRegion1_trg_addr         
00000000  __TI_ATRegion2_region_sz        
00000000  __TI_ATRegion2_src_addr         
00000000  __TI_ATRegion2_trg_addr         
000014a8  __TI_CINIT_Base                 
000014b8  __TI_CINIT_Limit                
000014b8  __TI_CINIT_Warm                 
00001494  __TI_Handler_Table_Base         
000014a0  __TI_Handler_Table_Limit        
00001185  __TI_auto_init_nobinit_nopinit  
00000d35  __TI_decompress_lzss            
000013d5  __TI_decompress_none            
ffffffff  __TI_pprof_out_hndl             
ffffffff  __TI_prof_data_size             
ffffffff  __TI_prof_data_start            
00000000  __TI_static_base__              
000013ad  __TI_zero_init_nomemset         
0000091f  __addsf3                        
00000db1  __aeabi_d2f                     
00000289  __aeabi_ddiv                    
0000067d  __aeabi_dmul                    
00001239  __aeabi_f2iz                    
0000091f  __aeabi_fadd                    
00000e95  __aeabi_fcmpeq                  
00000ed1  __aeabi_fcmpge                  
00000ee5  __aeabi_fcmpgt                  
00000ebd  __aeabi_fcmple                  
00000ea9  __aeabi_fcmplt                  
00000c31  __aeabi_fdiv                    
00000b1d  __aeabi_fmul                    
00000915  __aeabi_fsub                    
0000110d  __aeabi_i2f                     
00001405  __aeabi_memcpy                  
00001405  __aeabi_memcpy4                 
00001405  __aeabi_memcpy8                 
0000131d  __aeabi_ui2d                    
ffffffff  __binit__                       
000011c1  __cmpsf2                        
00000289  __divdf3                        
00000c31  __divsf3                        
000011c1  __eqsf2                         
00001239  __fixsfsi                       
0000110d  __floatsisf                     
0000131d  __floatunsidf                   
00001149  __gesf2                         
00001149  __gtsf2                         
000011c1  __lesf2                         
000011c1  __ltsf2                         
UNDEFED   __mpu_init                      
0000067d  __muldf3                        
000011fd  __muldsi3                       
00000b1d  __mulsf3                        
000011c1  __nesf2                         
2020ff00  __stack                         
20200000  __start___llvm_prf_bits         
20200000  __start___llvm_prf_cnts         
20200000  __stop___llvm_prf_bits          
20200000  __stop___llvm_prf_cnts          
00000915  __subsf3                        
00000db1  __truncdfsf2                    
000012cd  _c_int00_noargs                 
UNDEFED   _system_post_cinit              
00001421  _system_pre_init                
00001413  abort                           
ffffffff  binit                           
20200248  count                           
2020024c  distance                        
20200250  distance_error                  
20200254  echo_fall_time                  
20200258  echo_rise_time                  
20200000  gPWM_MotorBackup                
20200178  gQEI_rightBackup                
202000bc  gTimer_TrackBackup              
00000000  interruptVectors                
0000140d  main                            
000009ed  memcpy                          
2020025c  position                        


GLOBAL SYMBOLS: SORTED BY Symbol Address 

address   name                            
-------   ----                            
00000000  __TI_ATRegion0_region_sz        
00000000  __TI_ATRegion0_src_addr         
00000000  __TI_ATRegion0_trg_addr         
00000000  __TI_ATRegion1_region_sz        
00000000  __TI_ATRegion1_src_addr         
00000000  __TI_ATRegion1_trg_addr         
00000000  __TI_ATRegion2_region_sz        
00000000  __TI_ATRegion2_src_addr         
00000000  __TI_ATRegion2_trg_addr         
00000000  __TI_static_base__              
00000000  interruptVectors                
000000c1  Graysensor_GetPosition          
00000100  __STACK_SIZE                    
00000289  __aeabi_ddiv                    
00000289  __divdf3                        
00000395  DL_Timer_initFourCCPWMMode      
00000499  DL_Timer_initTimerMode          
00000595  SYSCFG_DL_GPIO_init             
0000067d  __aeabi_dmul                    
0000067d  __muldf3                        
00000761  Track_go                        
0000083d  SYSCFG_DL_PWM_Motor_init        
00000915  __aeabi_fsub                    
00000915  __subsf3                        
0000091f  __addsf3                        
0000091f  __aeabi_fadd                    
000009ed  memcpy                          
00000a87  ADC0_IRQHandler                 
00000a87  ADC1_IRQHandler                 
00000a87  AESADV_IRQHandler               
00000a87  CANFD0_IRQHandler               
00000a87  CANFD1_IRQHandler               
00000a87  DAC0_IRQHandler                 
00000a87  DMA_IRQHandler                  
00000a87  Default_Handler                 
00000a87  GROUP0_IRQHandler               
00000a87  HardFault_Handler               
00000a87  I2C0_IRQHandler                 
00000a87  I2C1_IRQHandler                 
00000a87  I2C2_IRQHandler                 
00000a87  LFSS_IRQHandler                 
00000a87  NMI_Handler                     
00000a87  PendSV_Handler                  
00000a87  SPI0_IRQHandler                 
00000a87  SPI1_IRQHandler                 
00000a87  SPI2_IRQHandler                 
00000a87  SVC_Handler                     
00000a87  SysTick_Handler                 
00000a87  TIMA0_IRQHandler                
00000a87  TIMG0_IRQHandler                
00000a87  TIMG12_IRQHandler               
00000a87  TIMG14_IRQHandler               
00000a87  TIMG6_IRQHandler                
00000a87  TIMG7_IRQHandler                
00000a87  TIMG8_IRQHandler                
00000a87  TIMG9_IRQHandler                
00000a87  UART0_IRQHandler                
00000a87  UART1_IRQHandler                
00000a87  UART3_IRQHandler                
00000a87  UART4_IRQHandler                
00000a87  UART5_IRQHandler                
00000a87  UART6_IRQHandler                
00000a87  UART7_IRQHandler                
00000a89  GROUP1_IRQHandler               
00000b1d  __aeabi_fmul                    
00000b1d  __mulsf3                        
00000ba9  SYSCFG_DL_initPower             
00000c31  __aeabi_fdiv                    
00000c31  __divsf3                        
00000cb5  Motor_setSpeed                  
00000d35  __TI_decompress_lzss            
00000db1  __aeabi_d2f                     
00000db1  __truncdfsf2                    
00000e25  SYSCFG_DL_UART_BT_init          
00000e95  __aeabi_fcmpeq                  
00000ea9  __aeabi_fcmplt                  
00000ebd  __aeabi_fcmple                  
00000ed1  __aeabi_fcmpge                  
00000ee5  __aeabi_fcmpgt                  
00000ef9  SYSCFG_DL_I2C_2_init            
00000f4d  SYSCFG_DL_Timer_Track_init      
00000f9d  SYSCFG_DL_QEI_left_init         
00000fe9  SYSCFG_DL_QEI_right_init        
00001035  SYSCFG_DL_init                  
00001081  DL_UART_init                    
000010c9  SYSCFG_DL_SYSCTL_init           
0000110d  __aeabi_i2f                     
0000110d  __floatsisf                     
00001149  __gesf2                         
00001149  __gtsf2                         
00001185  __TI_auto_init_nobinit_nopinit  
000011c1  __cmpsf2                        
000011c1  __eqsf2                         
000011c1  __lesf2                         
000011c1  __ltsf2                         
000011c1  __nesf2                         
000011fd  __muldsi3                       
00001239  __aeabi_f2iz                    
00001239  __fixsfsi                       
00001271  TIMA1_IRQHandler                
000012a1  SYSCFG_DL_Timer_Sound_init      
000012cd  _c_int00_noargs                 
000012f5  DL_I2C_setClockConfig           
0000131d  __aeabi_ui2d                    
0000131d  __floatunsidf                   
00001341  DL_Timer_setCaptCompUpdateMethod
0000135d  DL_Timer_setClockConfig         
00001379  Ustrasound_sendtrig             
00001395  DL_Timer_setCaptureCompareOutCtl
000013ad  __TI_zero_init_nomemset         
000013c3  DL_UART_setClockConfig          
000013d5  __TI_decompress_none            
000013e9  DL_Timer_setCaptureCompareValue 
000013f9  DL_Common_delayCycles           
00001405  __aeabi_memcpy                  
00001405  __aeabi_memcpy4                 
00001405  __aeabi_memcpy8                 
0000140d  main                            
00001413  abort                           
00001418  C$$EXIT                         
00001419  HOSTexit                        
0000141d  Reset_Handler                   
00001421  _system_pre_init                
00001494  __TI_Handler_Table_Base         
000014a0  __TI_Handler_Table_Limit        
000014a8  __TI_CINIT_Base                 
000014b8  __TI_CINIT_Limit                
000014b8  __TI_CINIT_Warm                 
20200000  __start___llvm_prf_bits         
20200000  __start___llvm_prf_cnts         
20200000  __stop___llvm_prf_bits          
20200000  __stop___llvm_prf_cnts          
20200000  gPWM_MotorBackup                
202000bc  gTimer_TrackBackup              
20200178  gQEI_rightBackup                
20200218  Track_currentdata               
2020021f  Track_lastdata                  
20200228  I1                              
2020022c  KI1                             
20200230  KP0                             
20200234  KP1                             
20200238  P0                              
2020023c  P1                              
20200240  Speedbase                       
20200244  Speedvary                       
20200248  count                           
2020024c  distance                        
20200250  distance_error                  
20200254  echo_fall_time                  
20200258  echo_rise_time                  
2020025c  position                        
2020ff00  __stack                         
20210000  __STACK_END                     
ffffffff  __TI_pprof_out_hndl             
ffffffff  __TI_prof_data_size             
ffffffff  __TI_prof_data_start            
ffffffff  __binit__                       
ffffffff  binit                           
UNDEFED   __mpu_init                      
UNDEFED   _system_post_cinit              

[160 symbols]
